Microchip MPLAB XC8 Compiler V2.46

Linker command line:

-W-3 \
  --edf=C:\Program Files\Microchip\xc8\v2.46\pic\dat\20240104201356_en.msgs \
  -cn -h+dist/default/production\BlinkNVevent.production.sym \
  --cmf=dist/default/production\BlinkNVevent.production.cmf -z -Q18F26K80 \
  -oC:\Users\ianwh\AppData\Local\Temp\xcAsg40.\driver_tmp_3.o \
  --defsym=__MPLAB_BUILD=1 --fixupoverflow=error \
  -Mdist/default/production/BlinkNVevent.production.map \
  --md=C:\Users\ianwh\AppData\Local\Temp\xcAsg40.\driver_tmp_0.dat -E1 \
  -ver=XC8 Compiler --acfsm=1493 -p_name_text=848h -ACODE=00h-0FFFFh \
  -ACONST=00h-0FFFFh -ASMALLCONST=0F00h-0FFFhx241 \
  -AMEDIUMCONST=0F00h-0FFFFh -ACOMRAM=01h-05Fh -AABS1=00h-0E40h \
  -ABIGRAM=01h-0E40h -ARAM=060h-0FFh,0100h-01FFhx13,0E00h-0E40h \
  -ABANK0=060h-0FFh -ABANK1=0100h-01FFh -ABANK2=0200h-02FFh \
  -ABANK3=0300h-03FFh -ABANK4=0400h-04FFh -ABANK5=0500h-05FFh \
  -ABANK6=0600h-06FFh -ABANK7=0700h-07FFh -ABANK8=0800h-08FFh \
  -ABANK9=0900h-09FFh -ABANK10=0A00h-0AFFh -ABANK11=0B00h-0BFFh \
  -ABANK12=0C00h-0CFFh -ABANK13=0D00h-0DFFh -ABANK14=0E00h-0E40h \
  -ASFR=0E41h-0EFFh,0F00h-0F5Fh,0F60h-0FFFh -ABIGSFR=0E41h-0FFFh \
  -ACONFIG=0300000h-030000Dh -AIDLOC=0200000h-0200007h \
  -AEEDATA=0F00000h-0F003FFh -peeprom_data=EEDATA \
  -preset_vec=00h,intcode=8h,intcodelo=18h,powerup,init -pramtop=0F00h \
  -psmallconst=SMALLCONST -pmediumconst=MEDIUMCONST -pconst=CONST \
  -AFARRAM=00h-00h \
  -prdata=COMRAM,nvrram=COMRAM,nvbit=COMRAM,rbss=COMRAM,rbit=COMRAM \
  -pfarbss=FARRAM,fardata=FARRAM,nvFARRAM=FARRAM \
  -pintsave_regs=BIGRAM,bigbss=BIGRAM,bigdata=BIGRAM -pbss=RAM \
  -pidata=CODE,irdata=CODE,ibigdata=CODE,ifardata=CODE -prparam=COMRAM \
  C:\Users\ianwh\AppData\Local\Temp\xcAsg40.\driver_tmp_9.o \
  dist/default/production\BlinkNVevent.production.o 

Object code version is 3.11

Machine type is 18F26K80



                Name                               Link     Load   Length Selector   Space Scale
C:\Users\ianwh\AppData\Local\Temp\xcAsg40.\driver_tmp_9.o
                config                           300000   300000        E        0       4
                init                                 1C       1C        4        C       0
                reset_vec                             0        0        4        0       0
dist/default/production\BlinkNVevent.production.o
                intcodelo                            18       18        4        C       0
                intcode                               8        8        4        4       0
                config                           300000   300000        E        0       4
                temp                                 4A       4A        1        1       1
                mediumconst                        FE50     FE50      1B0     7F28       0
                text145                            80D4     80D4        2      424       0
                text144                            646E     646E       BA      424       0
                text143                            5506     5506       F8      424       0
                text142                            807E     807E       14      424       0
                text141                            4286     4286      1AC      424       0
                text140                            6238     6238       BE      424       0
                text139                            6DE2     6DE2       7A      424       0
                text138                            45D6     45D6      17E      424       0
                text137                            712C     712C       78      424       0
                text136                            74AA     74AA       66      424       0
                text135                            7C1A     7C1A       3C      424       0
                text134                            57D8     57D8       EA      424       0
                text132                            80D2     80D2        2      424       0
                text131                            540C     540C       FA      424       0
                text130                            617A     617A       BE      424       0
                text129                            806A     806A       14      424       0
                text128                            40D6     40D6      1B0      424       0
                text127                            5F3E     5F3E       C0      424       0
                text126                            70B4     70B4       78      424       0
                text125                            4432     4432      1A4      424       0
                text124                            703C     703C       78      424       0
                text123                            7442     7442       68      424       0
                text122                            7F28     7F28       28      424       0
                text121                            7A08     7A08       46      424       0
                text120                            55FE     55FE       EE      424       0
                mainSec                            56EC     56EC       EC      424       0
                text118                            80D0     80D0        2      424       0
                text117                            80CE     80CE        2      424       0
                text116                            7CFA     7CFA       32      424       0
                text115                            8056     8056       14      424       0
                text114                            6904     6904       94      424       0
                text113                            80C8     80C8        4      424       0
                text112                            73D8     73D8       6A      424       0
                text111                            60BC     60BC       BE      424       0
                text110                            77E8     77E8       54      424       0
                text109                            5212     5212       FE      424       0
                text108                            75D4     75D4       5E      424       0
                text107                            7FC2     7FC2       26      424       0
                text106                            4C9A     4C9A      140      424       0
                text105                            7FE8     7FE8       22      424       0
                text104                            80B6     80B6        6      424       0
                text103                            800A     800A       1E      424       0
                text102                            721A     721A       76      424       0
                text101                            79C2     79C2       46      424       0
                text100                            510E     510E      104      424       0
                text99                             668E     668E       A6      424       0
                text98                             7302     7302       6C      424       0
                text97                             5DB8     5DB8       C6      424       0
                text96                             6FC4     6FC4       78      424       0
                text95                             3140     3140      3A2      424       0
                text94                             5C2A     5C2A       C8      424       0
                text93                             5B62     5B62       C8      424       0
                text92                             4A14     4A14      146      424       0
                text91                             63B2     63B2       BC      424       0
                text90                             8042     8042       14      424       0
                text89                             394A     394A      21C      424       0
                text88                             788E     788E       52      424       0
                text87                             62F6     62F6       BC      424       0
                text86                             80C4     80C4        4      424       0
                text85                             80C0     80C0        4      424       0
                text84                             2D9E     2D9E      3A2      424       0
                text83                             7BA0     7BA0       3E      424       0
                text82                             3B66     3B66      1E4      424       0
                text81                             6870     6870       94      424       0
                text80                             7ECE     7ECE       2E      424       0
                text79                             5FFE     5FFE       BE      424       0
                text78                             48CA     48CA      14A      424       0
                text77                             783C     783C       52      424       0
                text76                             5E7E     5E7E       C0      424       0
                text75                             6F4C     6F4C       78      424       0
                text74                             3F26     3F26      1B0      424       0
                text73                             3728     3728      222      424       0
                text72                             7F9C     7F9C       26      424       0
                text71                             76E8     76E8       58      424       0
                text70                             71A4     71A4       76      424       0
                text69                             6D68     6D68       7A      424       0
                text68                             5A84     5A84       DE      424       0
                text67                             7290     7290       72      424       0
                text66                             7EA0     7EA0       2E      424       0
                text65                             7BDE     7BDE       3C      424       0
                text64                             29FC     29FC      3A2      424       0
                text63                             6A2A     6A2A       92      424       0
                text62                             6998     6998       92      424       0
                text61                             6CE8     6CE8       80      424       0
                text60                             4DDA     4DDA      124      424       0
                text59                             7E72     7E72       2E      424       0
                text58                             7E44     7E44       2E      424       0
                text57                             7E16     7E16       2E      424       0
                text56                             7DE8     7DE8       2E      424       0
                text55                             7572     7572       62      424       0
                text54                             7B1A     7B1A       44      424       0
                text53                             7930     7930       4C      424       0
                text52                             7AD6     7AD6       44      424       0
                text51                             7A92     7A92       44      424       0
                text50                             7A4E     7A4E       44      424       0
                text49                             7DBA     7DBA       2E      424       0
                text48                             7F76     7F76       26      424       0
                text47                             7F50     7F50       26      424       0
                text46                             7CC4     7CC4       36      424       0
                text45                             80CC     80CC        2      424       0
                text44                             6B4A     6B4A       8E      424       0
                text43                             80A6     80A6        A      424       0
                text42                             6ED4     6ED4       78      424       0
                text41                             80BC     80BC        4      424       0
                text40                             65DC     65DC       B2      424       0
                text39                             6E5C     6E5C       78      424       0
                text38                             7C56     7C56       38      424       0
                text37                             4EFE     4EFE      10A      424       0
                text36                             67D4     67D4       9C      424       0
                text35                             768E     768E       5A      424       0
                text34                             5CF2     5CF2       C6      424       0
                text33                             736E     736E       6A      424       0
                text32                             34E2     34E2      246      424       0
                text31                             59A4     59A4       E0      424       0
                text30                             7C8E     7C8E       36      424       0
                text29                             6C62     6C62       86      424       0
                text28                             809C     809C        A      424       0
                text27                             6ABC     6ABC       8E      424       0
                text26                             8028     8028       1A      424       0
                text25                             7D5C     7D5C       30      424       0
                text24                             7794     7794       54      424       0
                text23                             4754     4754      176      424       0
                text22                             6528     6528       B4      424       0
                text21                             7740     7740       54      424       0
                text20                             6734     6734       A0      424       0
                text19                             6BD8     6BD8       8A      424       0
                text18                             153C     153C      83A      424       0
                text17                             58C2     58C2       E2      424       0
                text16                             5008     5008      106      424       0
                text15                              850      850      CEC      424       0
                text14                             2622     2622      3DA      424       0
                text13                             220C     220C      416      424       0
                text12                             78E0     78E0       50      424       0
                text11                             80B0     80B0        6      424       0
                text10                             7D2C     7D2C       30      424       0
                text9                              7510     7510       62      424       0
                text8                              7EFC     7EFC       2C      424       0
                text7                              3D4A     3D4A      1DC      424       0
                text6                              4B5A     4B5A      140      424       0
                text5                              7D8C     7D8C       2E      424       0
                text4                              5310     5310       FC      424       0
                text3                              1D76     1D76      496      424       0
                text2                              8092     8092        A      424       0
                text1                              797C     797C       46      424       0
                text0                              7632     7632       5C      424       0
                cstackCOMRAM                          1        1       26        1       1
                cstackBANK0                          60       60       55       60       1
                cstackBANK1                         1E3      1E3       19      100       1
                cstackBANK2                         200      200       29      200       1
                bssBIGRAM                           229      229      120      229       1
                bssBANK1                            100      100       E3      100       1
                bssBANK0                             B5       B5       22       60       1
                bssCOMRAM                            27       27       23        1       1
                cinit                              7B5E     7B5E       42      424       0
                _name_text                          848      848        8      424       0

TOTAL           Name                               Link     Load   Length     Space
        CLASS   CODE           
                intcodelo                            18       18        4         0
                intcode                               8        8        4         0
                init                                 1C       1C        4         0
                reset_vec                             0        0        4         0
                text145                            80D4     80D4        2         0
                text144                            646E     646E       BA         0
                text143                            5506     5506       F8         0
                text142                            807E     807E       14         0
                text141                            4286     4286      1AC         0
                text140                            6238     6238       BE         0
                text139                            6DE2     6DE2       7A         0
                text138                            45D6     45D6      17E         0
                text137                            712C     712C       78         0
                text136                            74AA     74AA       66         0
                text135                            7C1A     7C1A       3C         0
                text134                            57D8     57D8       EA         0
                text132                            80D2     80D2        2         0
                text131                            540C     540C       FA         0
                text130                            617A     617A       BE         0
                text129                            806A     806A       14         0
                text128                            40D6     40D6      1B0         0
                text127                            5F3E     5F3E       C0         0
                text126                            70B4     70B4       78         0
                text125                            4432     4432      1A4         0
                text124                            703C     703C       78         0
                text123                            7442     7442       68         0
                text122                            7F28     7F28       28         0
                text121                            7A08     7A08       46         0
                text120                            55FE     55FE       EE         0
                mainSec                            56EC     56EC       EC         0
                text118                            80D0     80D0        2         0
                text117                            80CE     80CE        2         0
                text116                            7CFA     7CFA       32         0
                text115                            8056     8056       14         0
                text114                            6904     6904       94         0
                text113                            80C8     80C8        4         0
                text112                            73D8     73D8       6A         0
                text111                            60BC     60BC       BE         0
                text110                            77E8     77E8       54         0
                text109                            5212     5212       FE         0
                text108                            75D4     75D4       5E         0
                text107                            7FC2     7FC2       26         0
                text106                            4C9A     4C9A      140         0
                text105                            7FE8     7FE8       22         0
                text104                            80B6     80B6        6         0
                text103                            800A     800A       1E         0
                text102                            721A     721A       76         0
                text101                            79C2     79C2       46         0
                text100                            510E     510E      104         0
                text99                             668E     668E       A6         0
                text98                             7302     7302       6C         0
                text97                             5DB8     5DB8       C6         0
                text96                             6FC4     6FC4       78         0
                text95                             3140     3140      3A2         0
                text94                             5C2A     5C2A       C8         0
                text93                             5B62     5B62       C8         0
                text92                             4A14     4A14      146         0
                text91                             63B2     63B2       BC         0
                text90                             8042     8042       14         0
                text89                             394A     394A      21C         0
                text88                             788E     788E       52         0
                text87                             62F6     62F6       BC         0
                text86                             80C4     80C4        4         0
                text85                             80C0     80C0        4         0
                text84                             2D9E     2D9E      3A2         0
                text83                             7BA0     7BA0       3E         0
                text82                             3B66     3B66      1E4         0
                text81                             6870     6870       94         0
                text80                             7ECE     7ECE       2E         0
                text79                             5FFE     5FFE       BE         0
                text78                             48CA     48CA      14A         0
                text77                             783C     783C       52         0
                text76                             5E7E     5E7E       C0         0
                text75                             6F4C     6F4C       78         0
                text74                             3F26     3F26      1B0         0
                text73                             3728     3728      222         0
                text72                             7F9C     7F9C       26         0
                text71                             76E8     76E8       58         0
                text70                             71A4     71A4       76         0
                text69                             6D68     6D68       7A         0
                text68                             5A84     5A84       DE         0
                text67                             7290     7290       72         0
                text66                             7EA0     7EA0       2E         0
                text65                             7BDE     7BDE       3C         0
                text64                             29FC     29FC      3A2         0
                text63                             6A2A     6A2A       92         0
                text62                             6998     6998       92         0
                text61                             6CE8     6CE8       80         0
                text60                             4DDA     4DDA      124         0
                text59                             7E72     7E72       2E         0
                text58                             7E44     7E44       2E         0
                text57                             7E16     7E16       2E         0
                text56                             7DE8     7DE8       2E         0
                text55                             7572     7572       62         0
                text54                             7B1A     7B1A       44         0
                text53                             7930     7930       4C         0
                text52                             7AD6     7AD6       44         0
                text51                             7A92     7A92       44         0
                text50                             7A4E     7A4E       44         0
                text49                             7DBA     7DBA       2E         0
                text48                             7F76     7F76       26         0
                text47                             7F50     7F50       26         0
                text46                             7CC4     7CC4       36         0
                text45                             80CC     80CC        2         0
                text44                             6B4A     6B4A       8E         0
                text43                             80A6     80A6        A         0
                text42                             6ED4     6ED4       78         0
                text41                             80BC     80BC        4         0
                text40                             65DC     65DC       B2         0
                text39                             6E5C     6E5C       78         0
                text38                             7C56     7C56       38         0
                text37                             4EFE     4EFE      10A         0
                text36                             67D4     67D4       9C         0
                text35                             768E     768E       5A         0
                text34                             5CF2     5CF2       C6         0
                text33                             736E     736E       6A         0
                text32                             34E2     34E2      246         0
                text31                             59A4     59A4       E0         0
                text30                             7C8E     7C8E       36         0
                text29                             6C62     6C62       86         0
                text28                             809C     809C        A         0
                text27                             6ABC     6ABC       8E         0
                text26                             8028     8028       1A         0
                text25                             7D5C     7D5C       30         0
                text24                             7794     7794       54         0
                text23                             4754     4754      176         0
                text22                             6528     6528       B4         0
                text21                             7740     7740       54         0
                text20                             6734     6734       A0         0
                text19                             6BD8     6BD8       8A         0
                text18                             153C     153C      83A         0
                text17                             58C2     58C2       E2         0
                text16                             5008     5008      106         0
                text15                              850      850      CEC         0
                text14                             2622     2622      3DA         0
                text13                             220C     220C      416         0
                text12                             78E0     78E0       50         0
                text11                             80B0     80B0        6         0
                text10                             7D2C     7D2C       30         0
                text9                              7510     7510       62         0
                text8                              7EFC     7EFC       2C         0
                text7                              3D4A     3D4A      1DC         0
                text6                              4B5A     4B5A      140         0
                text5                              7D8C     7D8C       2E         0
                text4                              5310     5310       FC         0
                text3                              1D76     1D76      496         0
                text2                              8092     8092        A         0
                text1                              797C     797C       46         0
                text0                              7632     7632       5C         0
                cinit                              7B5E     7B5E       42         0
                _name_text                          848      848        8         0

        CLASS   CONST          

        CLASS   SMALLCONST     

        CLASS   MEDIUMCONST    
                mediumconst                        FE50     FE50      1B0         0

        CLASS   COMRAM         
                temp                                 4A       4A        1         1
                cstackCOMRAM                          1        1       26         1
                bssCOMRAM                            27       27       23         1

        CLASS   ABS1           

        CLASS   BIGRAM         
                bssBIGRAM                           229      229      120         1

        CLASS   RAM            

        CLASS   BANK0          
                cstackBANK0                          60       60       55         1
                bssBANK0                             B5       B5       22         1

        CLASS   BANK1          
                cstackBANK1                         1E3      1E3       19         1
                bssBANK1                            100      100       E3         1

        CLASS   BANK2          
                cstackBANK2                         200      200       29         1

        CLASS   BANK3          

        CLASS   BANK4          

        CLASS   BANK5          

        CLASS   BANK6          

        CLASS   BANK7          

        CLASS   BANK8          

        CLASS   BANK9          

        CLASS   BANK10         

        CLASS   BANK11         

        CLASS   BANK12         

        CLASS   BANK13         

        CLASS   BANK14         

        CLASS   SFR            

        CLASS   BIGSFR         

        CLASS   CONFIG         
                config                           300000   300000        E         4

        CLASS   IDLOC          

        CLASS   EEDATA         

        CLASS   FARRAM         

        CLASS   HEAP           

        CLASS   STACK          



SEGMENTS        Name                           Load    Length   Top    Selector   Space  Class

                reset_vec                      000000  000004  000004         0       0  CODE    
                cstackCOMRAM                   000001  00004A  00004B         1       1  COMRAM  
                intcode                        000008  000004  00000C         4       0  CODE    
                intcodelo                      000018  000008  000020         C       0  CODE    
                cstackBANK0                    000060  000077  0000D7        60       1  BANK0   
                bssBANK1                       000100  0000FC  0001FC       100       1  BANK1   
                cstackBANK2                    000200  000029  000229       200       1  BANK2   
                bssBIGRAM                      000229  000120  000349       229       1  BIGRAM  
                _name_text                     000848  00788E  0080D6       424       0  CODE    
                mediumconst                    00FE50  0001B0  010000      7F28       0  MEDIUMCO


UNUSED ADDRESS RANGES

        Name                Unused          Largest block    Delta
        BANK0            0000D7-0000FF               29
        BANK1            0001FC-0001FF                4
        BANK10           000A00-000AFF              100
        BANK11           000B00-000BFF              100
        BANK12           000C00-000CFF              100
        BANK13           000D00-000DFF              100
        BANK14           000E00-000E40               41
        BANK3            000349-0003FF               B7
        BANK4            000400-0004FF              100
        BANK5            000500-0005FF              100
        BANK6            000600-0006FF              100
        BANK7            000700-0007FF              100
        BANK8            000800-0008FF              100
        BANK9            000900-0009FF              100
        BIGRAM           00004B-00005F               15
                         0000D7-0000FF               29
                         0001FC-0001FF                4
                         000349-000E40              AF8
        BIGSFR           000E41-000FFF              1BF
        CODE             000004-000007                4
                         00000C-000017                C
                         000020-000847              828
                         0080D6-00FE4F             7D7A
        COMRAM           00004B-00005F               15
        CONST            000004-000007                4
                         00000C-000017                C
                         000020-000847              828
                         0080D6-00FE4F             7D7A
        EEDATA           F00000-F003FF              400
        IDLOC            200000-200007                8
        MEDIUMCONST      0080D6-00FE4F             7D7A
        RAM              0000D7-0000FF               29
                         0001FC-0001FF                4
                         000349-000E40              100
        SFR              000E41-000FFF               BF
        SMALLCONST       0080D6-00FE4F              100

                                  Symbol Table

?___awdiv                                cstackBANK0  000089
?___lldiv                                cstackBANK0  000093
?___lmul                                 cstackBANK0  00008D
?_canGetDiagnostic                       cstackBANK0  000089
?_consumerGetDiagnostic                  cstackBANK0  000089
?_getBufferPointer                       cstackBANK0  000089
?_getEN                                  cstackBANK0  000093
?_getEv                                  cstackBANK0  000093
?_getNN                                  cstackBANK0  000093
?_getNV                                  cstackBANK0  000089
?_getNextWriteMessage                    cstackBANK0  000060
?_mnsGetDiagnostic                       cstackBANK0  000089
?_nvGetDiagnostic                        cstackBANK0  000089
?_pop                                    cstackBANK0  000089
?_readNVM                                cstackBANK0  00008D
?_teachGetDiagnostic                     cstackBANK0  000089
?_tickGet                                cstackBANK0  000089
?i1_getBufferPointer                     cstackBANK0  000060
?i1_pop                                  cstackBANK0  000060
?i1_tickGet                              cstackBANK0  000060
?i2_getBufferPointer                     cstackCOMRAM 000001
?i2_getNextWriteMessage                  cstackCOMRAM 000001
?i2_pop                                  cstackCOMRAM 000001
?i2_tickGet                              cstackCOMRAM 000001
APP_nvDefault@index                      cstackBANK0  000089
APP_nvValidate@index                     cstackBANK0  00008A
APP_nvValidate@value                     cstackBANK0  000089
APP_nvValueChanged@newValue              cstackBANK0  000089
APP_nvValueChanged@oldValue              cstackBANK0  00008A
APP_postProcessMessage@m                 cstackBANK0  000089
APP_preProcessMessage@m                  cstackBANK0  000089
APP_processConsumedEvent@m               cstackBANK0  000089
EEPROM_Read@index                        cstackBANK0  000089
EEPROM_Write@index                       cstackBANK0  00008B
EEPROM_Write@interruptEnabled            cstackBANK0  00008E
EEPROM_Write@value                       cstackBANK0  00008D
FLASH_Read@address                       cstackBANK0  000089
FLASH_Write@index                        cstackBANK0  00008C
FLASH_Write@value                        cstackBANK0  00008E
_ANCON0                                  (abs)        000F5D
_ANCON1                                  (abs)        000F5C
_APP_factoryReset                        text117      0080CE
_APP_highIsr                             text145      0080D4
_APP_isSuitableTimeToWriteFlash          text113      0080C8
_APP_lowIsr                              text132      0080D2
_APP_nvDefault                           text107      007FC2
_APP_nvValidate                          text46       007CC4
_APP_nvValueChanged                      text45       0080CC
_APP_postProcessMessage                  text86       0080C4
_APP_preProcessMessage                   text85       0080C0
_APP_processConsumedEvent                text72       007F9C
_APP_testMode                            text118      0080D0
_B0CON                                   (abs)        000E80
_B1CON                                   (abs)        000E90
_B2CON                                   (abs)        000EA0
_B3CON                                   (abs)        000EB0
_B4CON                                   (abs)        000EC0
_B5CON                                   (abs)        000ED0
_BIE0                                    (abs)        000E7E
_BRGCON1                                 (abs)        000E43
_BRGCON2                                 (abs)        000E44
_BRGCON3                                 (abs)        000E45
_BSEL0                                   (abs)        000E7D
_CANCON                                  (abs)        000F6F
_CANSTATbits                             (abs)        000F6E
_CIOCON                                  (abs)        000F70
_COMSTATbits                             (abs)        000F71
_ECANCON                                 (abs)        000F72
_EEADR                                   (abs)        000F74
_EEADRH                                  (abs)        000F75
_EECON1                                  (abs)        000F7F
_EECON1bits                              (abs)        000F7F
_EECON2                                  (abs)        000F7E
_EEDATA                                  (abs)        000F73
_EEIF                                    (abs)        007DBE
_EEPROM_Read                             text116      007CFA
_EEPROM_Write                            text114      006904
_EnumerationState                        bssCOMRAM    000038
_FLASH_Read                              text71       0076E8
_FLASH_Write                             text109      005212
_INTCON2bits                             (abs)        000FF1
_INTCONbits                              (abs)        000FF2
_IPR5                                    (abs)        000F78
_LATA                                    (abs)        000F89
_LATB                                    (abs)        000F8A
_LATBbits                                (abs)        000F8A
_LATC                                    (abs)        000F8B
_MSEL0                                   (abs)        000E79
_OSCTUNEbits                             (abs)        000F9B
_PIE5bits                                (abs)        000F76
_PIR5bits                                (abs)        000F77
_PORTA                                   (abs)        000F80
_PORTAbits                               (abs)        000F80
_PORTB                                   (abs)        000F81
_PORTC                                   (abs)        000F82
_RCONbits                                (abs)        000FD0
_RXB0CON                                 (abs)        000F60
_RXB1CON                                 (abs)        000F30
_RXF0SIDL                                (abs)        000EE1
_RXFBCON0                                (abs)        000E71
_RXFCON0                                 (abs)        000E46
_RXM0EIDH                                (abs)        000EFA
_RXM0EIDL                                (abs)        000EFB
_RXM0SIDH                                (abs)        000EF8
_RXM0SIDL                                (abs)        000EF9
_T0CON                                   (abs)        000FD5
_T0CONbits                               (abs)        000FD5
_TABLAT                                  (abs)        000FF5
_TBLPTR                                  (abs)        000FF6
_TBLPTRU                                 (abs)        000FF8
_TMR0H                                   (abs)        000FD7
_TMR0L                                   (abs)        000FD6
_TRISA                                   (abs)        000F92
_TRISAbits                               (abs)        000F92
_TRISB                                   (abs)        000F93
_TRISBbits                               (abs)        000F93
_TRISC                                   (abs)        000F94
_TXB0CON                                 (abs)        000F20
_TXB0CONbits                             (abs)        000F20
_TXB0D0                                  (abs)        000F26
_TXB0D1                                  (abs)        000F27
_TXB0D2                                  (abs)        000F28
_TXB0D3                                  (abs)        000F29
_TXB0D4                                  (abs)        000F2A
_TXB0D5                                  (abs)        000F2B
_TXB0D6                                  (abs)        000F2C
_TXB0D7                                  (abs)        000F2D
_TXB0DLC                                 (abs)        000F25
_TXB0SIDH                                (abs)        000F21
_TXB0SIDL                                (abs)        000F22
_TXB1CON                                 (abs)        000F10
_TXB1CONbits                             (abs)        000F10
_TXB1DLC                                 (abs)        000F15
_TXB1SIDH                                (abs)        000F11
_TXB1SIDL                                (abs)        000F12
_TXB2CON                                 (abs)        000F00
_TXB2CONbits                             (abs)        000F00
_TXB2DLC                                 (abs)        000F05
_TXB2SIDH                                (abs)        000F01
_TXB2SIDL                                (abs)        000F02
_TXBIEbits                               (abs)        000E7F
__HRAM                                   (abs)        000000
__H__absolute__                          __absolute__ 000000
__H_name_text                            _name_text   000850
__Habs1                                  abs1         000000
__Hbank0                                 bank0        000000
__Hbank1                                 bank1        000000
__Hbank10                                bank10       000000
__Hbank11                                bank11       000000
__Hbank12                                bank12       000000
__Hbank13                                bank13       000000
__Hbank14                                bank14       000000
__Hbank2                                 bank2        000000
__Hbank3                                 bank3        000000
__Hbank4                                 bank4        000000
__Hbank5                                 bank5        000000
__Hbank6                                 bank6        000000
__Hbank7                                 bank7        000000
__Hbank8                                 bank8        000000
__Hbank9                                 bank9        000000
__Hbigbss                                bigbss       000000
__Hbigdata                               bigdata      000000
__Hbigram                                bigram       000000
__Hbigsfr                                bigsfr       000000
__Hbss                                   bss          000000
__HbssBANK0                              bssBANK0     000000
__HbssBANK1                              bssBANK1     000000
__HbssBIGRAM                             bssBIGRAM    000000
__HbssCOMRAM                             bssCOMRAM    000000
__Hcinit                                 cinit        000000
__Hclrtext                               clrtext      000000
__Hcomram                                comram       000000
__Hconfig                                config       30000E
__Hconst                                 const        000000
__HcstackBANK0                           cstackBANK0  000000
__HcstackBANK1                           cstackBANK1  000000
__HcstackBANK2                           cstackBANK2  000000
__HcstackCOMRAM                          cstackCOMRAM 000000
__Hdata                                  data         000000
__Heeprom_data                           eeprom_data  000000
__Hfarbss                                farbss       000000
__Hfardata                               fardata      000000
__Hheap                                  heap         000000
__Hibigdata                              ibigdata     000000
__Hidata                                 idata        000000
__Hidloc                                 idloc        000000
__Hifardata                              ifardata     000000
__Hinit                                  init         000020
__Hintcode                               intcode      00000C
__Hintcode_body                          intcode_body 000000
__Hintcodelo                             intcodelo    00001C
__Hintentry                              intentry     000000
__Hintret                                intret       000000
__Hintsave_regs                          intsave_regs 000000
__Hirdata                                irdata       000000
__HmainSec                               mainSec      000000
__Hmediumconst                           mediumconst  010000
__HnvFARRAM                              nvFARRAM     000000
__Hnvbit                                 nvbit        000000
__Hnvrram                                nvrram       000000
__Hparam                                 rparam       000000
__Hpowerup                               powerup      00001C
__Hram                                   ram          000000
__Hramtop                                ramtop       000F00
__Hrbit                                  rbit         000000
__Hrbss                                  rbss         000000
__Hrdata                                 rdata        000000
__Hreset_vec                             reset_vec    000004
__Hrparam                                rparam       000000
__Hsfr                                   sfr          000000
__Hsivt_hi                               sivt_hi      000000
__Hsivt_lo                               sivt_lo      000000
__Hsmallconst                            smallconst   000000
__Hspace_0                               (abs)        010000
__Hspace_1                               (abs)        000349
__Hspace_2                               (abs)        000000
__Hspace_4                               (abs)        60000E
__Hstack                                 stack        000000
__Hstruct                                struct       000000
__Htemp                                  temp         00004B
__Htext                                  text         000000
__Htext0                                 text0        000000
__Htext1                                 text1        000000
__Htext10                                text10       000000
__Htext100                               text100      000000
__Htext101                               text101      000000
__Htext102                               text102      000000
__Htext103                               text103      000000
__Htext104                               text104      000000
__Htext105                               text105      000000
__Htext106                               text106      000000
__Htext107                               text107      000000
__Htext108                               text108      000000
__Htext109                               text109      000000
__Htext11                                text11       000000
__Htext110                               text110      000000
__Htext111                               text111      000000
__Htext112                               text112      000000
__Htext113                               text113      000000
__Htext114                               text114      000000
__Htext115                               text115      000000
__Htext116                               text116      000000
__Htext117                               text117      000000
__Htext118                               text118      000000
__Htext12                                text12       000000
__Htext120                               text120      000000
__Htext121                               text121      000000
__Htext122                               text122      000000
__Htext123                               text123      000000
__Htext124                               text124      000000
__Htext125                               text125      000000
__Htext126                               text126      000000
__Htext127                               text127      000000
__Htext128                               text128      000000
__Htext129                               text129      000000
__Htext13                                text13       000000
__Htext130                               text130      000000
__Htext131                               text131      000000
__Htext132                               text132      000000
__Htext134                               text134      000000
__Htext135                               text135      000000
__Htext136                               text136      000000
__Htext137                               text137      000000
__Htext138                               text138      000000
__Htext139                               text139      000000
__Htext14                                text14       000000
__Htext140                               text140      000000
__Htext141                               text141      000000
__Htext142                               text142      000000
__Htext143                               text143      000000
__Htext144                               text144      000000
__Htext145                               text145      000000
__Htext15                                text15       000000
__Htext16                                text16       000000
__Htext17                                text17       000000
__Htext18                                text18       000000
__Htext19                                text19       000000
__Htext2                                 text2        000000
__Htext20                                text20       000000
__Htext21                                text21       000000
__Htext22                                text22       000000
__Htext23                                text23       000000
__Htext24                                text24       000000
__Htext25                                text25       000000
__Htext26                                text26       000000
__Htext27                                text27       000000
__Htext28                                text28       000000
__Htext29                                text29       000000
__Htext3                                 text3        000000
__Htext30                                text30       000000
__Htext31                                text31       000000
__Htext32                                text32       000000
__Htext33                                text33       000000
__Htext34                                text34       000000
__Htext35                                text35       000000
__Htext36                                text36       000000
__Htext37                                text37       000000
__Htext38                                text38       000000
__Htext39                                text39       000000
__Htext4                                 text4        000000
__Htext40                                text40       000000
__Htext41                                text41       000000
__Htext42                                text42       000000
__Htext43                                text43       000000
__Htext44                                text44       000000
__Htext45                                text45       000000
__Htext46                                text46       000000
__Htext47                                text47       000000
__Htext48                                text48       000000
__Htext49                                text49       000000
__Htext5                                 text5        000000
__Htext50                                text50       000000
__Htext51                                text51       000000
__Htext52                                text52       000000
__Htext53                                text53       000000
__Htext54                                text54       000000
__Htext55                                text55       000000
__Htext56                                text56       000000
__Htext57                                text57       000000
__Htext58                                text58       000000
__Htext59                                text59       000000
__Htext6                                 text6        000000
__Htext60                                text60       000000
__Htext61                                text61       000000
__Htext62                                text62       000000
__Htext63                                text63       000000
__Htext64                                text64       000000
__Htext65                                text65       000000
__Htext66                                text66       000000
__Htext67                                text67       000000
__Htext68                                text68       000000
__Htext69                                text69       000000
__Htext7                                 text7        000000
__Htext70                                text70       000000
__Htext71                                text71       000000
__Htext72                                text72       000000
__Htext73                                text73       000000
__Htext74                                text74       000000
__Htext75                                text75       000000
__Htext76                                text76       000000
__Htext77                                text77       000000
__Htext78                                text78       000000
__Htext79                                text79       000000
__Htext8                                 text8        000000
__Htext80                                text80       000000
__Htext81                                text81       000000
__Htext82                                text82       000000
__Htext83                                text83       000000
__Htext84                                text84       000000
__Htext85                                text85       000000
__Htext86                                text86       000000
__Htext87                                text87       000000
__Htext88                                text88       000000
__Htext89                                text89       000000
__Htext9                                 text9        000000
__Htext90                                text90       000000
__Htext91                                text91       000000
__Htext92                                text92       000000
__Htext93                                text93       000000
__Htext94                                text94       000000
__Htext95                                text95       000000
__Htext96                                text96       000000
__Htext97                                text97       000000
__Htext98                                text98       000000
__Htext99                                text99       000000
__LRAM                                   (abs)        000001
__L__absolute__                          __absolute__ 000000
__L_name_text                            _name_text   000848
__Labs1                                  abs1         000000
__Lbank0                                 bank0        000000
__Lbank1                                 bank1        000000
__Lbank10                                bank10       000000
__Lbank11                                bank11       000000
__Lbank12                                bank12       000000
__Lbank13                                bank13       000000
__Lbank14                                bank14       000000
__Lbank2                                 bank2        000000
__Lbank3                                 bank3        000000
__Lbank4                                 bank4        000000
__Lbank5                                 bank5        000000
__Lbank6                                 bank6        000000
__Lbank7                                 bank7        000000
__Lbank8                                 bank8        000000
__Lbank9                                 bank9        000000
__Lbigbss                                bigbss       000000
__Lbigdata                               bigdata      000000
__Lbigram                                bigram       000000
__Lbigsfr                                bigsfr       000000
__Lbss                                   bss          000000
__LbssBANK0                              bssBANK0     000000
__LbssBANK1                              bssBANK1     000000
__LbssBIGRAM                             bssBIGRAM    000000
__LbssCOMRAM                             bssCOMRAM    000000
__Lcinit                                 cinit        000000
__Lclrtext                               clrtext      000000
__Lcomram                                comram       000000
__Lconfig                                config       000000
__Lconst                                 const        000000
__LcstackBANK0                           cstackBANK0  000000
__LcstackBANK1                           cstackBANK1  000000
__LcstackBANK2                           cstackBANK2  000000
__LcstackCOMRAM                          cstackCOMRAM 000000
__Ldata                                  data         000000
__Leeprom_data                           eeprom_data  000000
__Lfarbss                                farbss       000000
__Lfardata                               fardata      000000
__Lheap                                  heap         000000
__Libigdata                              ibigdata     000000
__Lidata                                 idata        000000
__Lidloc                                 idloc        000000
__Lifardata                              ifardata     000000
__Linit                                  init         00001C
__Lintcode                               intcode      000008
__Lintcode_body                          intcode_body 000000
__Lintcodelo                             intcodelo    000018
__Lintentry                              intentry     000000
__Lintret                                intret       000000
__Lintsave_regs                          intsave_regs 000000
__Lirdata                                irdata       000000
__LmainSec                               mainSec      000000
__Lmediumconst                           mediumconst  00FE50
__LnvFARRAM                              nvFARRAM     000000
__Lnvbit                                 nvbit        000000
__Lnvrram                                nvrram       000000
__Lparam                                 rparam       000000
__Lpowerup                               powerup      00001C
__Lram                                   ram          000000
__Lramtop                                ramtop       000F00
__Lrbit                                  rbit         000000
__Lrbss                                  rbss         000000
__Lrdata                                 rdata        000000
__Lreset_vec                             reset_vec    000000
__Lrparam                                rparam       000000
__Lsfr                                   sfr          000000
__Lsivt_hi                               sivt_hi      000000
__Lsivt_lo                               sivt_lo      000000
__Lsmallconst                            smallconst   000000
__Lspace_0                               (abs)        000000
__Lspace_1                               (abs)        000000
__Lspace_2                               (abs)        000000
__Lspace_4                               (abs)        000000
__Lstack                                 stack        000000
__Lstruct                                struct       000000
__Ltemp                                  temp         00004A
__Ltext                                  text         000000
__Ltext0                                 text0        000000
__Ltext1                                 text1        000000
__Ltext10                                text10       000000
__Ltext100                               text100      000000
__Ltext101                               text101      000000
__Ltext102                               text102      000000
__Ltext103                               text103      000000
__Ltext104                               text104      000000
__Ltext105                               text105      000000
__Ltext106                               text106      000000
__Ltext107                               text107      000000
__Ltext108                               text108      000000
__Ltext109                               text109      000000
__Ltext11                                text11       000000
__Ltext110                               text110      000000
__Ltext111                               text111      000000
__Ltext112                               text112      000000
__Ltext113                               text113      000000
__Ltext114                               text114      000000
__Ltext115                               text115      000000
__Ltext116                               text116      000000
__Ltext117                               text117      000000
__Ltext118                               text118      000000
__Ltext12                                text12       000000
__Ltext120                               text120      000000
__Ltext121                               text121      000000
__Ltext122                               text122      000000
__Ltext123                               text123      000000
__Ltext124                               text124      000000
__Ltext125                               text125      000000
__Ltext126                               text126      000000
__Ltext127                               text127      000000
__Ltext128                               text128      000000
__Ltext129                               text129      000000
__Ltext13                                text13       000000
__Ltext130                               text130      000000
__Ltext131                               text131      000000
__Ltext132                               text132      000000
__Ltext134                               text134      000000
__Ltext135                               text135      000000
__Ltext136                               text136      000000
__Ltext137                               text137      000000
__Ltext138                               text138      000000
__Ltext139                               text139      000000
__Ltext14                                text14       000000
__Ltext140                               text140      000000
__Ltext141                               text141      000000
__Ltext142                               text142      000000
__Ltext143                               text143      000000
__Ltext144                               text144      000000
__Ltext145                               text145      000000
__Ltext15                                text15       000000
__Ltext16                                text16       000000
__Ltext17                                text17       000000
__Ltext18                                text18       000000
__Ltext19                                text19       000000
__Ltext2                                 text2        000000
__Ltext20                                text20       000000
__Ltext21                                text21       000000
__Ltext22                                text22       000000
__Ltext23                                text23       000000
__Ltext24                                text24       000000
__Ltext25                                text25       000000
__Ltext26                                text26       000000
__Ltext27                                text27       000000
__Ltext28                                text28       000000
__Ltext29                                text29       000000
__Ltext3                                 text3        000000
__Ltext30                                text30       000000
__Ltext31                                text31       000000
__Ltext32                                text32       000000
__Ltext33                                text33       000000
__Ltext34                                text34       000000
__Ltext35                                text35       000000
__Ltext36                                text36       000000
__Ltext37                                text37       000000
__Ltext38                                text38       000000
__Ltext39                                text39       000000
__Ltext4                                 text4        000000
__Ltext40                                text40       000000
__Ltext41                                text41       000000
__Ltext42                                text42       000000
__Ltext43                                text43       000000
__Ltext44                                text44       000000
__Ltext45                                text45       000000
__Ltext46                                text46       000000
__Ltext47                                text47       000000
__Ltext48                                text48       000000
__Ltext49                                text49       000000
__Ltext5                                 text5        000000
__Ltext50                                text50       000000
__Ltext51                                text51       000000
__Ltext52                                text52       000000
__Ltext53                                text53       000000
__Ltext54                                text54       000000
__Ltext55                                text55       000000
__Ltext56                                text56       000000
__Ltext57                                text57       000000
__Ltext58                                text58       000000
__Ltext59                                text59       000000
__Ltext6                                 text6        000000
__Ltext60                                text60       000000
__Ltext61                                text61       000000
__Ltext62                                text62       000000
__Ltext63                                text63       000000
__Ltext64                                text64       000000
__Ltext65                                text65       000000
__Ltext66                                text66       000000
__Ltext67                                text67       000000
__Ltext68                                text68       000000
__Ltext69                                text69       000000
__Ltext7                                 text7        000000
__Ltext70                                text70       000000
__Ltext71                                text71       000000
__Ltext72                                text72       000000
__Ltext73                                text73       000000
__Ltext74                                text74       000000
__Ltext75                                text75       000000
__Ltext76                                text76       000000
__Ltext77                                text77       000000
__Ltext78                                text78       000000
__Ltext79                                text79       000000
__Ltext8                                 text8        000000
__Ltext80                                text80       000000
__Ltext81                                text81       000000
__Ltext82                                text82       000000
__Ltext83                                text83       000000
__Ltext84                                text84       000000
__Ltext85                                text85       000000
__Ltext86                                text86       000000
__Ltext87                                text87       000000
__Ltext88                                text88       000000
__Ltext89                                text89       000000
__Ltext9                                 text9        000000
__Ltext90                                text90       000000
__Ltext91                                text91       000000
__Ltext92                                text92       000000
__Ltext93                                text93       000000
__Ltext94                                text94       000000
__Ltext95                                text95       000000
__Ltext96                                text96       000000
__Ltext97                                text97       000000
__Ltext98                                text98       000000
__Ltext99                                text99       000000
__S0                                     (abs)        010000
__S1                                     (abs)        000349
__S4                                     (abs)        000000
__S5                                     (abs)        000000
___awdiv                                 text97       005DB8
___awdiv@counter                         cstackBANK0  00008D
___awdiv@dividend                        cstackBANK0  000089
___awdiv@divisor                         cstackBANK0  00008B
___awdiv@quotient                        cstackBANK0  00008F
___awdiv@sign                            cstackBANK0  00008E
___heap_hi                               (abs)        000000
___heap_lo                               (abs)        000000
___inthi_sp                              stack        000000
___inthi_stack_hi                        stack        000000
___inthi_stack_lo                        stack        000000
___intlo_sp                              stack        000000
___intlo_stack_hi                        stack        000000
___intlo_stack_lo                        stack        000000
___lldiv                                 text99       00668E
___lldiv@counter                         cstackBANK0  00009F
___lldiv@dividend                        cstackBANK0  000093
___lldiv@divisor                         cstackBANK0  000097
___lldiv@quotient                        cstackBANK0  00009B
___lmul                                  text98       007302
___lmul@multiplicand                     cstackBANK0  000091
___lmul@multiplier                       cstackBANK0  00008D
___lmul@product                          cstackBANK0  000095
___param_bank                            (abs)        000000
___rparam_used                           (abs)        000001
___sp                                    stack        000000
___stack_hi                              stack        000000
___stack_lo                              stack        000000
__accesstop                              (abs)        000060
__activetblptr                           (abs)        000003
__end_of_APP_factoryReset                text117      0080D0
__end_of_APP_highIsr                     text145      0080D6
__end_of_APP_isSuitableTimeToWriteFlash  text113      0080CC
__end_of_APP_lowIsr                      text132      0080D4
__end_of_APP_nvDefault                   text107      007FE8
__end_of_APP_nvValidate                  text46       007CFA
__end_of_APP_nvValueChanged              text45       0080CE
__end_of_APP_postProcessMessage          text86       0080C8
__end_of_APP_preProcessMessage           text85       0080C4
__end_of_APP_processConsumedEvent        text72       007FC2
__end_of_APP_testMode                    text118      0080D2
__end_of_EEPROM_Read                     text116      007D2C
__end_of_EEPROM_Write                    text114      006998
__end_of_FLASH_Read                      text71       007740
__end_of_FLASH_Write                     text109      005310
__end_of___awdiv                         text97       005E7E
__end_of___lldiv                         text99       006734
__end_of___lmul                          text98       00736E
__end_of__initialization                 cinit        007B96
__end_of_addEvent                        text32       003728
__end_of_canEsdData                      text48       007F9C
__end_of_canFactoryReset                 text103      008028
__end_of_canFillRxFifo                   text128      004286
__end_of_canGetDiagnostic                text53       00797C
__end_of_canIsr                          text121      007A4E
__end_of_canPowerUp                      text7        003F26
__end_of_canPri                          mediumconst  00FFA0
__end_of_canProcessMessage               text17       0059A4
__end_of_canReceiveMessage               text73       00394A
__end_of_canSendMessage                  text82       003D4A
__end_of_canService                      mediumconst  00FFE8
__end_of_canTransport                    mediumconst  00FFFE
__end_of_canTxError                      text124      0070B4
__end_of_checkCANTimeout                 text123      0074AA
__end_of_checkLen                        text20       0067D4
__end_of_checkPowerOnPb                  text91       00646E
__end_of_checkTxFifo                     text125      0045D6
__end_of_clearAllEvents                  text105      00800A
__end_of_configs                         mediumconst  00FF91
__end_of_consumerGetDiagnostic           text52       007B1A
__end_of_consumerProcessMessage          text16       00510E
__end_of_digitalWrite                    text89       003B66
__end_of_doEvlrn                         text31       005A84
__end_of_doEvuln                         text29       006CE8
__end_of_doNenrd                         text27       006B4A
__end_of_doNerd                          text26       008042
__end_of_doNnclr                         text25       007D8C
__end_of_doNnevn                         text24       0077E8
__end_of_doReqev                         text23       0048CA
__end_of_doReval                         text22       0065DC
__end_of_doRqevn                         text21       007794
__end_of_eraseFlashBlock                 text112      007442
__end_of_eventConsumerService            mediumconst  00FFFA
__end_of_eventTeachService               mediumconst  00FFB2
__end_of_evtIdxToTableIndex              text28       0080A6
__end_of_factoryReset                    text100      005212
__end_of_findEvent                       text67       007302
__end_of_findServiceIndex                text63       006ABC
__end_of_flushFlashBlock                 text111      00617A
__end_of_getBufferPointer                text79       0060BC
__end_of_getEN                           text69       006DE2
__end_of_getEv                           text42       006F4C
__end_of_getNN                           text68       005B62
__end_of_getNV                           text88       0078E0
__end_of_getNextWriteMessage             text131      005506
__end_of_getParameter                    text60       004EFE
__end_of_getParameterFlags               text61       006D68
__end_of_handleSelfEnumeration           text78       004A14
__end_of_have                            text62       006A2A
__end_of_highIsr                         text134      0058C2
__end_of_initRomOps                      text90       008056
__end_of_initTicker                      text12       007930
__end_of_initTimedResponse               text11       0080B6
__end_of_isrHigh                         mainSec      0057D8
__end_of_isrLow                          mainSec      00576E
__end_of_leds_poll                       text95       0034E2
__end_of_leds_powerUp                    text10       007D5C
__end_of_loadFlashBlock                  text110      00783C
__end_of_loadNvCache                     text9        007572
__end_of_loop                            text87       0063B2
__end_of_lowIsr                          text120      0056EC
__end_of_main                            text0        00768E
__end_of_memcpy                          text77       00788E
__end_of_mnsFactoryReset                 text102      007290
__end_of_mnsGetDiagnostic                text51       007AD6
__end_of_mnsLowIsr                       text122      007F50
__end_of_mnsPoll                         text64       002D9E
__end_of_mnsPowerUp                      text6        004C9A
__end_of_mnsProcessMessage               text15       00153C
__end_of_mnsService                      mediumconst  00FFD6
__end_of_mnsTRallDiagnosticsCallback     text37       005008
__end_of_mnsTRrqnpnCallback              text38       007C8E
__end_of_mnsTRserviceDiscoveryCallback   text36       006870
__end_of_name                            _name_text   000850
__end_of_nerdCallback                    text39       006ED4
__end_of_numEv                           text41       0080C0
__end_of_nvFactoryReset                  text101      007A08
__end_of_nvGetDiagnostic                 text50       007A92
__end_of_nvGetESDdata                    text47       007F76
__end_of_nvPowerUp                       text5        007DBA
__end_of_nvProcessMessage                text14       0029FC
__end_of_nvService                       mediumconst  00FFC4
__end_of_nvTRnvrdCallback                text35       0076E8
__end_of_pbDownTimer                     text94       005CF2
__end_of_pbUpTimer                       text93       005C2A
__end_of_pinMode                         text3        00220C
__end_of_poll                            text13       002622
__end_of_pollTimedResponse               text34       005DB8
__end_of_pop                             text76       005F3E
__end_of_powerUp                         text4        00540C
__end_of_priorities                      mediumconst  00FF51
__end_of_processEnumeration              text74       0040D6
__end_of_push                            text84       003140
__end_of_quantity                        text83       007BDE
__end_of_readNVM                         text70       00721A
__end_of_removeEvent                     text30       007CC4
[...]
i2_canTxError                            text137      00712C
i2_checkCANTimeout                       text136      0074AA
i2_checkTxFifo                           text138      0045D6
i2_getBufferPointer                      text144      00646E
i2_getNextWriteMessage                   text143      005506
i2_pop                                   text140      006238
i2_tickGet                               text139      006DE2
i2_updateModuleErrorStatus               text142      00807E
i2canFillRxFifo@m                        cstackCOMRAM 00000D
i2canFillRxFifo@ptr                      cstackCOMRAM 00000F
i2checkTxFifo@mp                         cstackCOMRAM 000010
i2getBufferPointer@b                     cstackCOMRAM 000003
i2getNextWriteMessage@q                  cstackCOMRAM 000001
i2getNextWriteMessage@wr                 cstackCOMRAM 00000C
i2pop@q                                  cstackCOMRAM 000001
i2pop@ret                                cstackCOMRAM 000008
i2tickGet@IntFlag1                       cstackCOMRAM 000006
i2tickGet@IntFlag2                       cstackCOMRAM 000005
i2tickGet@currentTime                    cstackCOMRAM 000007
initTicker@divider                       cstackBANK0  00008A
initTicker@i                             cstackBANK0  00008B
initTicker@priority                      cstackBANK0  000089
int$flags                                temp         00004A
intlevel0                                text         000000
intlevel1                                text         000000
intlevel2                                text         000000
intlevel3                                text         000000
isa$std                                  (abs)        000001
isa$xinst                                (abs)        000000
loadFlashBlock@i                         cstackBANK0  000089
loadNvCache@i                            cstackBANK0  000097
loadNvCache@temp                         cstackBANK0  000095
lowIsr@i                                 cstackBANK0  000079
memcpy@d                                 cstackBANK0  000090
memcpy@d1                                cstackBANK0  000089
memcpy@n                                 cstackBANK0  00008D
memcpy@s                                 cstackBANK0  000092
memcpy@s1                                cstackBANK0  00008B
memcpy@tmp                               cstackBANK0  00008F
mnsGetDiagnostic@index                   cstackBANK0  00008C
mnsPowerUp@i                             cstackBANK0  000093
mnsPowerUp@temp                          cstackBANK0  000094
mnsProcessMessage@d                      cstackBANK1  0001F1
mnsProcessMessage@i                      cstackBANK1  0001F0
mnsProcessMessage@m                      cstackBANK1  0001EE
mnsProcessMessage@newMode                cstackBANK1  0001F3
mnsTRallDiagnosticsCallback@d            cstackBANK0  0000B2
mnsTRallDiagnosticsCallback@serviceIndex cstackBANK0  0000B0
mnsTRallDiagnosticsCallback@step         cstackBANK0  0000B1
mnsTRrqnpnCallback@step                  cstackBANK0  0000B1
mnsTRserviceDiscoveryCallback@step       cstackBANK0  0000B1
nerdCallback@eventNumber                 cstackBANK1  0001E5
nerdCallback@nodeNumber                  cstackBANK1  0001E3
nerdCallback@step                        cstackBANK0  0000B1
nvFactoryReset@i                         cstackBANK0  00009C
nvGetDiagnostic@index                    cstackBANK0  00008C
nvGetESDdata@id                          cstackBANK0  000089
nvPowerUp@i                              cstackBANK0  000098
nvProcessMessage@m                       cstackBANK1  0001EE
nvProcessMessage@valueOrError            cstackBANK1  0001F2
nvTRnvrdCallback@serviceIndex            cstackBANK0  0000B0
nvTRnvrdCallback@step                    cstackBANK0  0000B1
nvTRnvrdCallback@valueOrError            cstackBANK0  0000B2
pbDownTimer@timeout                      cstackBANK0  0000A4
pbUpTimer@timeout                        cstackBANK0  0000A4
pinMode@channel                          cstackBANK0  00008C
pinMode@mode                             cstackBANK0  000089
poll@handled                             cstackBANK2  00021E
poll@i                                   cstackBANK2  00021F
poll@m                                   cstackBANK2  000220
pollTimedResponse@result                 cstackBANK0  0000B4
pop@q                                    cstackBANK0  000089
pop@ret                                  cstackBANK0  000090
powerUp@i                                cstackBANK0  00009D
processEnumeration@enumResult            cstackBANK0  00009F
processEnumeration@i                     cstackBANK0  0000A1
processEnumeration@newCanId              cstackBANK0  0000A0
push@m                                   cstackBANK0  00008B
push@q                                   cstackBANK0  000089
quantity@q                               cstackBANK0  000089
readNVM@index                            cstackBANK0  00008D
readNVM@type                             cstackBANK0  000092
removeEvent@eventNumber                  cstackBANK0  0000A8
removeEvent@nodeNumber                   cstackBANK0  0000A6
removeEvent@tableIndex                   cstackBANK0  0000AA
removeTableEntry@i                       cstackBANK0  00009E
removeTableEntry@tableIndex              cstackBANK0  00009F
reqevCallback@ev                         cstackBANK1  0001E9
reqevCallback@eventNumber                cstackBANK1  0001ED
reqevCallback@nEv                        cstackBANK1  0001E8
reqevCallback@nodeNumber                 cstackBANK1  0001EB
reqevCallback@step                       cstackBANK0  0000B1
reqevCallback@tableIndex                 cstackBANK1  0001EF
sendMessage2@data1                       cstackBANK0  0000A8
sendMessage2@data2                       cstackBANK0  0000A9
sendMessage2@opc                         cstackBANK0  0000AA
sendMessage3@data1                       cstackBANK0  0000A8
sendMessage3@data2                       cstackBANK0  0000A9
sendMessage3@data3                       cstackBANK0  0000AA
sendMessage3@opc                         cstackBANK0  0000AB
sendMessage4@data1                       cstackBANK0  0000A8
sendMessage4@data2                       cstackBANK0  0000A9
sendMessage4@data3                       cstackBANK0  0000AA
sendMessage4@data4                       cstackBANK0  0000AB
sendMessage4@opc                         cstackBANK0  0000AC
sendMessage5@data1                       cstackBANK0  0000A8
sendMessage5@data2                       cstackBANK0  0000A9
sendMessage5@data3                       cstackBANK0  0000AA
sendMessage5@data4                       cstackBANK0  0000AB
sendMessage5@data5                       cstackBANK0  0000AC
sendMessage5@opc                         cstackBANK0  0000AD
sendMessage6@data1                       cstackBANK0  0000A8
sendMessage6@data2                       cstackBANK0  0000A9
sendMessage6@data3                       cstackBANK0  0000AA
sendMessage6@data4                       cstackBANK0  0000AB
sendMessage6@data5                       cstackBANK0  0000AC
sendMessage6@data6                       cstackBANK0  0000AD
sendMessage6@opc                         cstackBANK0  0000AE
sendMessage7@data1                       cstackBANK0  0000A8
sendMessage7@data2                       cstackBANK0  0000A9
sendMessage7@data3                       cstackBANK0  0000AA
sendMessage7@data4                       cstackBANK0  0000AB
sendMessage7@data5                       cstackBANK0  0000AC
sendMessage7@data6                       cstackBANK0  0000AD
sendMessage7@data7                       cstackBANK0  0000AE
sendMessage7@opc                         cstackBANK0  0000AF
sendMessage@data1                        cstackBANK0  00009E
sendMessage@data2                        cstackBANK0  00009F
sendMessage@data3                        cstackBANK0  0000A0
sendMessage@data4                        cstackBANK0  0000A1
sendMessage@data5                        cstackBANK0  0000A2
sendMessage@data6                        cstackBANK0  0000A3
sendMessage@data7                        cstackBANK0  0000A4
sendMessage@len                          cstackBANK0  00009D
sendMessage@opc                          cstackBANK0  0000A7
setNV@index                              cstackBANK0  00009E
setNV@oldValue                           cstackBANK0  00009D
setNV@value                              cstackBANK0  00009A
setNewCanId@newCanId                     cstackBANK0  00009A
setTimedResponseDelay@delay              cstackBANK0  000089
showStatus@s                             cstackBANK0  00008B
stackhi                                  (abs)        000000
stacklo                                  (abs)        000000
start                                    init         00001C
startTimedResponse@callback              cstackBANK0  00008E
startTimedResponse@serviceIndex          cstackBANK0  00008D
startTimedResponse@type                  cstackBANK0  000090
start_initialization                     cinit        007B5E
tableIndexToEvtIdx@tableIndex            cstackBANK0  000089
teachCheckLen@learn                      cstackBANK1  0001E6
teachCheckLen@m                          cstackBANK1  0001E3
teachCheckLen@needed                     cstackBANK1  0001E5
teachGetDiagnostic@index                 cstackBANK0  00008C
teachGetESDdata@id                       cstackBANK0  000089
teachPowerUp@i                           cstackBANK0  000089
teachProcessMessage@m                    cstackBANK1  0001EE
tickGet@IntFlag1                         cstackBANK0  00008E
tickGet@IntFlag2                         cstackBANK0  00008D
tickGet@currentTime                      cstackBANK0  00008F
ttemp5                                   temp         00004B
ttemp6                                   temp         00004E
ttemp7                                   temp         000052
writeEv@evNum                            cstackBANK0  00009A
writeEv@evVal                            cstackBANK0  00009B
writeEv@tableIndex                       cstackBANK0  0000A0
writeNVM@index                           cstackBANK0  000093
writeNVM@type                            cstackBANK0  000099
writeNVM@value                           cstackBANK0  000096
wtemp8                                   temp         00004B


MODULE INFORMATION

Module		Function		Class		Link	Load	Size
../../VLCBlib_PIC/event_consumer_simple.c
		_consumerGetDiagnostic		CODE           	7AD6	0000	68
		_consumerProcessMessage		CODE           	5008	0000	262

../../VLCBlib_PIC/event_consumer_simple.c estimated size: 330

C:\Program Files\Microchip\xc8\v2.46\pic\sources\c99\common\awdiv.c
		___awdiv       		CODE           	5DB8	0000	198

C:\Program Files\Microchip\xc8\v2.46\pic\sources\c99\common\awdiv.c estimated size: 198

../../VLCBlib_PIC/event_teach_simple.c
		_teachPowerUp  		CODE           	7EFC	0000	44
		_doReqev       		CODE           	4754	0000	374
		_doEvlrn       		CODE           	59A4	0000	224
		_nerdCallback  		CODE           	6E5C	0000	120
		_addEvent      		CODE           	34E2	0000	582
		_reqevCallback 		CODE           	65DC	0000	178
		_teachFactoryReset		CODE           	80B6	0000	6
		_removeEvent   		CODE           	7C8E	0000	54
		_doRqevn       		CODE           	7740	0000	84
		_teachGetDiagnostic		CODE           	7B1A	0000	68
		_getNN         		CODE           	5A84	0000	222
		_doNenrd       		CODE           	6ABC	0000	142
		_teachGetESDdata		CODE           	7DBA	0000	46
		_getEv         		CODE           	6ED4	0000	120
		_doNerd        		CODE           	8028	0000	26
		_writeEv       		CODE           	736E	0000	106
		_doEvuln       		CODE           	6C62	0000	134
		_numEv         		CODE           	80BC	0000	4
		_getEN         		CODE           	6D68	0000	122
		_tableIndexToEvtIdx		CODE           	80A6	0000	10
		_findEvent     		CODE           	7290	0000	114
		_doReval       		CODE           	6528	0000	180
		_clearAllEvents		CODE           	7FE8	0000	34
		_removeTableEntry		CODE           	4C9A	0000	320
		_teachCheckLen 		CODE           	6BD8	0000	138
		_teachProcessMessage		CODE           	153C	0000	2106
		_doNnclr       		CODE           	7D5C	0000	48
		_evtIdxToTableIndex		CODE           	809C	0000	10
		_doNnevn       		CODE           	7794	0000	84

../../VLCBlib_PIC/event_teach_simple.c estimated size: 5700

../../VLCBlib_PIC/can18_ecan.c
		_checkCANTimeout		CODE           	7442	0000	104
		_canFactoryReset		CODE           	800A	0000	30
		_canReceiveMessage		CODE           	3728	0000	546
		_checkTxFifo   		CODE           	4432	0000	420
		_canIsr        		CODE           	7A08	0000	70
		_canGetDiagnostic		CODE           	7930	0000	76
		_canPowerUp    		CODE           	3D4A	0000	476
		_canSendMessage		CODE           	3B66	0000	484
		_getBufferPointer		CODE           	5FFE	0000	190
		_setNewCanId   		CODE           	6F4C	0000	120
		_canFillRxFifo 		CODE           	40D6	0000	432
		_handleSelfEnumeration		CODE           	48CA	0000	330
		_processEnumeration		CODE           	3F26	0000	432
		_canEsdData    		CODE           	7F76	0000	38
		_canProcessMessage		CODE           	58C2	0000	226
		_canTxError    		CODE           	703C	0000	120

../../VLCBlib_PIC/can18_ecan.c estimated size: 4094

../../VLCBlib_PIC/messageQueue.c
		_getNextWriteMessage		CODE           	540C	0000	250
		_quantity      		CODE           	7BA0	0000	62
		_pop           		CODE           	5E7E	0000	192
		_push          		CODE           	2D9E	0000	930

../../VLCBlib_PIC/messageQueue.c estimated size: 1434

../../VLCBlib_PIC/ticktime.c
		_initTicker    		CODE           	78E0	0000	80
		_tickGet       		CODE           	6FC4	0000	120

../../VLCBlib_PIC/ticktime.c estimated size: 200

shared
		_eventTeachService		MEDIUMCONST    	FFA0	0000	18
		i2_checkTxFifo 		CODE           	45D6	0000	382
		i2_canFillRxFifo		CODE           	4286	0000	428
		_services      		MEDIUMCONST    	FF91	0000	10
		i2_getNextWriteMessage		CODE           	5506	0000	248
		i1_pop         		CODE           	5F3E	0000	192
		i2_pop         		CODE           	6238	0000	190
		_priorities    		MEDIUMCONST    	FE51	0000	256
		i2_checkCANTimeout		CODE           	74AA	0000	102
		i1_tickGet     		CODE           	70B4	0000	120
		i2_tickGet     		CODE           	6DE2	0000	122
		i2_canIsr      		CODE           	7C1A	0000	60
		_eventConsumerService		MEDIUMCONST    	FFE8	0000	18
		_mnsService    		MEDIUMCONST    	FFC4	0000	18
		_nvService     		MEDIUMCONST    	FFB2	0000	18
		__initialization		CODE           	7B5E	0000	56
		_canPri        		MEDIUMCONST    	FF9B	0000	5
		i1_updateModuleErrorStatus		CODE           	806A	0000	20
		i2_updateModuleErrorStatus		CODE           	807E	0000	20
		_configs       		MEDIUMCONST    	FF51	0000	64
		i1_getBufferPointer		CODE           	617A	0000	190
		i2_getBufferPointer		CODE           	646E	0000	186
		_name          		CODE           	0848	0000	8
		i2_canTxError  		CODE           	712C	0000	120
		_canService    		MEDIUMCONST    	FFD6	0000	18
		_canTransport  		MEDIUMCONST    	FFFA	0000	4

shared estimated size: 2873

C:\Program Files\Microchip\xc8\v2.46\pic\sources\c99\common\__lldiv.c
		___lldiv       		CODE           	668E	0000	166

C:\Program Files\Microchip\xc8\v2.46\pic\sources\c99\common\__lldiv.c estimated size: 166

../../VLCBlib_PIC/statusLeds2.c
		_showStatus    		CODE           	4A14	0000	326
		_leds_poll     		CODE           	3140	0000	930
		_leds_powerUp  		CODE           	7D2C	0000	48

../../VLCBlib_PIC/statusLeds2.c estimated size: 1304

../../VLCBlib_PIC/mns.c
		_getParameterFlags		CODE           	6CE8	0000	128
		_mnsTRrqnpnCallback		CODE           	7C56	0000	56
		_mnsLowIsr     		CODE           	7F28	0000	40
		_setLEDsByMode 		CODE           	7BDE	0000	60
		_mnsProcessMessage		CODE           	0850	0000	3308
		_mnsTRserviceDiscoveryCallback		CODE           	67D4	0000	156
		_mnsFactoryReset		CODE           	721A	0000	118
		_mnsGetDiagnostic		CODE           	7A92	0000	68
		_updateModuleErrorStatus		CODE           	8056	0000	20
		_mnsTRallDiagnosticsCallback		CODE           	4EFE	0000	266
		_getParameter  		CODE           	4DDA	0000	292
		_mnsPowerUp    		CODE           	4B5A	0000	320
		_mnsPoll       		CODE           	29FC	0000	930

../../VLCBlib_PIC/mns.c estimated size: 5762

../../VLCBlib_PIC/vlcb.c
		_lowIsr        		CODE           	55FE	0000	238
		_have          		CODE           	6998	0000	146
		_factoryReset  		CODE           	510E	0000	260
		_isrLow        		CODE           	56EC	0000	130
		_pbUpTimer     		CODE           	5B62	0000	200
		_checkLen      		CODE           	6734	0000	160
		_main          		CODE           	7632	0000	92
		_highIsr       		CODE           	57D8	0000	234
		_powerUp       		CODE           	5310	0000	252
		_findServiceIndex		CODE           	6A2A	0000	146
		_setTimedResponseDelay		CODE           	8092	0000	10
		_poll          		CODE           	220C	0000	1046
		_checkPowerOnPb		CODE           	63B2	0000	188
		_isrHigh       		CODE           	576E	0000	106
		_sendMessage   		CODE           	6870	0000	148
		_sendMessage2  		CODE           	7EA0	0000	46
		_sendMessage3  		CODE           	7E72	0000	46
		_sendMessage4  		CODE           	7E44	0000	46
		_sendMessage5  		CODE           	7ECE	0000	46
		_sendMessage6  		CODE           	7E16	0000	46
		_sendMessage7  		CODE           	7DE8	0000	46
		_pbDownTimer   		CODE           	5C2A	0000	200

../../VLCBlib_PIC/vlcb.c estimated size: 3832

C:\Program Files\Microchip\xc8\v2.46\pic\sources\c99\common\memcpy.c
		_memcpy        		CODE           	783C	0000	82

C:\Program Files\Microchip\xc8\v2.46\pic\sources\c99\common\memcpy.c estimated size: 82

main.c
		_loop          		CODE           	62F6	0000	188
		_APP_nvValidate		CODE           	7CC4	0000	54
		_APP_isSuitableTimeToWriteFlash		CODE           	80C8	0000	4
		_APP_nvValueChanged		CODE           	80CC	0000	2
		_APP_preProcessMessage		CODE           	80C0	0000	4
		_APP_factoryReset		CODE           	80CE	0000	2
		_APP_processConsumedEvent		CODE           	7F9C	0000	38
		_APP_nvDefault 		CODE           	7FC2	0000	38
		_APP_lowIsr    		CODE           	80D2	0000	2
		_setup         		CODE           	797C	0000	70
		_APP_testMode  		CODE           	80D0	0000	2
		_APP_postProcessMessage		CODE           	80C4	0000	4
		_APP_highIsr   		CODE           	80D4	0000	2

main.c estimated size: 410

../../VLCBlib_PIC/timedResponse.c
		_pollTimedResponse		CODE           	5CF2	0000	198
		_startTimedResponse		CODE           	7572	0000	98
		_initTimedResponse		CODE           	80B0	0000	6

../../VLCBlib_PIC/timedResponse.c estimated size: 302

../../VLCBlib_PIC/arduino.c
		_digitalWrite  		CODE           	394A	0000	540
		_pinMode       		CODE           	1D76	0000	1174

../../VLCBlib_PIC/arduino.c estimated size: 1714

C:\Program Files\Microchip\xc8\v2.46\pic\sources\c99\common\Umul32.c
		___lmul        		CODE           	7302	0000	108

C:\Program Files\Microchip\xc8\v2.46\pic\sources\c99\common\Umul32.c estimated size: 108

../../VLCBlib_PIC/nv.c
		_nvGetESDdata  		CODE           	7F50	0000	38
		_nvPowerUp     		CODE           	7D8C	0000	46
		_nvTRnvrdCallback		CODE           	768E	0000	90
		_loadNvCache   		CODE           	7510	0000	98
		_nvGetDiagnostic		CODE           	7A4E	0000	68
		_nvFactoryReset		CODE           	79C2	0000	70
		_nvProcessMessage		CODE           	2622	0000	986
		_getNV         		CODE           	788E	0000	82
		_setNV         		CODE           	6B4A	0000	142

../../VLCBlib_PIC/nv.c estimated size: 1620

../../VLCBlib_PIC/nvm.c
		_readNVM       		CODE           	71A4	0000	118
		_flushFlashBlock		CODE           	60BC	0000	190
		_EEPROM_Read   		CODE           	7CFA	0000	50
		_EEPROM_Write  		CODE           	6904	0000	148
		_FLASH_Write   		CODE           	5212	0000	254
		_initRomOps    		CODE           	8042	0000	20
		_loadFlashBlock		CODE           	77E8	0000	84
		_writeNVM      		CODE           	75D4	0000	94
		_FLASH_Read    		CODE           	76E8	0000	88
		_eraseFlashBlock		CODE           	73D8	0000	106

../../VLCBlib_PIC/nvm.c estimated size: 1152

