Microchip MPLAB XC8 Compiler V2.46

Linker command line:

-W-3 \
  --edf=C:\Program Files\Microchip\xc8\v2.46\pic\dat\20240104201356_en.msgs \
  -cn -h+dist/default/production\BlinkNV.production.sym \
  --cmf=dist/default/production\BlinkNV.production.cmf -z -Q18F26K80 \
  -oC:\Users\ianwh\AppData\Local\Temp\xcAs12c4.\driver_tmp_3.o \
  --defsym=__MPLAB_BUILD=1 --fixupoverflow=error \
  -Mdist/default/production/BlinkNV.production.map \
  --md=C:\Users\ianwh\AppData\Local\Temp\xcAs12c4.\driver_tmp_0.dat -E1 \
  -ver=XC8 Compiler --acfsm=1493 -p_name_text=848h -ACODE=00h-0FFFFh \
  -ACONST=00h-0FFFFh -ASMALLCONST=0F00h-0FFFhx241 \
  -AMEDIUMCONST=0F00h-0FFFFh -ACOMRAM=01h-05Fh -AABS1=00h-0E40h \
  -ABIGRAM=01h-0E40h -ARAM=060h-0FFh,0100h-01FFhx13,0E00h-0E40h \
  -ABANK0=060h-0FFh -ABANK1=0100h-01FFh -ABANK2=0200h-02FFh \
  -ABANK3=0300h-03FFh -ABANK4=0400h-04FFh -ABANK5=0500h-05FFh \
  -ABANK6=0600h-06FFh -ABANK7=0700h-07FFh -ABANK8=0800h-08FFh \
  -ABANK9=0900h-09FFh -ABANK10=0A00h-0AFFh -ABANK11=0B00h-0BFFh \
  -ABANK12=0C00h-0CFFh -ABANK13=0D00h-0DFFh -ABANK14=0E00h-0E40h \
  -ASFR=0E41h-0EFFh,0F00h-0F5Fh,0F60h-0FFFh -ABIGSFR=0E41h-0FFFh \
  -ACONFIG=0300000h-030000Dh -AIDLOC=0200000h-0200007h \
  -AEEDATA=0F00000h-0F003FFh -peeprom_data=EEDATA \
  -preset_vec=00h,intcode=8h,intcodelo=18h,powerup,init -pramtop=0F00h \
  -psmallconst=SMALLCONST -pmediumconst=MEDIUMCONST -pconst=CONST \
  -AFARRAM=00h-00h \
  -prdata=COMRAM,nvrram=COMRAM,nvbit=COMRAM,rbss=COMRAM,rbit=COMRAM \
  -pfarbss=FARRAM,fardata=FARRAM,nvFARRAM=FARRAM \
  -pintsave_regs=BIGRAM,bigbss=BIGRAM,bigdata=BIGRAM -pbss=RAM \
  -pidata=CODE,irdata=CODE,ibigdata=CODE,ifardata=CODE -prparam=COMRAM \
  C:\Users\ianwh\AppData\Local\Temp\xcAs12c4.\driver_tmp_9.o \
  dist/default/production\BlinkNV.production.o 

Object code version is 3.11

Machine type is 18F26K80



                Name                               Link     Load   Length Selector   Space Scale
C:\Users\ianwh\AppData\Local\Temp\xcAs12c4.\driver_tmp_9.o
                config                           300000   300000        E        0       4
                init                                 1C       1C        4        C       0
                reset_vec                             0        0        4        0       0
dist/default/production\BlinkNV.production.o
                intcodelo                            18       18        4        C       0
                intcode                               8        8        4        4       0
                config                           300000   300000        E        0       4
                temp                                 4A       4A        1        1       1
                mediumconst                        FE78     FE78      188     7F3C       0
                text112                            6790     6790        2      424       0
                text111                            50E6     50E6       BA      424       0
                text110                            4910     4910       E6      424       0
                text109                            6758     6758       14      424       0
                text108                            37B0     37B0      1A8      424       0
                text107                            5300     5300       AE      424       0
                text106                            58D8     58D8       7A      424       0
                text105                            3AF8     3AF8      17A      424       0
                text104                            5B32     5B32       78      424       0
                text103                            5DD4     5DD4       66      424       0
                text102                            63D2     63D2       3C      424       0
                text101                            473E     473E       EA      424       0
                text99                             678E     678E        2      424       0
                text98                             4828     4828       E8      424       0
                text97                             4F6C     4F6C       BE      424       0
                text96                             6744     6744       14      424       0
                text95                             3604     3604      1AC      424       0
                text94                             5250     5250       B0      424       0
                text93                             5ABA     5ABA       78      424       0
                text92                             3958     3958      1A0      424       0
                text91                             5A42     5A42       78      424       0
                text90                             5D6C     5D6C       68      424       0
                text89                             6664     6664       28      424       0
                text88                             6244     6244       46      424       0
                text87                             4564     4564       EE      424       0
                mainSec                            4652     4652       EC      424       0
                text85                             678C     678C        2      424       0
                text84                             678A     678A        2      424       0
                text83                             64B4     64B4       32      424       0
                text82                             6730     6730       14      424       0
                text81                             5584     5584       94      424       0
                text80                             6784     6784        4      424       0
                text79                             5D02     5D02       6A      424       0
                text78                             4EAE     4EAE       BE      424       0
                text77                             606A     606A       54      424       0
                text76                             436A     436A       FE      424       0
                text75                             5EFE     5EFE       5E      424       0
                text74                             66D8     66D8       26      424       0
                text73                             61FE     61FE       46      424       0
                text72                             66FE     66FE       1E      424       0
                text71                             5C20     5C20       76      424       0
                text70                             4164     4164      104      424       0
                text69                             53AE     53AE       A6      424       0
                text68                             5C96     5C96       6C      424       0
                text67                             4C66     4C66       C6      424       0
                text66                             59CA     59CA       78      424       0
                text65                             2532     2532      3A2      424       0
                text64                             4B9E     4B9E       C8      424       0
                text63                             4AD6     4AD6       C8      424       0
                text62                             3DBC     3DBC      146      424       0
                text61                             502A     502A       BC      424       0
                text60                             671C     671C       14      424       0
                text59                             2E82     2E82      21C      424       0
                text58                             6110     6110       52      424       0
                text57                             57CA     57CA       8E      424       0
                text56                             6780     6780        4      424       0
                text55                             677C     677C        4      424       0
                text54                             28D4     28D4      370      424       0
                text53                             6446     6446       38      424       0
                text52                             309E     309E      1DC      424       0
                text51                             54EE     54EE       96      424       0
                text50                             6606     6606       30      424       0
                text49                             4DF0     4DF0       BE      424       0
                text48                             3C72     3C72      14A      424       0
                text47                             60BE     60BE       52      424       0
                text46                             51A0     51A0       B0      424       0
                text45                             5952     5952       78      424       0
                text44                             3454     3454      1B0      424       0
                text43                             2C44     2C44      23E      424       0
                text42                             65D6     65D6       30      424       0
                text41                             6396     6396       3C      424       0
                text40                             1D88     1D88      3E6      424       0
                text39                             56AA     56AA       92      424       0
                text38                             5618     5618       92      424       0
                text37                             5858     5858       80      424       0
                text36                             4040     4040      124      424       0
                text35                             62CE     62CE       44      424       0
                text34                             61B2     61B2       4C      424       0
                text33                             628A     628A       44      424       0
                text32                             66B2     66B2       26      424       0
                text31                             668C     668C       26      424       0
                text30                             65A6     65A6       30      424       0
                text29                             6576     6576       30      424       0
                text28                             6546     6546       30      424       0
                text27                             6516     6516       30      424       0
                text26                             5E9C     5E9C       62      424       0
                text25                             647E     647E       36      424       0
                text24                             6788     6788        2      424       0
                text23                             573C     573C       8E      424       0
                text22                             216E     216E      3C4      424       0
                text21                             49F6     49F6       E0      424       0
                text20                              850      850      C8C      424       0
                text19                             5FB8     5FB8       5A      424       0
                text18                             640E     640E       38      424       0
                text17                             4268     4268      102      424       0
                text16                             5454     5454       9A      424       0
                text15                             4D2C     4D2C       C4      424       0
                text14                             1972     1972      416      424       0
                text13                             6012     6012       58      424       0
                text12                             5BAA     5BAA       76      424       0
                text11                             6162     6162       50      424       0
                text10                             6776     6776        6      424       0
                text9                              64E6     64E6       30      424       0
                text8                              5E3A     5E3A       62      424       0
                text7                              6636     6636       2E      424       0
                text6                              327A     327A      1DA      424       0
                text5                              3F02     3F02      13E      424       0
                text4                              4468     4468       FC      424       0
                text3                              14DC     14DC      496      424       0
                text2                              676C     676C        A      424       0
                text1                              6354     6354       42      424       0
                text0                              5F5C     5F5C       5C      424       0
                cstackCOMRAM                          1        1       26        1       1
                cstackBANK0                          60       60       45       60       1
                cstackBANK1                         1CD      1CD       32      100       1
                cstackBANK2                         200      200        B      200       1
                bssBIGRAM                           20B      20B      120      20B       1
                bssBANK1                            100      100       CD      100       1
                bssBANK0                             A5       A5       32       60       1
                bssCOMRAM                            27       27       23        1       1
                cinit                              6312     6312       42      424       0
                _name_text                          848      848        8      424       0

TOTAL           Name                               Link     Load   Length     Space
        CLASS   CODE           
                intcodelo                            18       18        4         0
                intcode                               8        8        4         0
                init                                 1C       1C        4         0
                reset_vec                             0        0        4         0
                text112                            6790     6790        2         0
                text111                            50E6     50E6       BA         0
                text110                            4910     4910       E6         0
                text109                            6758     6758       14         0
                text108                            37B0     37B0      1A8         0
                text107                            5300     5300       AE         0
                text106                            58D8     58D8       7A         0
                text105                            3AF8     3AF8      17A         0
                text104                            5B32     5B32       78         0
                text103                            5DD4     5DD4       66         0
                text102                            63D2     63D2       3C         0
                text101                            473E     473E       EA         0
                text99                             678E     678E        2         0
                text98                             4828     4828       E8         0
                text97                             4F6C     4F6C       BE         0
                text96                             6744     6744       14         0
                text95                             3604     3604      1AC         0
                text94                             5250     5250       B0         0
                text93                             5ABA     5ABA       78         0
                text92                             3958     3958      1A0         0
                text91                             5A42     5A42       78         0
                text90                             5D6C     5D6C       68         0
                text89                             6664     6664       28         0
                text88                             6244     6244       46         0
                text87                             4564     4564       EE         0
                mainSec                            4652     4652       EC         0
                text85                             678C     678C        2         0
                text84                             678A     678A        2         0
                text83                             64B4     64B4       32         0
                text82                             6730     6730       14         0
                text81                             5584     5584       94         0
                text80                             6784     6784        4         0
                text79                             5D02     5D02       6A         0
                text78                             4EAE     4EAE       BE         0
                text77                             606A     606A       54         0
                text76                             436A     436A       FE         0
                text75                             5EFE     5EFE       5E         0
                text74                             66D8     66D8       26         0
                text73                             61FE     61FE       46         0
                text72                             66FE     66FE       1E         0
                text71                             5C20     5C20       76         0
                text70                             4164     4164      104         0
                text69                             53AE     53AE       A6         0
                text68                             5C96     5C96       6C         0
                text67                             4C66     4C66       C6         0
                text66                             59CA     59CA       78         0
                text65                             2532     2532      3A2         0
                text64                             4B9E     4B9E       C8         0
                text63                             4AD6     4AD6       C8         0
                text62                             3DBC     3DBC      146         0
                text61                             502A     502A       BC         0
                text60                             671C     671C       14         0
                text59                             2E82     2E82      21C         0
                text58                             6110     6110       52         0
                text57                             57CA     57CA       8E         0
                text56                             6780     6780        4         0
                text55                             677C     677C        4         0
                text54                             28D4     28D4      370         0
                text53                             6446     6446       38         0
                text52                             309E     309E      1DC         0
                text51                             54EE     54EE       96         0
                text50                             6606     6606       30         0
                text49                             4DF0     4DF0       BE         0
                text48                             3C72     3C72      14A         0
                text47                             60BE     60BE       52         0
                text46                             51A0     51A0       B0         0
                text45                             5952     5952       78         0
                text44                             3454     3454      1B0         0
                text43                             2C44     2C44      23E         0
                text42                             65D6     65D6       30         0
                text41                             6396     6396       3C         0
                text40                             1D88     1D88      3E6         0
                text39                             56AA     56AA       92         0
                text38                             5618     5618       92         0
                text37                             5858     5858       80         0
                text36                             4040     4040      124         0
                text35                             62CE     62CE       44         0
                text34                             61B2     61B2       4C         0
                text33                             628A     628A       44         0
                text32                             66B2     66B2       26         0
                text31                             668C     668C       26         0
                text30                             65A6     65A6       30         0
                text29                             6576     6576       30         0
                text28                             6546     6546       30         0
                text27                             6516     6516       30         0
                text26                             5E9C     5E9C       62         0
                text25                             647E     647E       36         0
                text24                             6788     6788        2         0
                text23                             573C     573C       8E         0
                text22                             216E     216E      3C4         0
                text21                             49F6     49F6       E0         0
                text20                              850      850      C8C         0
                text19                             5FB8     5FB8       5A         0
                text18                             640E     640E       38         0
                text17                             4268     4268      102         0
                text16                             5454     5454       9A         0
                text15                             4D2C     4D2C       C4         0
                text14                             1972     1972      416         0
                text13                             6012     6012       58         0
                text12                             5BAA     5BAA       76         0
                text11                             6162     6162       50         0
                text10                             6776     6776        6         0
                text9                              64E6     64E6       30         0
                text8                              5E3A     5E3A       62         0
                text7                              6636     6636       2E         0
                text6                              327A     327A      1DA         0
                text5                              3F02     3F02      13E         0
                text4                              4468     4468       FC         0
                text3                              14DC     14DC      496         0
                text2                              676C     676C        A         0
                text1                              6354     6354       42         0
                text0                              5F5C     5F5C       5C         0
                cinit                              6312     6312       42         0
                _name_text                          848      848        8         0

        CLASS   CONST          

        CLASS   SMALLCONST     

        CLASS   MEDIUMCONST    
                mediumconst                        FE78     FE78      188         0

        CLASS   COMRAM         
                temp                                 4A       4A        1         1
                cstackCOMRAM                          1        1       26         1
                bssCOMRAM                            27       27       23         1

        CLASS   ABS1           

        CLASS   BIGRAM         
                bssBIGRAM                           20B      20B      120         1

        CLASS   RAM            

        CLASS   BANK0          
                cstackBANK0                          60       60       45         1
                bssBANK0                             A5       A5       32         1

        CLASS   BANK1          
                cstackBANK1                         1CD      1CD       32         1
                bssBANK1                            100      100       CD         1

        CLASS   BANK2          
                cstackBANK2                         200      200        B         1

        CLASS   BANK3          

        CLASS   BANK4          

        CLASS   BANK5          

        CLASS   BANK6          

        CLASS   BANK7          

        CLASS   BANK8          

        CLASS   BANK9          

        CLASS   BANK10         

        CLASS   BANK11         

        CLASS   BANK12         

        CLASS   BANK13         

        CLASS   BANK14         

        CLASS   SFR            

        CLASS   BIGSFR         

        CLASS   CONFIG         
                config                           300000   300000        E         4

        CLASS   IDLOC          

        CLASS   EEDATA         

        CLASS   FARRAM         

        CLASS   HEAP           

        CLASS   STACK          



SEGMENTS        Name                           Load    Length   Top    Selector   Space  Class

                reset_vec                      000000  000004  000004         0       0  CODE    
                cstackCOMRAM                   000001  00004A  00004B         1       1  COMRAM  
                intcode                        000008  000004  00000C         4       0  CODE    
                intcodelo                      000018  000008  000020         C       0  CODE    
                cstackBANK0                    000060  000077  0000D7        60       1  BANK0   
                bssBANK1                       000100  0000FF  0001FF       100       1  BANK1   
                cstackBANK2                    000200  00000B  00020B       200       1  BANK2   
                bssBIGRAM                      00020B  000120  00032B       20B       1  BIGRAM  
                _name_text                     000848  005F4A  006792       424       0  CODE    
                mediumconst                    00FE78  000188  010000      7F3C       0  MEDIUMCO


UNUSED ADDRESS RANGES

        Name                Unused          Largest block    Delta
        BANK0            0000D7-0000FF               29
        BANK1            0001FF-0001FF                1
        BANK10           000A00-000AFF              100
        BANK11           000B00-000BFF              100
        BANK12           000C00-000CFF              100
        BANK13           000D00-000DFF              100
        BANK14           000E00-000E40               41
        BANK3            00032B-0003FF               D5
        BANK4            000400-0004FF              100
        BANK5            000500-0005FF              100
        BANK6            000600-0006FF              100
        BANK7            000700-0007FF              100
        BANK8            000800-0008FF              100
        BANK9            000900-0009FF              100
        BIGRAM           00004B-00005F               15
                         0000D7-0000FF               29
                         0001FF-0001FF                1
                         00032B-000E40              B16
        BIGSFR           000E41-000FFF              1BF
        CODE             000004-000007                4
                         00000C-000017                C
                         000020-000847              828
                         006792-00FE77             96E6
        COMRAM           00004B-00005F               15
        CONST            000004-000007                4
                         00000C-000017                C
                         000020-000847              828
                         006792-00FE77             96E6
        EEDATA           F00000-F003FF              400
        IDLOC            200000-200007                8
        MEDIUMCONST      006792-00FE77             96E6
        RAM              0000D7-0000FF               29
                         0001FF-0001FF                1
                         00032B-000E40              100
        SFR              000E41-000FFF               BF
        SMALLCONST       006792-00FE77              100

                                  Symbol Table

?___awdiv                                cstackBANK0  000089
?___lldiv                                cstackBANK0  000093
?___lmul                                 cstackBANK0  00008D
?_canGetDiagnostic                       cstackBANK0  000089
?_getBufferPointer                       cstackBANK0  000089
?_getNV                                  cstackBANK0  000089
?_getNextWriteMessage                    cstackBANK0  000060
?_mnsGetDiagnostic                       cstackBANK0  000089
?_nvGetDiagnostic                        cstackBANK0  000089
?_pop                                    cstackBANK0  000089
?_readNVM                                cstackBANK0  00008D
?_tickGet                                cstackBANK0  000089
?i1_getBufferPointer                     cstackBANK0  000060
?i1_pop                                  cstackBANK0  000060
?i1_tickGet                              cstackBANK0  000060
?i2_getBufferPointer                     cstackCOMRAM 000001
?i2_getNextWriteMessage                  cstackCOMRAM 000001
?i2_pop                                  cstackCOMRAM 000001
?i2_tickGet                              cstackCOMRAM 000001
APP_nvDefault@index                      cstackBANK0  000089
APP_nvValidate@index                     cstackBANK0  00008A
APP_nvValidate@value                     cstackBANK0  000089
APP_nvValueChanged@newValue              cstackBANK0  000089
APP_nvValueChanged@oldValue              cstackBANK0  00008A
APP_postProcessMessage@m                 cstackBANK0  000089
APP_preProcessMessage@m                  cstackBANK0  000089
EEPROM_Read@index                        cstackBANK0  000089
EEPROM_Write@index                       cstackBANK0  00008B
EEPROM_Write@interruptEnabled            cstackBANK0  00008E
EEPROM_Write@value                       cstackBANK0  00008D
FLASH_Read@address                       cstackBANK0  000089
FLASH_Write@index                        cstackBANK0  00008C
FLASH_Write@value                        cstackBANK0  00008E
_ANCON0                                  (abs)        000F5D
_ANCON1                                  (abs)        000F5C
_APP_factoryReset                        text84       00678A
_APP_highIsr                             text112      006790
_APP_isSuitableTimeToWriteFlash          text80       006784
_APP_lowIsr                              text99       00678E
_APP_nvDefault                           text74       0066D8
_APP_nvValidate                          text25       00647E
_APP_nvValueChanged                      text24       006788
_APP_postProcessMessage                  text56       006780
_APP_preProcessMessage                   text55       00677C
_APP_testMode                            text85       00678C
_B0CON                                   (abs)        000E80
_B1CON                                   (abs)        000E90
_B2CON                                   (abs)        000EA0
_B3CON                                   (abs)        000EB0
_B4CON                                   (abs)        000EC0
_B5CON                                   (abs)        000ED0
_BIE0                                    (abs)        000E7E
_BRGCON1                                 (abs)        000E43
_BRGCON2                                 (abs)        000E44
_BRGCON3                                 (abs)        000E45
_BSEL0                                   (abs)        000E7D
_CANCON                                  (abs)        000F6F
_CANSTATbits                             (abs)        000F6E
_CIOCON                                  (abs)        000F70
_COMSTATbits                             (abs)        000F71
_ECANCON                                 (abs)        000F72
_EEADR                                   (abs)        000F74
_EEADRH                                  (abs)        000F75
_EECON1                                  (abs)        000F7F
_EECON1bits                              (abs)        000F7F
_EECON2                                  (abs)        000F7E
_EEDATA                                  (abs)        000F73
_EEIF                                    (abs)        007DBE
_EEPROM_Read                             text83       0064B4
_EEPROM_Write                            text81       005584
_EnumerationState                        bssCOMRAM    000037
_FLASH_Read                              text13       006012
_FLASH_Write                             text76       00436A
_INTCON2bits                             (abs)        000FF1
_INTCONbits                              (abs)        000FF2
_IPR5                                    (abs)        000F78
_LATA                                    (abs)        000F89
_LATB                                    (abs)        000F8A
_LATBbits                                (abs)        000F8A
_LATC                                    (abs)        000F8B
_MSEL0                                   (abs)        000E79
_OSCTUNEbits                             (abs)        000F9B
_PIE5bits                                (abs)        000F76
_PIR5bits                                (abs)        000F77
_PORTA                                   (abs)        000F80
_PORTAbits                               (abs)        000F80
_PORTB                                   (abs)        000F81
_PORTC                                   (abs)        000F82
_RCONbits                                (abs)        000FD0
_RXB0CON                                 (abs)        000F60
_RXB1CON                                 (abs)        000F30
_RXF0SIDL                                (abs)        000EE1
_RXFBCON0                                (abs)        000E71
_RXFCON0                                 (abs)        000E46
_RXM0EIDH                                (abs)        000EFA
_RXM0EIDL                                (abs)        000EFB
_RXM0SIDH                                (abs)        000EF8
_RXM0SIDL                                (abs)        000EF9
_T0CON                                   (abs)        000FD5
_T0CONbits                               (abs)        000FD5
_TABLAT                                  (abs)        000FF5
_TBLPTR                                  (abs)        000FF6
_TBLPTRU                                 (abs)        000FF8
_TMR0H                                   (abs)        000FD7
_TMR0L                                   (abs)        000FD6
_TRISA                                   (abs)        000F92
_TRISAbits                               (abs)        000F92
_TRISB                                   (abs)        000F93
_TRISBbits                               (abs)        000F93
_TRISC                                   (abs)        000F94
_TXB0CON                                 (abs)        000F20
_TXB0CONbits                             (abs)        000F20
_TXB0D0                                  (abs)        000F26
_TXB0D1                                  (abs)        000F27
_TXB0D2                                  (abs)        000F28
_TXB0D3                                  (abs)        000F29
_TXB0D4                                  (abs)        000F2A
_TXB0D5                                  (abs)        000F2B
_TXB0D6                                  (abs)        000F2C
_TXB0D7                                  (abs)        000F2D
_TXB0DLC                                 (abs)        000F25
_TXB0SIDH                                (abs)        000F21
_TXB0SIDL                                (abs)        000F22
_TXB1CON                                 (abs)        000F10
_TXB1CONbits                             (abs)        000F10
_TXB1DLC                                 (abs)        000F15
_TXB1SIDH                                (abs)        000F11
_TXB1SIDL                                (abs)        000F12
_TXB2CON                                 (abs)        000F00
_TXB2CONbits                             (abs)        000F00
_TXB2DLC                                 (abs)        000F05
_TXB2SIDH                                (abs)        000F01
_TXB2SIDL                                (abs)        000F02
_TXBIEbits                               (abs)        000E7F
__HRAM                                   (abs)        000000
__H__absolute__                          __absolute__ 000000
__H_name_text                            _name_text   000850
__Habs1                                  abs1         000000
__Hbank0                                 bank0        000000
__Hbank1                                 bank1        000000
__Hbank10                                bank10       000000
__Hbank11                                bank11       000000
__Hbank12                                bank12       000000
__Hbank13                                bank13       000000
__Hbank14                                bank14       000000
__Hbank2                                 bank2        000000
__Hbank3                                 bank3        000000
__Hbank4                                 bank4        000000
__Hbank5                                 bank5        000000
__Hbank6                                 bank6        000000
__Hbank7                                 bank7        000000
__Hbank8                                 bank8        000000
__Hbank9                                 bank9        000000
__Hbigbss                                bigbss       000000
__Hbigdata                               bigdata      000000
__Hbigram                                bigram       000000
__Hbigsfr                                bigsfr       000000
__Hbss                                   bss          000000
__HbssBANK0                              bssBANK0     000000
__HbssBANK1                              bssBANK1     000000
__HbssBIGRAM                             bssBIGRAM    000000
__HbssCOMRAM                             bssCOMRAM    000000
__Hcinit                                 cinit        000000
__Hclrtext                               clrtext      000000
__Hcomram                                comram       000000
__Hconfig                                config       30000E
__Hconst                                 const        000000
__HcstackBANK0                           cstackBANK0  000000
__HcstackBANK1                           cstackBANK1  000000
__HcstackBANK2                           cstackBANK2  000000
__HcstackCOMRAM                          cstackCOMRAM 000000
__Hdata                                  data         000000
__Heeprom_data                           eeprom_data  000000
__Hfarbss                                farbss       000000
__Hfardata                               fardata      000000
__Hheap                                  heap         000000
__Hibigdata                              ibigdata     000000
__Hidata                                 idata        000000
__Hidloc                                 idloc        000000
__Hifardata                              ifardata     000000
__Hinit                                  init         000020
__Hintcode                               intcode      00000C
__Hintcode_body                          intcode_body 000000
__Hintcodelo                             intcodelo    00001C
__Hintentry                              intentry     000000
__Hintret                                intret       000000
__Hintsave_regs                          intsave_regs 000000
__Hirdata                                irdata       000000
__HmainSec                               mainSec      000000
__Hmediumconst                           mediumconst  010000
__HnvFARRAM                              nvFARRAM     000000
__Hnvbit                                 nvbit        000000
__Hnvrram                                nvrram       000000
__Hparam                                 rparam       000000
__Hpowerup                               powerup      00001C
__Hram                                   ram          000000
__Hramtop                                ramtop       000F00
__Hrbit                                  rbit         000000
__Hrbss                                  rbss         000000
__Hrdata                                 rdata        000000
__Hreset_vec                             reset_vec    000004
__Hrparam                                rparam       000000
__Hsfr                                   sfr          000000
__Hsivt_hi                               sivt_hi      000000
__Hsivt_lo                               sivt_lo      000000
__Hsmallconst                            smallconst   000000
__Hspace_0                               (abs)        010000
__Hspace_1                               (abs)        00032B
__Hspace_2                               (abs)        000000
__Hspace_4                               (abs)        60000E
__Hstack                                 stack        000000
__Hstruct                                struct       000000
__Htemp                                  temp         00004B
__Htext                                  text         000000
__Htext0                                 text0        000000
__Htext1                                 text1        000000
__Htext10                                text10       000000
__Htext101                               text101      000000
__Htext102                               text102      000000
__Htext103                               text103      000000
__Htext104                               text104      000000
__Htext105                               text105      000000
__Htext106                               text106      000000
__Htext107                               text107      000000
__Htext108                               text108      000000
__Htext109                               text109      000000
__Htext11                                text11       000000
__Htext110                               text110      000000
__Htext111                               text111      000000
__Htext112                               text112      000000
__Htext12                                text12       000000
__Htext13                                text13       000000
__Htext14                                text14       000000
__Htext15                                text15       000000
__Htext16                                text16       000000
__Htext17                                text17       000000
__Htext18                                text18       000000
__Htext19                                text19       000000
__Htext2                                 text2        000000
__Htext20                                text20       000000
__Htext21                                text21       000000
__Htext22                                text22       000000
__Htext23                                text23       000000
__Htext24                                text24       000000
__Htext25                                text25       000000
__Htext26                                text26       000000
__Htext27                                text27       000000
__Htext28                                text28       000000
__Htext29                                text29       000000
__Htext3                                 text3        000000
__Htext30                                text30       000000
__Htext31                                text31       000000
__Htext32                                text32       000000
__Htext33                                text33       000000
__Htext34                                text34       000000
__Htext35                                text35       000000
__Htext36                                text36       000000
__Htext37                                text37       000000
__Htext38                                text38       000000
__Htext39                                text39       000000
__Htext4                                 text4        000000
__Htext40                                text40       000000
__Htext41                                text41       000000
__Htext42                                text42       000000
__Htext43                                text43       000000
__Htext44                                text44       000000
__Htext45                                text45       000000
__Htext46                                text46       000000
__Htext47                                text47       000000
__Htext48                                text48       000000
__Htext49                                text49       000000
__Htext5                                 text5        000000
__Htext50                                text50       000000
__Htext51                                text51       000000
__Htext52                                text52       000000
__Htext53                                text53       000000
__Htext54                                text54       000000
__Htext55                                text55       000000
__Htext56                                text56       000000
__Htext57                                text57       000000
__Htext58                                text58       000000
__Htext59                                text59       000000
__Htext6                                 text6        000000
__Htext60                                text60       000000
__Htext61                                text61       000000
__Htext62                                text62       000000
__Htext63                                text63       000000
__Htext64                                text64       000000
__Htext65                                text65       000000
__Htext66                                text66       000000
__Htext67                                text67       000000
__Htext68                                text68       000000
__Htext69                                text69       000000
__Htext7                                 text7        000000
__Htext70                                text70       000000
__Htext71                                text71       000000
__Htext72                                text72       000000
__Htext73                                text73       000000
__Htext74                                text74       000000
__Htext75                                text75       000000
__Htext76                                text76       000000
__Htext77                                text77       000000
__Htext78                                text78       000000
__Htext79                                text79       000000
__Htext8                                 text8        000000
__Htext80                                text80       000000
__Htext81                                text81       000000
__Htext82                                text82       000000
__Htext83                                text83       000000
__Htext84                                text84       000000
__Htext85                                text85       000000
__Htext87                                text87       000000
__Htext88                                text88       000000
__Htext89                                text89       000000
__Htext9                                 text9        000000
__Htext90                                text90       000000
__Htext91                                text91       000000
__Htext92                                text92       000000
__Htext93                                text93       000000
__Htext94                                text94       000000
__Htext95                                text95       000000
__Htext96                                text96       000000
__Htext97                                text97       000000
__Htext98                                text98       000000
__Htext99                                text99       000000
__LRAM                                   (abs)        000001
__L__absolute__                          __absolute__ 000000
__L_name_text                            _name_text   000848
__Labs1                                  abs1         000000
__Lbank0                                 bank0        000000
__Lbank1                                 bank1        000000
__Lbank10                                bank10       000000
__Lbank11                                bank11       000000
__Lbank12                                bank12       000000
__Lbank13                                bank13       000000
__Lbank14                                bank14       000000
__Lbank2                                 bank2        000000
__Lbank3                                 bank3        000000
__Lbank4                                 bank4        000000
__Lbank5                                 bank5        000000
__Lbank6                                 bank6        000000
__Lbank7                                 bank7        000000
__Lbank8                                 bank8        000000
__Lbank9                                 bank9        000000
__Lbigbss                                bigbss       000000
__Lbigdata                               bigdata      000000
__Lbigram                                bigram       000000
__Lbigsfr                                bigsfr       000000
__Lbss                                   bss          000000
__LbssBANK0                              bssBANK0     000000
__LbssBANK1                              bssBANK1     000000
__LbssBIGRAM                             bssBIGRAM    000000
__LbssCOMRAM                             bssCOMRAM    000000
__Lcinit                                 cinit        000000
__Lclrtext                               clrtext      000000
__Lcomram                                comram       000000
__Lconfig                                config       000000
__Lconst                                 const        000000
__LcstackBANK0                           cstackBANK0  000000
__LcstackBANK1                           cstackBANK1  000000
__LcstackBANK2                           cstackBANK2  000000
__LcstackCOMRAM                          cstackCOMRAM 000000
__Ldata                                  data         000000
__Leeprom_data                           eeprom_data  000000
__Lfarbss                                farbss       000000
__Lfardata                               fardata      000000
__Lheap                                  heap         000000
__Libigdata                              ibigdata     000000
__Lidata                                 idata        000000
__Lidloc                                 idloc        000000
__Lifardata                              ifardata     000000
__Linit                                  init         00001C
__Lintcode                               intcode      000008
__Lintcode_body                          intcode_body 000000
__Lintcodelo                             intcodelo    000018
__Lintentry                              intentry     000000
__Lintret                                intret       000000
__Lintsave_regs                          intsave_regs 000000
__Lirdata                                irdata       000000
__LmainSec                               mainSec      000000
__Lmediumconst                           mediumconst  00FE78
__LnvFARRAM                              nvFARRAM     000000
__Lnvbit                                 nvbit        000000
__Lnvrram                                nvrram       000000
__Lparam                                 rparam       000000
__Lpowerup                               powerup      00001C
__Lram                                   ram          000000
__Lramtop                                ramtop       000F00
__Lrbit                                  rbit         000000
__Lrbss                                  rbss         000000
__Lrdata                                 rdata        000000
__Lreset_vec                             reset_vec    000000
__Lrparam                                rparam       000000
__Lsfr                                   sfr          000000
__Lsivt_hi                               sivt_hi      000000
__Lsivt_lo                               sivt_lo      000000
__Lsmallconst                            smallconst   000000
__Lspace_0                               (abs)        000000
__Lspace_1                               (abs)        000000
__Lspace_2                               (abs)        000000
__Lspace_4                               (abs)        000000
__Lstack                                 stack        000000
__Lstruct                                struct       000000
__Ltemp                                  temp         00004A
__Ltext                                  text         000000
__Ltext0                                 text0        000000
__Ltext1                                 text1        000000
__Ltext10                                text10       000000
__Ltext101                               text101      000000
__Ltext102                               text102      000000
__Ltext103                               text103      000000
__Ltext104                               text104      000000
__Ltext105                               text105      000000
__Ltext106                               text106      000000
__Ltext107                               text107      000000
__Ltext108                               text108      000000
__Ltext109                               text109      000000
__Ltext11                                text11       000000
__Ltext110                               text110      000000
__Ltext111                               text111      000000
__Ltext112                               text112      000000
__Ltext12                                text12       000000
__Ltext13                                text13       000000
__Ltext14                                text14       000000
__Ltext15                                text15       000000
__Ltext16                                text16       000000
__Ltext17                                text17       000000
__Ltext18                                text18       000000
__Ltext19                                text19       000000
__Ltext2                                 text2        000000
__Ltext20                                text20       000000
__Ltext21                                text21       000000
__Ltext22                                text22       000000
__Ltext23                                text23       000000
__Ltext24                                text24       000000
__Ltext25                                text25       000000
__Ltext26                                text26       000000
__Ltext27                                text27       000000
__Ltext28                                text28       000000
__Ltext29                                text29       000000
__Ltext3                                 text3        000000
__Ltext30                                text30       000000
__Ltext31                                text31       000000
__Ltext32                                text32       000000
__Ltext33                                text33       000000
__Ltext34                                text34       000000
__Ltext35                                text35       000000
__Ltext36                                text36       000000
__Ltext37                                text37       000000
__Ltext38                                text38       000000
__Ltext39                                text39       000000
__Ltext4                                 text4        000000
__Ltext40                                text40       000000
__Ltext41                                text41       000000
__Ltext42                                text42       000000
__Ltext43                                text43       000000
__Ltext44                                text44       000000
__Ltext45                                text45       000000
__Ltext46                                text46       000000
__Ltext47                                text47       000000
__Ltext48                                text48       000000
__Ltext49                                text49       000000
__Ltext5                                 text5        000000
__Ltext50                                text50       000000
__Ltext51                                text51       000000
__Ltext52                                text52       000000
__Ltext53                                text53       000000
__Ltext54                                text54       000000
__Ltext55                                text55       000000
__Ltext56                                text56       000000
__Ltext57                                text57       000000
__Ltext58                                text58       000000
__Ltext59                                text59       000000
__Ltext6                                 text6        000000
__Ltext60                                text60       000000
__Ltext61                                text61       000000
__Ltext62                                text62       000000
__Ltext63                                text63       000000
__Ltext64                                text64       000000
__Ltext65                                text65       000000
__Ltext66                                text66       000000
__Ltext67                                text67       000000
__Ltext68                                text68       000000
__Ltext69                                text69       000000
__Ltext7                                 text7        000000
__Ltext70                                text70       000000
__Ltext71                                text71       000000
__Ltext72                                text72       000000
__Ltext73                                text73       000000
__Ltext74                                text74       000000
__Ltext75                                text75       000000
__Ltext76                                text76       000000
__Ltext77                                text77       000000
__Ltext78                                text78       000000
__Ltext79                                text79       000000
__Ltext8                                 text8        000000
__Ltext80                                text80       000000
__Ltext81                                text81       000000
__Ltext82                                text82       000000
__Ltext83                                text83       000000
__Ltext84                                text84       000000
__Ltext85                                text85       000000
__Ltext87                                text87       000000
__Ltext88                                text88       000000
__Ltext89                                text89       000000
__Ltext9                                 text9        000000
__Ltext90                                text90       000000
__Ltext91                                text91       000000
__Ltext92                                text92       000000
__Ltext93                                text93       000000
__Ltext94                                text94       000000
__Ltext95                                text95       000000
__Ltext96                                text96       000000
__Ltext97                                text97       000000
__Ltext98                                text98       000000
__Ltext99                                text99       000000
__S0                                     (abs)        010000
__S1                                     (abs)        00032B
__S4                                     (abs)        000000
__S5                                     (abs)        000000
___awdiv                                 text67       004C66
___awdiv@counter                         cstackBANK0  00008D
___awdiv@dividend                        cstackBANK0  000089
___awdiv@divisor                         cstackBANK0  00008B
___awdiv@quotient                        cstackBANK0  00008F
___awdiv@sign                            cstackBANK0  00008E
___heap_hi                               (abs)        000000
___heap_lo                               (abs)        000000
___inthi_sp                              stack        000000
___inthi_stack_hi                        stack        000000
___inthi_stack_lo                        stack        000000
___intlo_sp                              stack        000000
___intlo_stack_hi                        stack        000000
___intlo_stack_lo                        stack        000000
___lldiv                                 text69       0053AE
___lldiv@counter                         cstackBANK0  00009F
___lldiv@dividend                        cstackBANK0  000093
___lldiv@divisor                         cstackBANK0  000097
___lldiv@quotient                        cstackBANK0  00009B
___lmul                                  text68       005C96
___lmul@multiplicand                     cstackBANK0  000091
___lmul@multiplier                       cstackBANK0  00008D
___lmul@product                          cstackBANK0  000095
___param_bank                            (abs)        000000
___rparam_used                           (abs)        000001
___sp                                    stack        000000
___stack_hi                              stack        000000
___stack_lo                              stack        000000
__accesstop                              (abs)        000060
__activetblptr                           (abs)        000003
__end_of_APP_factoryReset                text84       00678C
__end_of_APP_highIsr                     text112      006792
__end_of_APP_isSuitableTimeToWriteFlash  text80       006788
__end_of_APP_lowIsr                      text99       006790
__end_of_APP_nvDefault                   text74       0066FE
__end_of_APP_nvValidate                  text25       0064B4
__end_of_APP_nvValueChanged              text24       00678A
__end_of_APP_postProcessMessage          text56       006784
__end_of_APP_preProcessMessage           text55       006780
__end_of_APP_testMode                    text85       00678E
__end_of_EEPROM_Read                     text83       0064E6
__end_of_EEPROM_Write                    text81       005618
__end_of_FLASH_Read                      text13       00606A
__end_of_FLASH_Write                     text76       004468
__end_of___awdiv                         text67       004D2C
__end_of___lldiv                         text69       005454
__end_of___lmul                          text68       005D02
__end_of__initialization                 cinit        00634A
__end_of_canEsdData                      text31       0066B2
__end_of_canFactoryReset                 text72       00671C
__end_of_canFillRxFifo                   text95       0037B0
__end_of_canGetDiagnostic                text34       0061FE
__end_of_canIsr                          text88       00628A
__end_of_canPowerUp                      text6        003454
__end_of_canPri                          mediumconst  00FFC4
__end_of_canProcessMessage               text21       004AD6
__end_of_canReceiveMessage               text43       002E82
__end_of_canSendMessage                  text52       00327A
__end_of_canService                      mediumconst  00FFFA
__end_of_canTransport                    mediumconst  00FFFE
__end_of_canTxError                      text91       005ABA
__end_of_checkCANTimeout                 text90       005DD4
__end_of_checkPowerOnPb                  text61       0050E6
__end_of_checkTxFifo                     text92       003AF8
__end_of_configs                         mediumconst  00FFB9
__end_of_digitalWrite                    text59       00309E
__end_of_eraseFlashBlock                 text79       005D6C
__end_of_factoryReset                    text70       004268
__end_of_findServiceIndex                text39       00573C
__end_of_flushFlashBlock                 text78       004F6C
__end_of_getBufferPointer                text49       004EAE
__end_of_getNV                           text58       006162
__end_of_getNextWriteMessage             text98       004910
__end_of_getParameter                    text36       004164
__end_of_getParameterFlags               text37       0058D8
__end_of_handleSelfEnumeration           text48       003DBC
__end_of_have                            text38       0056AA
__end_of_highIsr                         text101      004828
__end_of_initRomOps                      text60       006730
__end_of_initTicker                      text11       0061B2
__end_of_initTimedResponse               text10       00677C
__end_of_isrHigh                         mainSec      00473E
__end_of_isrLow                          mainSec      0046D4
__end_of_leds_poll                       text65       0028D4
__end_of_leds_powerUp                    text9        006516
__end_of_loadFlashBlock                  text77       0060BE
__end_of_loadNvCache                     text8        005E9C
__end_of_loop                            text57       005858
__end_of_lowIsr                          text87       004652
__end_of_main                            text0        005FB8
__end_of_memcpy                          text47       006110
__end_of_mnsFactoryReset                 text71       005C96
__end_of_mnsGetDiagnostic                text33       0062CE
__end_of_mnsLowIsr                       text89       00668C
__end_of_mnsPoll                         text40       00216E
__end_of_mnsPowerUp                      text5        004040
__end_of_mnsProcessMessage               text20       0014DC
__end_of_mnsService                      mediumconst  00FFE8
__end_of_mnsTRallDiagnosticsCallback     text17       00436A
__end_of_mnsTRrqnpnCallback              text18       006446
__end_of_mnsTRserviceDiscoveryCallback   text16       0054EE
__end_of_name                            _name_text   000850
__end_of_nvFactoryReset                  text73       006244
__end_of_nvGetDiagnostic                 text35       006312
__end_of_nvGetESDdata                    text32       0066D8
__end_of_nvPowerUp                       text7        006664
__end_of_nvProcessMessage                text22       002532
__end_of_nvService                       mediumconst  00FFD6
__end_of_nvTRnvrdCallback                text19       006012
__end_of_pbDownTimer                     text64       004C66
__end_of_pbUpTimer                       text63       004B9E
__end_of_pinMode                         text3        001972
__end_of_poll                            text14       001D88
__end_of_pollTimedResponse               text15       004DF0
__end_of_pop                             text46       005250
__end_of_powerUp                         text4        004564
__end_of_priorities                      mediumconst  00FF79
__end_of_processEnumeration              text44       003604
__end_of_push                            text54       002C44
__end_of_quantity                        text53       00647E
__end_of_readNVM                         text12       005C20
__end_of_sendMessage                     text51       005584
__end_of_sendMessage2                    text42       006606
__end_of_sendMessage3                    text30       0065D6
__end_of_sendMessage4                    text29       0065A6
__end_of_sendMessage5                    text50       006636
__end_of_sendMessage6                    text28       006576
__end_of_sendMessage7                    text27       006546
__end_of_services                        mediumconst  00FFBF
__end_of_setLEDsByMode                   text41       0063D2
__end_of_setNV                           text23       0057CA
__end_of_setNewCanId                     text45       0059CA
__end_of_setTimedResponseDelay           text2        006776
__end_of_setup                           text1        006396
__end_of_showStatus                      text62       003F02
__end_of_startTimedResponse              text26       005EFE
__end_of_tickGet                         text66       005A42
__end_of_updateModuleErrorStatus         text82       006744
__end_of_writeNVM                        text75       005F5C
__end_ofi1_getBufferPointer              text97       00502A
__end_ofi1_pop                           text94       005300
__end_ofi1_tickGet                       text93       005B32
__end_ofi1_updateModuleErrorStatus       text96       006758
__end_ofi2_canFillRxFifo                 text108      003958
__end_ofi2_canIsr                        text102      00640E
__end_ofi2_canTxError                    text104      005BAA
__end_ofi2_checkCANTimeout               text103      005E3A
__end_ofi2_checkTxFifo                   text105      003C72
__end_ofi2_getBufferPointer              text111      0051A0
__end_ofi2_getNextWriteMessage           text110      0049F6
__end_ofi2_pop                           text107      0053AE
__end_ofi2_tickGet                       text106      005952
__end_ofi2_updateModuleErrorStatus       text109      00676C
__initialization                         cinit        006312
__mediumconst                            mediumconst  00FE78
__p_name_text                            _name_text   000848
__pbssBANK0                              bssBANK0     0000A5
__pbssBANK1                              bssBANK1     000100
__pbssBIGRAM                             bssBIGRAM    00020B
__pbssCOMRAM                             bssCOMRAM    000027
__pcinit                                 cinit        006312
__pcstackBANK0                           cstackBANK0  000060
__pcstackBANK1                           cstackBANK1  0001CD
__pcstackBANK2                           cstackBANK2  000200
__pcstackCOMRAM                          cstackCOMRAM 000001
__pintcode                               intcode      000008
__pintcodelo                             intcodelo    000018
__pmainSec                               mainSec      004652
__pmediumconst                           mediumconst  00FE78
__ptext0                                 text0        005F5C
__ptext1                                 text1        006354
__ptext10                                text10       006776
__ptext101                               text101      00473E
__ptext102                               text102      0063D2
__ptext103                               text103      005DD4
__ptext104                               text104      005B32
__ptext105                               text105      003AF8
__ptext106                               text106      0058D8
__ptext107                               text107      005300
__ptext108                               text108      0037B0
__ptext109                               text109      006758
__ptext11                                text11       006162
__ptext110                               text110      004910
__ptext111                               text111      0050E6
__ptext112                               text112      006790
__ptext12                                text12       005BAA
__ptext13                                text13       006012
__ptext14                                text14       001972
__ptext15                                text15       004D2C
__ptext16                                text16       005454
__ptext17                                text17       004268
__ptext18                                text18       00640E
__ptext19                                text19       005FB8
__ptext2                                 text2        00676C
__ptext20                                text20       000850
__ptext21                                text21       0049F6
__ptext22                                text22       00216E
__ptext23                                text23       00573C
__ptext24                                text24       006788
__ptext25                                text25       00647E
__ptext26                                text26       005E9C
__ptext27                                text27       006516
__ptext28                                text28       006546
__ptext29                                text29       006576
__ptext3                                 text3        0014DC
__ptext30                                text30       0065A6
__ptext31                                text31       00668C
__ptext32                                text32       0066B2
__ptext33                                text33       00628A
__ptext34                                text34       0061B2
__ptext35                                text35       0062CE
__ptext36                                text36       004040
__ptext37                                text37       005858
__ptext38                                text38       005618
__ptext39                                text39       0056AA
__ptext4                                 text4        004468
__ptext40                                text40       001D88
__ptext41                                text41       006396
__ptext42                                text42       0065D6
__ptext43                                text43       002C44
__ptext44                                text44       003454
__ptext45                                text45       005952
__ptext46                                text46       0051A0
__ptext47                                text47       0060BE
__ptext48                                text48       003C72
__ptext49                                text49       004DF0
__ptext5                                 text5        003F02
__ptext50                                text50       006606
__ptext51                                text51       0054EE
__ptext52                                text52       00309E
__ptext53                                text53       006446
__ptext54                                text54       0028D4
__ptext55                                text55       00677C
__ptext56                                text56       006780
__ptext57                                text57       0057CA
__ptext58                                text58       006110
__ptext59                                text59       002E82
__ptext6                                 text6        00327A
__ptext60                                text60       00671C
__ptext61                                text61       00502A
__ptext62                                text62       003DBC
__ptext63                                text63       004AD6
__ptext64                                text64       004B9E
__ptext65                                text65       002532
__ptext66                                text66       0059CA
__ptext67                                text67       004C66
__ptext68                                text68       005C96
__ptext69                                text69       0053AE
__ptext7                                 text7        006636
__ptext70                                text70       004164
__ptext71                                text71       005C20
__ptext72                                text72       0066FE
__ptext73                                text73       0061FE
__ptext74                                text74       0066D8
__ptext75                                text75       005EFE
__ptext76                                text76       00436A
__ptext77                                text77       00606A
__ptext78                                text78       004EAE
__ptext79                                text79       005D02
__ptext8                                 text8        005E3A
__ptext80                                text80       006784
__ptext81                                text81       005584
__ptext82                                text82       006730
__ptext83                                text83       0064B4
__ptext84                                text84       00678A
__ptext85                                text85       00678C
__ptext87                                text87       004564
__ptext88                                text88       006244
__ptext89                                text89       006664
__ptext9                                 text9        0064E6
__ptext90                                text90       005D6C
__ptext91                                text91       005A42
__ptext92                                text92       003958
__ptext93                                text93       005ABA
__ptext94                                text94       005250
__ptext95                                text95       003604
__ptext96                                text96       006744
__ptext97                                text97       004F6C
__ptext98                                text98       004828
__ptext99                                text99       00678E
__ramtop                                 ramtop       000F00
__smallconst                             smallconst   000000
_blinkState                              bssBANK0     0000CD
_blinkTime                               bssCOMRAM    000033
_canDiagnostics                          bssBANK1     0001A4
_canEsdData                              text31       00668C
_canFactoryReset                         text72       0066FE
_canFillRxFifo                           text95       003604
_canGetDiagnostic                        text34       0061B2
_canId                                   bssBANK0     0000CC
_canIsr                                  text88       006244
_canIsr$intlevel1                        text88       00624E
_canPowerUp                              text6        00327A
_canPri                                  mediumconst  00FFBF
_canProcessMessage                       text21       0049F6
_canReceiveMessage                       text43       002C44
_canSendMessage                          text52       00309E
_canService                              mediumconst  00FFE8
_canTransmitFailed                       bssCOMRAM    000038
_canTransmitTimeout                      bssCOMRAM    00002F
_canTransport                            mediumconst  00FFFA
_canTxError                              text91       005A42
_checkCANTimeout                         text90       005D6C
_checkPowerOnPb                          text61       00502A
_checkTxFifo                             text92       003958
_configs                                 mediumconst  00FF79
_digitalWrite                            text59       002E82
_enumerationResults                      bssBANK1     000140
_enumerationStartTime                    bssBANK0     0000A9
_enumerationState                        bssBANK0     0000CB
_eraseFlashBlock                         text79       005D02
_factoryReset                            text70       004164
_findServiceIndex                        text39       0056AA
_flashBlock                              bssBANK0     0000B3
[...]
_timedResponseTime                       bssBANK1     000154
_timedResponseType                       bssBANK0     0000BF
_timerExtension1                         bssBANK0     0000CA
_timerExtension2                         bssBANK0     0000C9
_tmpMessage                              bssBANK1     0001C4
_transport                               bssBANK0     0000BB
_txBuffers                               bssBANK1     00015C
_txQueue                                 bssBANK0     0000CE
_updateModuleErrorStatus                 text82       006730
_uptimeTimer                             bssCOMRAM    000027
_writeNVM                                text75       005EFE
btemp                                    temp         00004A
canEsdData@id                            cstackBANK0  000089
canFillRxFifo@m                          cstackBANK0  00006C
canFillRxFifo@ptr                        cstackBANK0  00006E
canGetDiagnostic@index                   cstackBANK0  00008D
canPowerUp@temp                          cstackBANK0  000094
canProcessMessage@m                      cstackBANK1  0001D7
canReceiveMessage@m                      cstackBANK0  0000A2
canReceiveMessage@messageAvailable       cstackBANK1  0001CD
canReceiveMessage@mp                     cstackBANK1  0001CE
canReceiveMessage@p                      cstackBANK1  0001D0
canSendMessage@mp                        cstackBANK0  000095
checkPowerOnPb@i                         cstackBANK1  0001CD
checkTxFifo@mp                           cstackBANK0  00006F
digitalWrite@channel                     cstackBANK0  00008C
digitalWrite@value                       cstackBANK0  000089
end_of_initialization                    cinit        00634A
eraseFlashBlock@interruptEnabled         cstackBANK0  000089
factoryReset@i                           cstackBANK0  0000A1
findServiceIndex@i                       cstackBANK0  00008C
findServiceIndex@serviceType             cstackBANK0  00008B
flushFlashBlock@i                        cstackBANK0  00008B
flushFlashBlock@interruptEnabled         cstackBANK0  00008A
getBufferPointer@b                       cstackBANK0  00008B
getNV@index                              cstackBANK0  00008C
getNextWriteMessage@q                    cstackBANK0  000060
getNextWriteMessage@wr                   cstackBANK0  00006B
getParameter@idx                         cstackBANK0  00008E
getParameterFlags@flags                  cstackBANK0  00008D
handleSelfEnumeration@incomingCanId      cstackBANK0  000099
handleSelfEnumeration@p                  cstackBANK0  000093
have@i                                   cstackBANK0  00008C
have@id                                  cstackBANK0  00008B
highIsr@i                                cstackCOMRAM 00001A
i1_getBufferPointer                      text97       004F6C
i1_pop                                   text94       005250
i1_tickGet                               text93       005ABA
i1_updateModuleErrorStatus               text96       006744
i1getBufferPointer@b                     cstackBANK0  000062
i1pop@q                                  cstackBANK0  000060
i1pop@ret                                cstackBANK0  000067
i1tickGet@IntFlag1                       cstackBANK0  000065
i1tickGet@IntFlag2                       cstackBANK0  000064
i1tickGet@currentTime                    cstackBANK0  000066
i2_canFillRxFifo                         text108      0037B0
i2_canIsr                                text102      0063D2
i2_canTxError                            text104      005B32
i2_checkCANTimeout                       text103      005DD4
i2_checkTxFifo                           text105      003AF8
i2_getBufferPointer                      text111      0050E6
i2_getNextWriteMessage                   text110      004910
i2_pop                                   text107      005300
i2_tickGet                               text106      0058D8
i2_updateModuleErrorStatus               text109      006758
i2canFillRxFifo@m                        cstackCOMRAM 00000D
i2canFillRxFifo@ptr                      cstackCOMRAM 00000F
i2checkTxFifo@mp                         cstackCOMRAM 000010
i2getBufferPointer@b                     cstackCOMRAM 000003
i2getNextWriteMessage@q                  cstackCOMRAM 000001
i2getNextWriteMessage@wr                 cstackCOMRAM 00000C
i2pop@q                                  cstackCOMRAM 000001
i2pop@ret                                cstackCOMRAM 000008
i2tickGet@IntFlag1                       cstackCOMRAM 000006
i2tickGet@IntFlag2                       cstackCOMRAM 000005
i2tickGet@currentTime                    cstackCOMRAM 000007
initTicker@divider                       cstackBANK0  00008A
initTicker@i                             cstackBANK0  00008B
initTicker@priority                      cstackBANK0  000089
int$flags                                temp         00004A
intlevel0                                text         000000
intlevel1                                text         000000
intlevel2                                text         000000
intlevel3                                text         000000
isa$std                                  (abs)        000001
isa$xinst                                (abs)        000000
loadFlashBlock@i                         cstackBANK0  000089
loadNvCache@i                            cstackBANK0  000097
loadNvCache@temp                         cstackBANK0  000095
lowIsr@i                                 cstackBANK0  000079
memcpy@d                                 cstackBANK0  000090
memcpy@d1                                cstackBANK0  000089
memcpy@n                                 cstackBANK0  00008D
memcpy@s                                 cstackBANK0  000092
memcpy@s1                                cstackBANK0  00008B
memcpy@tmp                               cstackBANK0  00008F
mnsGetDiagnostic@index                   cstackBANK0  00008C
mnsPowerUp@i                             cstackBANK0  000093
mnsPowerUp@temp                          cstackBANK0  000094
mnsProcessMessage@d                      cstackBANK1  0001F8
mnsProcessMessage@i                      cstackBANK1  0001F7
mnsProcessMessage@m                      cstackBANK1  0001D7
mnsProcessMessage@newMode                cstackBANK1  0001FA
mnsTRallDiagnosticsCallback@d            cstackBANK1  0001DC
mnsTRallDiagnosticsCallback@serviceIndex cstackBANK1  0001D6
mnsTRallDiagnosticsCallback@step         cstackBANK1  0001D7
mnsTRrqnpnCallback@step                  cstackBANK1  0001D7
mnsTRserviceDiscoveryCallback@step       cstackBANK1  0001D7
nvFactoryReset@i                         cstackBANK0  00009C
nvGetDiagnostic@index                    cstackBANK0  00008C
nvGetESDdata@id                          cstackBANK0  000089
nvPowerUp@i                              cstackBANK0  000098
nvProcessMessage@m                       cstackBANK1  0001D7
nvProcessMessage@valueOrError            cstackBANK1  0001DB
nvTRnvrdCallback@serviceIndex            cstackBANK1  0001D6
nvTRnvrdCallback@step                    cstackBANK1  0001D7
nvTRnvrdCallback@valueOrError            cstackBANK1  0001D8
pbDownTimer@timeout                      cstackBANK0  0000A4
pbUpTimer@timeout                        cstackBANK0  0000A4
pinMode@channel                          cstackBANK0  00008C
pinMode@mode                             cstackBANK0  000089
poll@handled                             cstackBANK2  000200
poll@i                                   cstackBANK2  000201
poll@m                                   cstackBANK2  000202
pollTimedResponse@result                 cstackBANK1  0001E0
pop@q                                    cstackBANK0  000089
pop@ret                                  cstackBANK0  000090
powerUp@i                                cstackBANK0  00009D
processEnumeration@enumResult            cstackBANK0  00009F
processEnumeration@i                     cstackBANK0  0000A1
processEnumeration@newCanId              cstackBANK0  0000A0
push@m                                   cstackBANK0  00008A
push@q                                   cstackBANK0  000089
quantity@q                               cstackBANK0  000089
readNVM@index                            cstackBANK0  00008D
readNVM@type                             cstackBANK0  000092
sendMessage2@data1                       cstackBANK1  0001CF
sendMessage2@data2                       cstackBANK1  0001D0
sendMessage2@opc                         cstackBANK1  0001D1
sendMessage3@data1                       cstackBANK1  0001CF
sendMessage3@data2                       cstackBANK1  0001D0
sendMessage3@data3                       cstackBANK1  0001D1
sendMessage3@opc                         cstackBANK1  0001D2
sendMessage4@data1                       cstackBANK1  0001CF
sendMessage4@data2                       cstackBANK1  0001D0
sendMessage4@data3                       cstackBANK1  0001D1
sendMessage4@data4                       cstackBANK1  0001D2
sendMessage4@opc                         cstackBANK1  0001D3
sendMessage5@data1                       cstackBANK1  0001CF
sendMessage5@data2                       cstackBANK1  0001D0
sendMessage5@data3                       cstackBANK1  0001D1
sendMessage5@data4                       cstackBANK1  0001D2
sendMessage5@data5                       cstackBANK1  0001D3
sendMessage5@opc                         cstackBANK1  0001D4
sendMessage6@data1                       cstackBANK1  0001CF
sendMessage6@data2                       cstackBANK1  0001D0
sendMessage6@data3                       cstackBANK1  0001D1
sendMessage6@data4                       cstackBANK1  0001D2
sendMessage6@data5                       cstackBANK1  0001D3
sendMessage6@data6                       cstackBANK1  0001D4
sendMessage6@opc                         cstackBANK1  0001D5
sendMessage7@data1                       cstackBANK1  0001CF
sendMessage7@data2                       cstackBANK1  0001D0
sendMessage7@data3                       cstackBANK1  0001D1
sendMessage7@data4                       cstackBANK1  0001D2
sendMessage7@data5                       cstackBANK1  0001D3
sendMessage7@data6                       cstackBANK1  0001D4
sendMessage7@data7                       cstackBANK1  0001D5
sendMessage7@opc                         cstackBANK1  0001D6
sendMessage@data1                        cstackBANK0  00009D
sendMessage@data2                        cstackBANK0  00009E
sendMessage@data3                        cstackBANK0  00009F
sendMessage@data4                        cstackBANK0  0000A0
sendMessage@data5                        cstackBANK0  0000A1
sendMessage@data6                        cstackBANK0  0000A2
sendMessage@data7                        cstackBANK0  0000A3
sendMessage@len                          cstackBANK0  00009C
sendMessage@opc                          cstackBANK0  0000A4
setNV@index                              cstackBANK0  00009E
setNV@oldValue                           cstackBANK0  00009D
setNV@value                              cstackBANK0  00009A
setNewCanId@newCanId                     cstackBANK0  00009A
setTimedResponseDelay@delay              cstackBANK0  000089
showStatus@s                             cstackBANK0  00008B
stackhi                                  (abs)        000000
stacklo                                  (abs)        000000
start                                    init         00001C
startTimedResponse@callback              cstackBANK0  00008E
startTimedResponse@serviceIndex          cstackBANK0  00008D
startTimedResponse@type                  cstackBANK0  000090
start_initialization                     cinit        006312
tickGet@IntFlag1                         cstackBANK0  00008E
tickGet@IntFlag2                         cstackBANK0  00008D
tickGet@currentTime                      cstackBANK0  00008F
ttemp5                                   temp         00004B
ttemp6                                   temp         00004E
ttemp7                                   temp         000052
writeNVM@index                           cstackBANK0  000093
writeNVM@type                            cstackBANK0  000099
writeNVM@value                           cstackBANK0  000096
wtemp8                                   temp         00004B


MODULE INFORMATION

Module		Function		Class		Link	Load	Size
C:\Program Files\Microchip\xc8\v2.46\pic\sources\c99\common\awdiv.c
		___awdiv       		CODE           	4C66	0000	198

C:\Program Files\Microchip\xc8\v2.46\pic\sources\c99\common\awdiv.c estimated size: 198

../../VLCBlib_PIC/can18_ecan.c
		_checkCANTimeout		CODE           	5D6C	0000	104
		_canFactoryReset		CODE           	66FE	0000	30
		_canReceiveMessage		CODE           	2C44	0000	574
		_checkTxFifo   		CODE           	3958	0000	416
		_canIsr        		CODE           	6244	0000	70
		_canGetDiagnostic		CODE           	61B2	0000	76
		_canPowerUp    		CODE           	327A	0000	474
		_canSendMessage		CODE           	309E	0000	476
		_getBufferPointer		CODE           	4DF0	0000	190
		_setNewCanId   		CODE           	5952	0000	120
		_canFillRxFifo 		CODE           	3604	0000	428
		_handleSelfEnumeration		CODE           	3C72	0000	330
		_processEnumeration		CODE           	3454	0000	432
		_canEsdData    		CODE           	668C	0000	38
		_canProcessMessage		CODE           	49F6	0000	224
		_canTxError    		CODE           	5A42	0000	120

../../VLCBlib_PIC/can18_ecan.c estimated size: 4102

../../VLCBlib_PIC/messageQueue.c
		_getNextWriteMessage		CODE           	4828	0000	232
		_quantity      		CODE           	6446	0000	56
		_pop           		CODE           	51A0	0000	176
		_push          		CODE           	28D4	0000	880

../../VLCBlib_PIC/messageQueue.c estimated size: 1344

../../VLCBlib_PIC/ticktime.c
		_initTicker    		CODE           	6162	0000	80
		_tickGet       		CODE           	59CA	0000	120

../../VLCBlib_PIC/ticktime.c estimated size: 200

shared
		i2_checkTxFifo 		CODE           	3AF8	0000	378
		i2_canFillRxFifo		CODE           	37B0	0000	424
		_services      		MEDIUMCONST    	FFB9	0000	6
		i2_getNextWriteMessage		CODE           	4910	0000	230
		i1_pop         		CODE           	5250	0000	176
		i2_pop         		CODE           	5300	0000	174
		_priorities    		MEDIUMCONST    	FE79	0000	256
		i2_checkCANTimeout		CODE           	5DD4	0000	102
		i1_tickGet     		CODE           	5ABA	0000	120
		i2_tickGet     		CODE           	58D8	0000	122
		i2_canIsr      		CODE           	63D2	0000	60
		_mnsService    		MEDIUMCONST    	FFD6	0000	18
		_nvService     		MEDIUMCONST    	FFC4	0000	18
		__initialization		CODE           	6312	0000	56
		_canPri        		MEDIUMCONST    	FFBF	0000	5
		i1_updateModuleErrorStatus		CODE           	6744	0000	20
		i2_updateModuleErrorStatus		CODE           	6758	0000	20
		_configs       		MEDIUMCONST    	FF79	0000	64
		i1_getBufferPointer		CODE           	4F6C	0000	190
		i2_getBufferPointer		CODE           	50E6	0000	186
		_name          		CODE           	0848	0000	8
		i2_canTxError  		CODE           	5B32	0000	120
		_canService    		MEDIUMCONST    	FFE8	0000	18
		_canTransport  		MEDIUMCONST    	FFFA	0000	4

shared estimated size: 2775

C:\Program Files\Microchip\xc8\v2.46\pic\sources\c99\common\__lldiv.c
		___lldiv       		CODE           	53AE	0000	166

C:\Program Files\Microchip\xc8\v2.46\pic\sources\c99\common\__lldiv.c estimated size: 166

../../VLCBlib_PIC/statusLeds2.c
		_showStatus    		CODE           	3DBC	0000	326
		_leds_poll     		CODE           	2532	0000	930
		_leds_powerUp  		CODE           	64E6	0000	48

../../VLCBlib_PIC/statusLeds2.c estimated size: 1304

../../VLCBlib_PIC/mns.c
		_getParameterFlags		CODE           	5858	0000	128
		_mnsTRrqnpnCallback		CODE           	640E	0000	56
		_mnsLowIsr     		CODE           	6664	0000	40
		_setLEDsByMode 		CODE           	6396	0000	60
		_mnsProcessMessage		CODE           	0850	0000	3212
		_mnsTRserviceDiscoveryCallback		CODE           	5454	0000	154
		_mnsFactoryReset		CODE           	5C20	0000	118
		_mnsGetDiagnostic		CODE           	628A	0000	68
		_updateModuleErrorStatus		CODE           	6730	0000	20
		_mnsTRallDiagnosticsCallback		CODE           	4268	0000	258
		_getParameter  		CODE           	4040	0000	292
		_mnsPowerUp    		CODE           	3F02	0000	318
		_mnsPoll       		CODE           	1D88	0000	998

../../VLCBlib_PIC/mns.c estimated size: 5722

../../VLCBlib_PIC/vlcb.c
		_lowIsr        		CODE           	4564	0000	238
		_have          		CODE           	5618	0000	146
		_factoryReset  		CODE           	4164	0000	260
		_isrLow        		CODE           	4652	0000	130
		_pbUpTimer     		CODE           	4AD6	0000	200
		_main          		CODE           	5F5C	0000	92
		_highIsr       		CODE           	473E	0000	234
		_powerUp       		CODE           	4468	0000	252
		_findServiceIndex		CODE           	56AA	0000	146
		_setTimedResponseDelay		CODE           	676C	0000	10
		_poll          		CODE           	1972	0000	1046
		_checkPowerOnPb		CODE           	502A	0000	188
		_isrHigh       		CODE           	46D4	0000	106
		_sendMessage   		CODE           	54EE	0000	150
		_sendMessage2  		CODE           	65D6	0000	48
		_sendMessage3  		CODE           	65A6	0000	48
		_sendMessage4  		CODE           	6576	0000	48
		_sendMessage5  		CODE           	6606	0000	48
		_sendMessage6  		CODE           	6546	0000	48
		_sendMessage7  		CODE           	6516	0000	48
		_pbDownTimer   		CODE           	4B9E	0000	200

../../VLCBlib_PIC/vlcb.c estimated size: 3686

C:\Program Files\Microchip\xc8\v2.46\pic\sources\c99\common\memcpy.c
		_memcpy        		CODE           	60BE	0000	82

C:\Program Files\Microchip\xc8\v2.46\pic\sources\c99\common\memcpy.c estimated size: 82

main.c
		_loop          		CODE           	57CA	0000	142
		_APP_nvValidate		CODE           	647E	0000	54
		_APP_isSuitableTimeToWriteFlash		CODE           	6784	0000	4
		_APP_nvValueChanged		CODE           	6788	0000	2
		_APP_preProcessMessage		CODE           	677C	0000	4
		_APP_factoryReset		CODE           	678A	0000	2
		_APP_nvDefault 		CODE           	66D8	0000	38
		_APP_lowIsr    		CODE           	678E	0000	2
		_setup         		CODE           	6354	0000	66
		_APP_testMode  		CODE           	678C	0000	2
		_APP_postProcessMessage		CODE           	6780	0000	4
		_APP_highIsr   		CODE           	6790	0000	2

main.c estimated size: 322

../../VLCBlib_PIC/timedResponse.c
		_pollTimedResponse		CODE           	4D2C	0000	196
		_startTimedResponse		CODE           	5E9C	0000	98
		_initTimedResponse		CODE           	6776	0000	6

../../VLCBlib_PIC/timedResponse.c estimated size: 300

../../VLCBlib_PIC/arduino.c
		_digitalWrite  		CODE           	2E82	0000	540
		_pinMode       		CODE           	14DC	0000	1174

../../VLCBlib_PIC/arduino.c estimated size: 1714

C:\Program Files\Microchip\xc8\v2.46\pic\sources\c99\common\Umul32.c
		___lmul        		CODE           	5C96	0000	108

C:\Program Files\Microchip\xc8\v2.46\pic\sources\c99\common\Umul32.c estimated size: 108

../../VLCBlib_PIC/nv.c
		_nvGetESDdata  		CODE           	66B2	0000	38
		_nvPowerUp     		CODE           	6636	0000	46
		_nvTRnvrdCallback		CODE           	5FB8	0000	90
		_loadNvCache   		CODE           	5E3A	0000	98
		_nvGetDiagnostic		CODE           	62CE	0000	68
		_nvFactoryReset		CODE           	61FE	0000	70
		_nvProcessMessage		CODE           	216E	0000	964
		_getNV         		CODE           	6110	0000	82
		_setNV         		CODE           	573C	0000	142

../../VLCBlib_PIC/nv.c estimated size: 1598

../../VLCBlib_PIC/nvm.c
		_readNVM       		CODE           	5BAA	0000	118
		_flushFlashBlock		CODE           	4EAE	0000	190
		_EEPROM_Read   		CODE           	64B4	0000	50
		_EEPROM_Write  		CODE           	5584	0000	148
		_FLASH_Write   		CODE           	436A	0000	254
		_initRomOps    		CODE           	671C	0000	20
		_loadFlashBlock		CODE           	606A	0000	84
		_writeNVM      		CODE           	5EFE	0000	94
		_FLASH_Read    		CODE           	6012	0000	88
		_eraseFlashBlock		CODE           	5D02	0000	106

../../VLCBlib_PIC/nvm.c estimated size: 1152

