Microchip MPLAB XC8 Compiler V2.46

Linker command line:

-W-3 \
  --edf=C:\Program Files\Microchip\xc8\v2.46\pic\dat\20240104201356_en.msgs \
  -cn -h+dist/default/production\Blink.production.sym \
  --cmf=dist/default/production\Blink.production.cmf -z -Q18F26K80 \
  -oC:\Users\ianwh\AppData\Local\Temp\xcAs12dg.\driver_tmp_3.o \
  --defsym=__MPLAB_BUILD=1 --fixupoverflow=error \
  -Mdist/default/production/Blink.production.map \
  --md=C:\Users\ianwh\AppData\Local\Temp\xcAs12dg.\driver_tmp_0.dat -E1 \
  -ver=XC8 Compiler --acfsm=1493 -p_name_text=848h -ACODE=00h-0FFFFh \
  -ACONST=00h-0FFFFh -ASMALLCONST=0F00h-0FFFhx241 \
  -AMEDIUMCONST=0F00h-0FFFFh -ACOMRAM=01h-05Fh -AABS1=00h-0E40h \
  -ABIGRAM=01h-0E40h -ARAM=060h-0FFh,0100h-01FFhx13,0E00h-0E40h \
  -ABANK0=060h-0FFh -ABANK1=0100h-01FFh -ABANK2=0200h-02FFh \
  -ABANK3=0300h-03FFh -ABANK4=0400h-04FFh -ABANK5=0500h-05FFh \
  -ABANK6=0600h-06FFh -ABANK7=0700h-07FFh -ABANK8=0800h-08FFh \
  -ABANK9=0900h-09FFh -ABANK10=0A00h-0AFFh -ABANK11=0B00h-0BFFh \
  -ABANK12=0C00h-0CFFh -ABANK13=0D00h-0DFFh -ABANK14=0E00h-0E40h \
  -ASFR=0E41h-0EFFh,0F00h-0F5Fh,0F60h-0FFFh -ABIGSFR=0E41h-0FFFh \
  -ACONFIG=0300000h-030000Dh -AIDLOC=0200000h-0200007h \
  -AEEDATA=0F00000h-0F003FFh -peeprom_data=EEDATA \
  -preset_vec=00h,intcode=8h,intcodelo=18h,powerup,init -pramtop=0F00h \
  -psmallconst=SMALLCONST -pmediumconst=MEDIUMCONST -pconst=CONST \
  -AFARRAM=00h-00h \
  -prdata=COMRAM,nvrram=COMRAM,nvbit=COMRAM,rbss=COMRAM,rbit=COMRAM \
  -pfarbss=FARRAM,fardata=FARRAM,nvFARRAM=FARRAM \
  -pintsave_regs=BIGRAM,bigbss=BIGRAM,bigdata=BIGRAM -pbss=RAM \
  -pidata=CODE,irdata=CODE,ibigdata=CODE,ifardata=CODE -prparam=COMRAM \
  C:\Users\ianwh\AppData\Local\Temp\xcAs12dg.\driver_tmp_9.o \
  dist/default/production\Blink.production.o 

Object code version is 3.11

Machine type is 18F26K80



                Name                               Link     Load   Length Selector   Space Scale
C:\Users\ianwh\AppData\Local\Temp\xcAs12dg.\driver_tmp_9.o
                config                           300000   300000        E        0       4
                init                                 1C       1C        4        C       0
                reset_vec                             0        0        4        0       0
dist/default/production\Blink.production.o
                intcodelo                            18       18        4        C       0
                intcode                               8        8        4        4       0
                config                           300000   300000        E        0       4
                temp                                 4B       4B        1        1       1
                mediumconst                        FE8C     FE8C      174     7F46       0
                text100                            60E2     60E2        2      424       0
                text99                             4D22     4D22       BA      424       0
                text98                             4544     4544       E6      424       0
                text97                             6096     6096       16      424       0
                text96                             33E4     33E4      1A8      424       0
                text95                             4F3C     4F3C       AE      424       0
                text94                             53F8     53F8       7A      424       0
                text93                             372C     372C      17A      424       0
                text92                             5652     5652       78      424       0
                text91                             596A     596A       66      424       0
                text90                             5DD0     5DD0       3C      424       0
                text89                             4372     4372       EA      424       0
                text87                             60E0     60E0        2      424       0
                text86                             445C     445C       E8      424       0
                text85                             4BA8     4BA8       BE      424       0
                text84                             6080     6080       16      424       0
                text83                             3238     3238      1AC      424       0
                text82                             4E8C     4E8C       B0      424       0
                text81                             55DA     55DA       78      424       0
                text80                             358C     358C      1A0      424       0
                text79                             5562     5562       78      424       0
                text78                             5902     5902       68      424       0
                text77                             5FFE     5FFE       28      424       0
                text76                             5C86     5C86       46      424       0
                text75                             4198     4198       EE      424       0
                mainSec                            4286     4286       EC      424       0
                text73                             60DE     60DE        2      424       0
                text72                             60DC     60DC        2      424       0
                text71                             5E7C     5E7C       32      424       0
                text70                             606A     606A       16      424       0
                text69                             51C0     51C0       94      424       0
                text68                             60D8     60D8        4      424       0
                text67                             5898     5898       6A      424       0
                text66                             4AEA     4AEA       BE      424       0
                text65                             5B44     5B44       54      424       0
                text64                             3F9E     3F9E       FE      424       0
                text63                             5A32     5A32       5E      424       0
                text62                             57B6     57B6       76      424       0
                text61                             604C     604C       1E      424       0
                text60                             3D98     3D98      104      424       0
                text59                             4FEA     4FEA       A6      424       0
                text58                             582C     582C       6C      424       0
                text57                             48A2     48A2       C6      424       0
                text56                             54EA     54EA       78      424       0
                text55                             2174     2174      394      424       0
                text54                             47D6     47D6       CC      424       0
                text53                             470A     470A       CC      424       0
                text52                             39F0     39F0      146      424       0
                text51                             4C66     4C66       BC      424       0
                text50                             60AC     60AC       14      424       0
                text49                             2AB6     2AB6      21C      424       0
                text48                             5740     5740       76      424       0
                text47                             60D4     60D4        4      424       0
                text46                             60D0     60D0        4      424       0
                text45                             2508     2508      370      424       0
                text44                             5E44     5E44       38      424       0
                text43                             2CD2     2CD2      1DC      424       0
                text42                             512A     512A       96      424       0
                text41                             5FCE     5FCE       30      424       0
                text40                             4A2C     4A2C       BE      424       0
                text39                             38A6     38A6      14A      424       0
                text38                             5B98     5B98       52      424       0
                text37                             4DDC     4DDC       B0      424       0
                text36                             5472     5472       78      424       0
                text35                             3088     3088      1B0      424       0
                text34                             2878     2878      23E      424       0
                text33                             5F9E     5F9E       30      424       0
                text32                             5D94     5D94       3C      424       0
                text31                             1D88     1D88      3EC      424       0
                text30                             6026     6026       26      424       0
                text29                             52E6     52E6       92      424       0
                text28                             5254     5254       92      424       0
                text27                             5378     5378       80      424       0
                text26                             3C74     3C74      124      424       0
                text25                             5CCC     5CCC       44      424       0
                text24                             5C3A     5C3A       4C      424       0
                text23                             5F6E     5F6E       30      424       0
                text22                             5F3E     5F3E       30      424       0
                text21                             5F0E     5F0E       30      424       0
                text20                             5EDE     5EDE       30      424       0
                text19                             59D0     59D0       62      424       0
                text18                              850      850      C8E      424       0
                text17                             462A     462A       E0      424       0
                text16                             5090     5090       9A      424       0
                text15                             5E0C     5E0C       38      424       0
                text14                             3E9C     3E9C      102      424       0
                text13                             4968     4968       C4      424       0
                text12                             1974     1974      414      424       0
                text11                             5AEC     5AEC       58      424       0
                text10                             56CA     56CA       76      424       0
                text9                              5BEA     5BEA       50      424       0
                text8                              60CA     60CA        6      424       0
                text7                              5EAE     5EAE       30      424       0
                text6                              3B36     3B36      13E      424       0
                text5                              2EAE     2EAE      1DA      424       0
                text4                              409C     409C       FC      424       0
                text3                              14DE     14DE      496      424       0
                text2                              60C0     60C0        A      424       0
                text1                              5D52     5D52       42      424       0
                text0                              5A90     5A90       5C      424       0
                cstackCOMRAM                          1        1       26        1       1
                cstackBANK0                          60       60       44       60       1
                cstackBANK1                         1C5      1C5       33      100       1
                cstackBANK2                         200      200        B      200       1
                bssBIGRAM                           20B      20B      120      20B       1
                bssBANK1                            100      100       C5      100       1
                bssBANK0                             A4       A4       33       60       1
                bssCOMRAM                            27       27       24        1       1
                cinit                              5D10     5D10       42      424       0
                _name_text                          848      848        8      424       0

TOTAL           Name                               Link     Load   Length     Space
        CLASS   CODE           
                intcodelo                            18       18        4         0
                intcode                               8        8        4         0
                init                                 1C       1C        4         0
                reset_vec                             0        0        4         0
                text100                            60E2     60E2        2         0
                text99                             4D22     4D22       BA         0
                text98                             4544     4544       E6         0
                text97                             6096     6096       16         0
                text96                             33E4     33E4      1A8         0
                text95                             4F3C     4F3C       AE         0
                text94                             53F8     53F8       7A         0
                text93                             372C     372C      17A         0
                text92                             5652     5652       78         0
                text91                             596A     596A       66         0
                text90                             5DD0     5DD0       3C         0
                text89                             4372     4372       EA         0
                text87                             60E0     60E0        2         0
                text86                             445C     445C       E8         0
                text85                             4BA8     4BA8       BE         0
                text84                             6080     6080       16         0
                text83                             3238     3238      1AC         0
                text82                             4E8C     4E8C       B0         0
                text81                             55DA     55DA       78         0
                text80                             358C     358C      1A0         0
                text79                             5562     5562       78         0
                text78                             5902     5902       68         0
                text77                             5FFE     5FFE       28         0
                text76                             5C86     5C86       46         0
                text75                             4198     4198       EE         0
                mainSec                            4286     4286       EC         0
                text73                             60DE     60DE        2         0
                text72                             60DC     60DC        2         0
                text71                             5E7C     5E7C       32         0
                text70                             606A     606A       16         0
                text69                             51C0     51C0       94         0
                text68                             60D8     60D8        4         0
                text67                             5898     5898       6A         0
                text66                             4AEA     4AEA       BE         0
                text65                             5B44     5B44       54         0
                text64                             3F9E     3F9E       FE         0
                text63                             5A32     5A32       5E         0
                text62                             57B6     57B6       76         0
                text61                             604C     604C       1E         0
                text60                             3D98     3D98      104         0
                text59                             4FEA     4FEA       A6         0
                text58                             582C     582C       6C         0
                text57                             48A2     48A2       C6         0
                text56                             54EA     54EA       78         0
                text55                             2174     2174      394         0
                text54                             47D6     47D6       CC         0
                text53                             470A     470A       CC         0
                text52                             39F0     39F0      146         0
                text51                             4C66     4C66       BC         0
                text50                             60AC     60AC       14         0
                text49                             2AB6     2AB6      21C         0
                text48                             5740     5740       76         0
                text47                             60D4     60D4        4         0
                text46                             60D0     60D0        4         0
                text45                             2508     2508      370         0
                text44                             5E44     5E44       38         0
                text43                             2CD2     2CD2      1DC         0
                text42                             512A     512A       96         0
                text41                             5FCE     5FCE       30         0
                text40                             4A2C     4A2C       BE         0
                text39                             38A6     38A6      14A         0
                text38                             5B98     5B98       52         0
                text37                             4DDC     4DDC       B0         0
                text36                             5472     5472       78         0
                text35                             3088     3088      1B0         0
                text34                             2878     2878      23E         0
                text33                             5F9E     5F9E       30         0
                text32                             5D94     5D94       3C         0
                text31                             1D88     1D88      3EC         0
                text30                             6026     6026       26         0
                text29                             52E6     52E6       92         0
                text28                             5254     5254       92         0
                text27                             5378     5378       80         0
                text26                             3C74     3C74      124         0
                text25                             5CCC     5CCC       44         0
                text24                             5C3A     5C3A       4C         0
                text23                             5F6E     5F6E       30         0
                text22                             5F3E     5F3E       30         0
                text21                             5F0E     5F0E       30         0
                text20                             5EDE     5EDE       30         0
                text19                             59D0     59D0       62         0
                text18                              850      850      C8E         0
                text17                             462A     462A       E0         0
                text16                             5090     5090       9A         0
                text15                             5E0C     5E0C       38         0
                text14                             3E9C     3E9C      102         0
                text13                             4968     4968       C4         0
                text12                             1974     1974      414         0
                text11                             5AEC     5AEC       58         0
                text10                             56CA     56CA       76         0
                text9                              5BEA     5BEA       50         0
                text8                              60CA     60CA        6         0
                text7                              5EAE     5EAE       30         0
                text6                              3B36     3B36      13E         0
                text5                              2EAE     2EAE      1DA         0
                text4                              409C     409C       FC         0
                text3                              14DE     14DE      496         0
                text2                              60C0     60C0        A         0
                text1                              5D52     5D52       42         0
                text0                              5A90     5A90       5C         0
                cinit                              5D10     5D10       42         0
                _name_text                          848      848        8         0

        CLASS   CONST          

        CLASS   SMALLCONST     

        CLASS   MEDIUMCONST    
                mediumconst                        FE8C     FE8C      174         0

        CLASS   COMRAM         
                temp                                 4B       4B        1         1
                cstackCOMRAM                          1        1       26         1
                bssCOMRAM                            27       27       24         1

        CLASS   ABS1           

        CLASS   BIGRAM         
                bssBIGRAM                           20B      20B      120         1

        CLASS   RAM            

        CLASS   BANK0          
                cstackBANK0                          60       60       44         1
                bssBANK0                             A4       A4       33         1

        CLASS   BANK1          
                cstackBANK1                         1C5      1C5       33         1
                bssBANK1                            100      100       C5         1

        CLASS   BANK2          
                cstackBANK2                         200      200        B         1

        CLASS   BANK3          

        CLASS   BANK4          

        CLASS   BANK5          

        CLASS   BANK6          

        CLASS   BANK7          

        CLASS   BANK8          

        CLASS   BANK9          

        CLASS   BANK10         

        CLASS   BANK11         

        CLASS   BANK12         

        CLASS   BANK13         

        CLASS   BANK14         

        CLASS   SFR            

        CLASS   BIGSFR         

        CLASS   CONFIG         
                config                           300000   300000        E         4

        CLASS   IDLOC          

        CLASS   EEDATA         

        CLASS   FARRAM         

        CLASS   HEAP           

        CLASS   STACK          



SEGMENTS        Name                           Load    Length   Top    Selector   Space  Class

                reset_vec                      000000  000004  000004         0       0  CODE    
                cstackCOMRAM                   000001  00004B  00004C         1       1  COMRAM  
                intcode                        000008  000004  00000C         4       0  CODE    
                intcodelo                      000018  000008  000020         C       0  CODE    
                cstackBANK0                    000060  000077  0000D7        60       1  BANK0   
                bssBANK1                       000100  0000F8  0001F8       100       1  BANK1   
                cstackBANK2                    000200  00000B  00020B       200       1  BANK2   
                bssBIGRAM                      00020B  000120  00032B       20B       1  BIGRAM  
                _name_text                     000848  00589C  0060E4       424       0  CODE    
                mediumconst                    00FE8C  000174  010000      7F46       0  MEDIUMCO


UNUSED ADDRESS RANGES

        Name                Unused          Largest block    Delta
        BANK0            0000D7-0000FF               29
        BANK1            0001F8-0001FF                8
        BANK10           000A00-000AFF              100
        BANK11           000B00-000BFF              100
        BANK12           000C00-000CFF              100
        BANK13           000D00-000DFF              100
        BANK14           000E00-000E40               41
        BANK3            00032B-0003FF               D5
        BANK4            000400-0004FF              100
        BANK5            000500-0005FF              100
        BANK6            000600-0006FF              100
        BANK7            000700-0007FF              100
        BANK8            000800-0008FF              100
        BANK9            000900-0009FF              100
        BIGRAM           00004C-00005F               14
                         0000D7-0000FF               29
                         0001F8-0001FF                8
                         00032B-000E40              B16
        BIGSFR           000E41-000FFF              1BF
        CODE             000004-000007                4
                         00000C-000017                C
                         000020-000847              828
                         0060E4-00FE8B             9DA8
        COMRAM           00004C-00005F               14
        CONST            000004-000007                4
                         00000C-000017                C
                         000020-000847              828
                         0060E4-00FE8B             9DA8
        EEDATA           F00000-F003FF              400
        IDLOC            200000-200007                8
        MEDIUMCONST      0060E4-00FE8B             9DA8
        RAM              0000D7-0000FF               29
                         0001F8-0001FF                8
                         00032B-000E40              100
        SFR              000E41-000FFF               BF
        SMALLCONST       0060E4-00FE8B              100

                                  Symbol Table

?___awdiv                                  cstackBANK0  000089
?___lldiv                                  cstackBANK0  000093
?___lmul                                   cstackBANK0  000089
?_canGetDiagnostic                         cstackBANK0  000089
?_getBufferPointer                         cstackBANK0  000089
?_getNextWriteMessage                      cstackBANK0  000060
?_mnsGetDiagnostic                         cstackBANK0  000089
?_pop                                      cstackBANK0  000089
?_readNVM                                  cstackBANK0  00008D
?_tickGet                                  cstackBANK0  000089
?i1_getBufferPointer                       cstackBANK0  000060
?i1_pop                                    cstackBANK0  000060
?i1_tickGet                                cstackBANK0  000060
?i2_getBufferPointer                       cstackCOMRAM 000001
?i2_getNextWriteMessage                    cstackCOMRAM 000001
?i2_pop                                    cstackCOMRAM 000001
?i2_tickGet                                cstackCOMRAM 000001
APP_postProcessMessage@m                   cstackBANK0  000089
APP_preProcessMessage@m                    cstackBANK0  000089
EEPROM_Read@index                          cstackBANK0  000089
EEPROM_Write@index                         cstackBANK0  00008B
EEPROM_Write@interruptEnabled              cstackBANK0  00008E
EEPROM_Write@value                         cstackBANK0  00008D
FLASH_Read@address                         cstackBANK0  000089
FLASH_Write@index                          cstackBANK0  00008C
FLASH_Write@value                          cstackBANK0  00008E
_ANCON0                                    (abs)        000F5D
_ANCON1                                    (abs)        000F5C
_APP_factoryReset                          text72       0060DC
_APP_highIsr                               text100      0060E2
_APP_isSuitableTimeToWriteFlash            text68       0060D8
_APP_lowIsr                                text87       0060E0
_APP_postProcessMessage                    text47       0060D4
_APP_preProcessMessage                     text46       0060D0
_APP_testMode                              text73       0060DE
_B0CON                                     (abs)        000E80
_B1CON                                     (abs)        000E90
_B2CON                                     (abs)        000EA0
_B3CON                                     (abs)        000EB0
_B4CON                                     (abs)        000EC0
_B5CON                                     (abs)        000ED0
_BIE0                                      (abs)        000E7E
_BRGCON1                                   (abs)        000E43
_BRGCON2                                   (abs)        000E44
_BRGCON3                                   (abs)        000E45
_BSEL0                                     (abs)        000E7D
_CANCON                                    (abs)        000F6F
_CANSTATbits                               (abs)        000F6E
_CIOCON                                    (abs)        000F70
_COMSTATbits                               (abs)        000F71
_ECANCON                                   (abs)        000F72
_EEADR                                     (abs)        000F74
_EEADRH                                    (abs)        000F75
_EECON1                                    (abs)        000F7F
_EECON1bits                                (abs)        000F7F
_EECON2                                    (abs)        000F7E
_EEDATA                                    (abs)        000F73
_EEIF                                      (abs)        007DBE
_EEPROM_Read                               text71       005E7C
_EEPROM_Write                              text69       0051C0
_EnumerationState                          bssCOMRAM    00003F
_FLASH_Read                                text11       005AEC
_FLASH_Write                               text64       003F9E
_INTCON2bits                               (abs)        000FF1
_INTCONbits                                (abs)        000FF2
_IPR5                                      (abs)        000F78
_LATA                                      (abs)        000F89
_LATB                                      (abs)        000F8A
_LATBbits                                  (abs)        000F8A
_LATC                                      (abs)        000F8B
_MSEL0                                     (abs)        000E79
_OSCTUNEbits                               (abs)        000F9B
_PIE5bits                                  (abs)        000F76
_PIR5bits                                  (abs)        000F77
_PORTA                                     (abs)        000F80
_PORTAbits                                 (abs)        000F80
_PORTB                                     (abs)        000F81
_PORTC                                     (abs)        000F82
_RCONbits                                  (abs)        000FD0
_RXB0CON                                   (abs)        000F60
_RXB1CON                                   (abs)        000F30
_RXF0SIDL                                  (abs)        000EE1
_RXFBCON0                                  (abs)        000E71
_RXFCON0                                   (abs)        000E46
_RXM0EIDH                                  (abs)        000EFA
_RXM0EIDL                                  (abs)        000EFB
_RXM0SIDH                                  (abs)        000EF8
_RXM0SIDL                                  (abs)        000EF9
_T0CON                                     (abs)        000FD5
_T0CONbits                                 (abs)        000FD5
_TABLAT                                    (abs)        000FF5
_TBLPTR                                    (abs)        000FF6
_TBLPTRU                                   (abs)        000FF8
_TMR0H                                     (abs)        000FD7
_TMR0L                                     (abs)        000FD6
_TRISA                                     (abs)        000F92
_TRISAbits                                 (abs)        000F92
_TRISB                                     (abs)        000F93
_TRISBbits                                 (abs)        000F93
_TRISC                                     (abs)        000F94
_TXB0CON                                   (abs)        000F20
_TXB0CONbits                               (abs)        000F20
_TXB0D0                                    (abs)        000F26
_TXB0D1                                    (abs)        000F27
_TXB0D2                                    (abs)        000F28
_TXB0D3                                    (abs)        000F29
_TXB0D4                                    (abs)        000F2A
_TXB0D5                                    (abs)        000F2B
_TXB0D6                                    (abs)        000F2C
_TXB0D7                                    (abs)        000F2D
_TXB0DLC                                   (abs)        000F25
_TXB0SIDH                                  (abs)        000F21
_TXB0SIDL                                  (abs)        000F22
_TXB1CON                                   (abs)        000F10
_TXB1CONbits                               (abs)        000F10
_TXB1DLC                                   (abs)        000F15
_TXB1SIDH                                  (abs)        000F11
_TXB1SIDL                                  (abs)        000F12
_TXB2CON                                   (abs)        000F00
_TXB2CONbits                               (abs)        000F00
_TXB2DLC                                   (abs)        000F05
_TXB2SIDH                                  (abs)        000F01
_TXB2SIDL                                  (abs)        000F02
_TXBIEbits                                 (abs)        000E7F
__HRAM                                     (abs)        000000
__H__absolute__                            __absolute__ 000000
__H_name_text                              _name_text   000850
__Habs1                                    abs1         000000
__Hbank0                                   bank0        000000
__Hbank1                                   bank1        000000
__Hbank10                                  bank10       000000
__Hbank11                                  bank11       000000
__Hbank12                                  bank12       000000
__Hbank13                                  bank13       000000
__Hbank14                                  bank14       000000
__Hbank2                                   bank2        000000
__Hbank3                                   bank3        000000
__Hbank4                                   bank4        000000
__Hbank5                                   bank5        000000
__Hbank6                                   bank6        000000
__Hbank7                                   bank7        000000
__Hbank8                                   bank8        000000
__Hbank9                                   bank9        000000
__Hbigbss                                  bigbss       000000
__Hbigdata                                 bigdata      000000
__Hbigram                                  bigram       000000
__Hbigsfr                                  bigsfr       000000
__Hbss                                     bss          000000
__HbssBANK0                                bssBANK0     000000
__HbssBANK1                                bssBANK1     000000
__HbssBIGRAM                               bssBIGRAM    000000
__HbssCOMRAM                               bssCOMRAM    000000
__Hcinit                                   cinit        000000
__Hclrtext                                 clrtext      000000
__Hcomram                                  comram       000000
__Hconfig                                  config       30000E
__Hconst                                   const        000000
__HcstackBANK0                             cstackBANK0  000000
__HcstackBANK1                             cstackBANK1  000000
__HcstackBANK2                             cstackBANK2  000000
__HcstackCOMRAM                            cstackCOMRAM 000000
__Hdata                                    data         000000
__Heeprom_data                             eeprom_data  000000
__Hfarbss                                  farbss       000000
__Hfardata                                 fardata      000000
__Hheap                                    heap         000000
__Hibigdata                                ibigdata     000000
__Hidata                                   idata        000000
__Hidloc                                   idloc        000000
__Hifardata                                ifardata     000000
__Hinit                                    init         000020
__Hintcode                                 intcode      00000C
__Hintcode_body                            intcode_body 000000
__Hintcodelo                               intcodelo    00001C
__Hintentry                                intentry     000000
__Hintret                                  intret       000000
__Hintsave_regs                            intsave_regs 000000
__Hirdata                                  irdata       000000
__HmainSec                                 mainSec      000000
__Hmediumconst                             mediumconst  010000
__HnvFARRAM                                nvFARRAM     000000
__Hnvbit                                   nvbit        000000
__Hnvrram                                  nvrram       000000
__Hparam                                   rparam       000000
__Hpowerup                                 powerup      00001C
__Hram                                     ram          000000
__Hramtop                                  ramtop       000F00
__Hrbit                                    rbit         000000
__Hrbss                                    rbss         000000
__Hrdata                                   rdata        000000
__Hreset_vec                               reset_vec    000004
__Hrparam                                  rparam       000000
__Hsfr                                     sfr          000000
__Hsivt_hi                                 sivt_hi      000000
__Hsivt_lo                                 sivt_lo      000000
__Hsmallconst                              smallconst   000000
__Hspace_0                                 (abs)        010000
__Hspace_1                                 (abs)        00032B
__Hspace_2                                 (abs)        000000
__Hspace_4                                 (abs)        60000E
__Hstack                                   stack        000000
__Hstruct                                  struct       000000
__Htemp                                    temp         00004C
__Htext                                    text         000000
__Htext0                                   text0        000000
__Htext1                                   text1        000000
__Htext10                                  text10       000000
__Htext100                                 text100      000000
__Htext11                                  text11       000000
__Htext12                                  text12       000000
__Htext13                                  text13       000000
__Htext14                                  text14       000000
__Htext15                                  text15       000000
__Htext16                                  text16       000000
__Htext17                                  text17       000000
__Htext18                                  text18       000000
__Htext19                                  text19       000000
__Htext2                                   text2        000000
__Htext20                                  text20       000000
__Htext21                                  text21       000000
__Htext22                                  text22       000000
__Htext23                                  text23       000000
__Htext24                                  text24       000000
__Htext25                                  text25       000000
__Htext26                                  text26       000000
__Htext27                                  text27       000000
__Htext28                                  text28       000000
__Htext29                                  text29       000000
__Htext3                                   text3        000000
__Htext30                                  text30       000000
__Htext31                                  text31       000000
__Htext32                                  text32       000000
__Htext33                                  text33       000000
__Htext34                                  text34       000000
__Htext35                                  text35       000000
__Htext36                                  text36       000000
__Htext37                                  text37       000000
__Htext38                                  text38       000000
__Htext39                                  text39       000000
__Htext4                                   text4        000000
__Htext40                                  text40       000000
__Htext41                                  text41       000000
__Htext42                                  text42       000000
__Htext43                                  text43       000000
__Htext44                                  text44       000000
__Htext45                                  text45       000000
__Htext46                                  text46       000000
__Htext47                                  text47       000000
__Htext48                                  text48       000000
__Htext49                                  text49       000000
__Htext5                                   text5        000000
__Htext50                                  text50       000000
__Htext51                                  text51       000000
__Htext52                                  text52       000000
__Htext53                                  text53       000000
__Htext54                                  text54       000000
__Htext55                                  text55       000000
__Htext56                                  text56       000000
__Htext57                                  text57       000000
__Htext58                                  text58       000000
__Htext59                                  text59       000000
__Htext6                                   text6        000000
__Htext60                                  text60       000000
__Htext61                                  text61       000000
__Htext62                                  text62       000000
__Htext63                                  text63       000000
__Htext64                                  text64       000000
__Htext65                                  text65       000000
__Htext66                                  text66       000000
__Htext67                                  text67       000000
__Htext68                                  text68       000000
__Htext69                                  text69       000000
__Htext7                                   text7        000000
__Htext70                                  text70       000000
__Htext71                                  text71       000000
__Htext72                                  text72       000000
__Htext73                                  text73       000000
__Htext75                                  text75       000000
__Htext76                                  text76       000000
__Htext77                                  text77       000000
__Htext78                                  text78       000000
__Htext79                                  text79       000000
__Htext8                                   text8        000000
__Htext80                                  text80       000000
__Htext81                                  text81       000000
__Htext82                                  text82       000000
__Htext83                                  text83       000000
__Htext84                                  text84       000000
__Htext85                                  text85       000000
__Htext86                                  text86       000000
__Htext87                                  text87       000000
__Htext89                                  text89       000000
__Htext9                                   text9        000000
__Htext90                                  text90       000000
__Htext91                                  text91       000000
__Htext92                                  text92       000000
__Htext93                                  text93       000000
__Htext94                                  text94       000000
__Htext95                                  text95       000000
__Htext96                                  text96       000000
__Htext97                                  text97       000000
__Htext98                                  text98       000000
__Htext99                                  text99       000000
__LRAM                                     (abs)        000001
__L__absolute__                            __absolute__ 000000
__L_name_text                              _name_text   000848
__Labs1                                    abs1         000000
__Lbank0                                   bank0        000000
__Lbank1                                   bank1        000000
__Lbank10                                  bank10       000000
__Lbank11                                  bank11       000000
__Lbank12                                  bank12       000000
__Lbank13                                  bank13       000000
__Lbank14                                  bank14       000000
__Lbank2                                   bank2        000000
__Lbank3                                   bank3        000000
__Lbank4                                   bank4        000000
__Lbank5                                   bank5        000000
__Lbank6                                   bank6        000000
__Lbank7                                   bank7        000000
__Lbank8                                   bank8        000000
__Lbank9                                   bank9        000000
__Lbigbss                                  bigbss       000000
__Lbigdata                                 bigdata      000000
__Lbigram                                  bigram       000000
__Lbigsfr                                  bigsfr       000000
__Lbss                                     bss          000000
__LbssBANK0                                bssBANK0     000000
__LbssBANK1                                bssBANK1     000000
__LbssBIGRAM                               bssBIGRAM    000000
__LbssCOMRAM                               bssCOMRAM    000000
__Lcinit                                   cinit        000000
__Lclrtext                                 clrtext      000000
__Lcomram                                  comram       000000
__Lconfig                                  config       000000
__Lconst                                   const        000000
__LcstackBANK0                             cstackBANK0  000000
__LcstackBANK1                             cstackBANK1  000000
__LcstackBANK2                             cstackBANK2  000000
__LcstackCOMRAM                            cstackCOMRAM 000000
__Ldata                                    data         000000
__Leeprom_data                             eeprom_data  000000
__Lfarbss                                  farbss       000000
__Lfardata                                 fardata      000000
__Lheap                                    heap         000000
__Libigdata                                ibigdata     000000
__Lidata                                   idata        000000
__Lidloc                                   idloc        000000
__Lifardata                                ifardata     000000
__Linit                                    init         00001C
__Lintcode                                 intcode      000008
__Lintcode_body                            intcode_body 000000
__Lintcodelo                               intcodelo    000018
__Lintentry                                intentry     000000
__Lintret                                  intret       000000
__Lintsave_regs                            intsave_regs 000000
__Lirdata                                  irdata       000000
__LmainSec                                 mainSec      000000
__Lmediumconst                             mediumconst  00FE8C
__LnvFARRAM                                nvFARRAM     000000
__Lnvbit                                   nvbit        000000
__Lnvrram                                  nvrram       000000
__Lparam                                   rparam       000000
__Lpowerup                                 powerup      00001C
__Lram                                     ram          000000
__Lramtop                                  ramtop       000F00
__Lrbit                                    rbit         000000
__Lrbss                                    rbss         000000
__Lrdata                                   rdata        000000
__Lreset_vec                               reset_vec    000000
__Lrparam                                  rparam       000000
__Lsfr                                     sfr          000000
__Lsivt_hi                                 sivt_hi      000000
__Lsivt_lo                                 sivt_lo      000000
__Lsmallconst                              smallconst   000000
__Lspace_0                                 (abs)        000000
__Lspace_1                                 (abs)        000000
__Lspace_2                                 (abs)        000000
__Lspace_4                                 (abs)        000000
__Lstack                                   stack        000000
__Lstruct                                  struct       000000
__Ltemp                                    temp         00004B
__Ltext                                    text         000000
__Ltext0                                   text0        000000
__Ltext1                                   text1        000000
__Ltext10                                  text10       000000
__Ltext100                                 text100      000000
__Ltext11                                  text11       000000
__Ltext12                                  text12       000000
__Ltext13                                  text13       000000
__Ltext14                                  text14       000000
__Ltext15                                  text15       000000
__Ltext16                                  text16       000000
__Ltext17                                  text17       000000
__Ltext18                                  text18       000000
__Ltext19                                  text19       000000
__Ltext2                                   text2        000000
__Ltext20                                  text20       000000
__Ltext21                                  text21       000000
__Ltext22                                  text22       000000
__Ltext23                                  text23       000000
__Ltext24                                  text24       000000
__Ltext25                                  text25       000000
__Ltext26                                  text26       000000
__Ltext27                                  text27       000000
__Ltext28                                  text28       000000
__Ltext29                                  text29       000000
__Ltext3                                   text3        000000
__Ltext30                                  text30       000000
__Ltext31                                  text31       000000
__Ltext32                                  text32       000000
__Ltext33                                  text33       000000
__Ltext34                                  text34       000000
__Ltext35                                  text35       000000
__Ltext36                                  text36       000000
__Ltext37                                  text37       000000
__Ltext38                                  text38       000000
__Ltext39                                  text39       000000
__Ltext4                                   text4        000000
__Ltext40                                  text40       000000
__Ltext41                                  text41       000000
__Ltext42                                  text42       000000
__Ltext43                                  text43       000000
__Ltext44                                  text44       000000
__Ltext45                                  text45       000000
__Ltext46                                  text46       000000
__Ltext47                                  text47       000000
__Ltext48                                  text48       000000
__Ltext49                                  text49       000000
__Ltext5                                   text5        000000
__Ltext50                                  text50       000000
__Ltext51                                  text51       000000
__Ltext52                                  text52       000000
__Ltext53                                  text53       000000
__Ltext54                                  text54       000000
__Ltext55                                  text55       000000
__Ltext56                                  text56       000000
__Ltext57                                  text57       000000
__Ltext58                                  text58       000000
__Ltext59                                  text59       000000
__Ltext6                                   text6        000000
__Ltext60                                  text60       000000
__Ltext61                                  text61       000000
__Ltext62                                  text62       000000
__Ltext63                                  text63       000000
__Ltext64                                  text64       000000
__Ltext65                                  text65       000000
__Ltext66                                  text66       000000
__Ltext67                                  text67       000000
__Ltext68                                  text68       000000
__Ltext69                                  text69       000000
__Ltext7                                   text7        000000
__Ltext70                                  text70       000000
__Ltext71                                  text71       000000
__Ltext72                                  text72       000000
__Ltext73                                  text73       000000
__Ltext75                                  text75       000000
__Ltext76                                  text76       000000
__Ltext77                                  text77       000000
__Ltext78                                  text78       000000
__Ltext79                                  text79       000000
__Ltext8                                   text8        000000
__Ltext80                                  text80       000000
__Ltext81                                  text81       000000
__Ltext82                                  text82       000000
__Ltext83                                  text83       000000
__Ltext84                                  text84       000000
__Ltext85                                  text85       000000
__Ltext86                                  text86       000000
__Ltext87                                  text87       000000
__Ltext89                                  text89       000000
__Ltext9                                   text9        000000
__Ltext90                                  text90       000000
__Ltext91                                  text91       000000
__Ltext92                                  text92       000000
__Ltext93                                  text93       000000
__Ltext94                                  text94       000000
__Ltext95                                  text95       000000
__Ltext96                                  text96       000000
__Ltext97                                  text97       000000
__Ltext98                                  text98       000000
__Ltext99                                  text99       000000
__S0                                       (abs)        010000
__S1                                       (abs)        00032B
__S4                                       (abs)        000000
__S5                                       (abs)        000000
___awdiv                                   text57       0048A2
___awdiv@counter                           cstackBANK0  00008D
___awdiv@dividend                          cstackBANK0  000089
___awdiv@divisor                           cstackBANK0  00008B
___awdiv@quotient                          cstackBANK0  00008F
___awdiv@sign                              cstackBANK0  00008E
___heap_hi                                 (abs)        000000
___heap_lo                                 (abs)        000000
___inthi_sp                                stack        000000
___inthi_stack_hi                          stack        000000
___inthi_stack_lo                          stack        000000
___intlo_sp                                stack        000000
___intlo_stack_hi                          stack        000000
___intlo_stack_lo                          stack        000000
___lldiv                                   text59       004FEA
___lldiv@counter                           cstackBANK0  00009F
___lldiv@dividend                          cstackBANK0  000093
___lldiv@divisor                           cstackBANK0  000097
___lldiv@quotient                          cstackBANK0  00009B
___lmul                                    text58       00582C
___lmul@multiplicand                       cstackBANK0  00008D
___lmul@multiplier                         cstackBANK0  000089
___lmul@product                            cstackBANK0  000091
___param_bank                              (abs)        000000
___rparam_used                             (abs)        000001
___sp                                      stack        000000
___stack_hi                                stack        000000
___stack_lo                                stack        000000
__accesstop                                (abs)        000060
__activetblptr                             (abs)        000003
__end_of_APP_factoryReset                  text72       0060DE
__end_of_APP_highIsr                       text100      0060E4
__end_of_APP_isSuitableTimeToWriteFlash    text68       0060DC
__end_of_APP_lowIsr                        text87       0060E2
__end_of_APP_postProcessMessage            text47       0060D8
__end_of_APP_preProcessMessage             text46       0060D4
__end_of_APP_testMode                      text73       0060E0
__end_of_EEPROM_Read                       text71       005EAE
__end_of_EEPROM_Write                      text69       005254
__end_of_FLASH_Read                        text11       005B44
__end_of_FLASH_Write                       text64       00409C
__end_of___awdiv                           text57       004968
__end_of___lldiv                           text59       005090
__end_of___lmul                            text58       005898
__end_of__initialization                   cinit        005D48
__end_of_canEsdData                        text30       00604C
__end_of_canFactoryReset                   text61       00606A
__end_of_canFillRxFifo                     text83       0033E4
__end_of_canGetDiagnostic                  text24       005C86
__end_of_canIsr                            text76       005CCC
__end_of_canPowerUp                        text5        003088
__end_of_canPri                            mediumconst  00FFD2
__end_of_canProcessMessage                 text17       00470A
__end_of_canReceiveMessage                 text34       002AB6
__end_of_canSendMessage                    text43       002EAE
__end_of_canService                        mediumconst  00FFFA
__end_of_canTransport                      mediumconst  00FFFE
__end_of_canTxError                        text79       0055DA
__end_of_checkCANTimeout                   text78       00596A
__end_of_checkPowerOnPb                    text51       004D22
__end_of_checkTxFifo                       text80       00372C
__end_of_configs                           mediumconst  00FFCD
__end_of_digitalWrite                      text49       002CD2
__end_of_eraseFlashBlock                   text67       005902
__end_of_factoryReset                      text60       003E9C
__end_of_findServiceIndex                  text29       005378
__end_of_flushFlashBlock                   text66       004BA8
__end_of_getBufferPointer                  text40       004AEA
__end_of_getNextWriteMessage               text86       004544
__end_of_getParameter                      text26       003D98
__end_of_getParameterFlags                 text27       0053F8
__end_of_handleSelfEnumeration             text39       0039F0
__end_of_have                              text28       0052E6
__end_of_highIsr                           text89       00445C
__end_of_initRomOps                        text50       0060C0
__end_of_initTicker                        text9        005C3A
__end_of_initTimedResponse                 text8        0060D0
__end_of_isrHigh                           mainSec      004372
__end_of_isrLow                            mainSec      004308
__end_of_leds_poll                         text55       002508
__end_of_leds_powerUp                      text7        005EDE
__end_of_loadFlashBlock                    text65       005B98
__end_of_loop                              text48       0057B6
__end_of_lowIsr                            text75       004286
__end_of_main                              text0        005AEC
__end_of_memcpy                            text38       005BEA
__end_of_mnsFactoryReset                   text62       00582C
__end_of_mnsGetDiagnostic                  text25       005D10
__end_of_mnsLowIsr                         text77       006026
__end_of_mnsPoll                           text31       002174
__end_of_mnsPowerUp                        text6        003C74
__end_of_mnsProcessMessage                 text18       0014DE
__end_of_mnsService                        mediumconst  00FFE8
__end_of_mnsTRallDiagnosticsCallback       text14       003F9E
__end_of_mnsTRrqnpnCallback                text15       005E44
__end_of_mnsTRserviceDiscoveryCallback     text16       00512A
__end_of_name                              _name_text   000850
__end_of_pbDownTimer                       text54       0048A2
__end_of_pbUpTimer                         text53       0047D6
__end_of_pinMode                           text3        001974
__end_of_poll                              text12       001D88
__end_of_pollTimedResponse                 text13       004A2C
__end_of_pop                               text37       004E8C
__end_of_powerUp                           text4        004198
__end_of_priorities                        mediumconst  00FF8D
__end_of_processEnumeration                text35       003238
__end_of_push                              text45       002878
__end_of_quantity                          text44       005E7C
__end_of_readNVM                           text10       005740
__end_of_sendMessage                       text42       0051C0
__end_of_sendMessage2                      text33       005FCE
__end_of_sendMessage3                      text23       005F9E
__end_of_sendMessage4                      text22       005F6E
__end_of_sendMessage5                      text41       005FFE
__end_of_sendMessage6                      text21       005F3E
__end_of_sendMessage7                      text20       005F0E
__end_of_services                          mediumconst  00FFD6
__end_of_setLEDsByMode                     text32       005DD0
__end_of_setNewCanId                       text36       0054EA
__end_of_setTimedResponseDelay             text2        0060CA
__end_of_setup                             text1        005D94
__end_of_showStatus                        text52       003B36
__end_of_startTimedResponse                text19       005A32
__end_of_tickGet                           text56       005562
__end_of_updateModuleErrorStatus           text70       006080
__end_of_writeNVM                          text63       005A90
__end_ofi1_getBufferPointer                text85       004C66
__end_ofi1_pop                             text82       004F3C
__end_ofi1_tickGet                         text81       005652
__end_ofi1_updateModuleErrorStatus         text84       006096
__end_ofi2_canFillRxFifo                   text96       00358C
__end_ofi2_canIsr                          text90       005E0C
__end_ofi2_canTxError                      text92       0056CA
__end_ofi2_checkCANTimeout                 text91       0059D0
__end_ofi2_checkTxFifo                     text93       0038A6
__end_ofi2_getBufferPointer                text99       004DDC
__end_ofi2_getNextWriteMessage             text98       00462A
__end_ofi2_pop                             text95       004FEA
__end_ofi2_tickGet                         text94       005472
__end_ofi2_updateModuleErrorStatus         text97       0060AC
__initialization                           cinit        005D10
__mediumconst                              mediumconst  00FE8C
__p_name_text                              _name_text   000848
__pbssBANK0                                bssBANK0     0000A4
__pbssBANK1                                bssBANK1     000100
__pbssBIGRAM                               bssBIGRAM    00020B
__pbssCOMRAM                               bssCOMRAM    000027
__pcinit                                   cinit        005D10
__pcstackBANK0                             cstackBANK0  000060
__pcstackBANK1                             cstackBANK1  0001C5
__pcstackBANK2                             cstackBANK2  000200
__pcstackCOMRAM                            cstackCOMRAM 000001
__pintcode                                 intcode      000008
__pintcodelo                               intcodelo    000018
__pmainSec                                 mainSec      004286
__pmediumconst                             mediumconst  00FE8C
__ptext0                                   text0        005A90
__ptext1                                   text1        005D52
__ptext10                                  text10       0056CA
__ptext100                                 text100      0060E2
__ptext11                                  text11       005AEC
__ptext12                                  text12       001974
__ptext13                                  text13       004968
__ptext14                                  text14       003E9C
__ptext15                                  text15       005E0C
__ptext16                                  text16       005090
__ptext17                                  text17       00462A
__ptext18                                  text18       000850
__ptext19                                  text19       0059D0
__ptext2                                   text2        0060C0
__ptext20                                  text20       005EDE
__ptext21                                  text21       005F0E
__ptext22                                  text22       005F3E
__ptext23                                  text23       005F6E
__ptext24                                  text24       005C3A
__ptext25                                  text25       005CCC
__ptext26                                  text26       003C74
__ptext27                                  text27       005378
__ptext28                                  text28       005254
__ptext29                                  text29       0052E6
__ptext3                                   text3        0014DE
__ptext30                                  text30       006026
__ptext31                                  text31       001D88
__ptext32                                  text32       005D94
__ptext33                                  text33       005F9E
__ptext34                                  text34       002878
__ptext35                                  text35       003088
__ptext36                                  text36       005472
__ptext37                                  text37       004DDC
__ptext38                                  text38       005B98
__ptext39                                  text39       0038A6
__ptext4                                   text4        00409C
__ptext40                                  text40       004A2C
__ptext41                                  text41       005FCE
__ptext42                                  text42       00512A
__ptext43                                  text43       002CD2
__ptext44                                  text44       005E44
__ptext45                                  text45       002508
__ptext46                                  text46       0060D0
__ptext47                                  text47       0060D4
__ptext48                                  text48       005740
__ptext49                                  text49       002AB6
__ptext5                                   text5        002EAE
__ptext50                                  text50       0060AC
__ptext51                                  text51       004C66
__ptext52                                  text52       0039F0
__ptext53                                  text53       00470A
__ptext54                                  text54       0047D6
__ptext55                                  text55       002174
__ptext56                                  text56       0054EA
__ptext57                                  text57       0048A2
__ptext58                                  text58       00582C
__ptext59                                  text59       004FEA
__ptext6                                   text6        003B36
__ptext60                                  text60       003D98
__ptext61                                  text61       00604C
__ptext62                                  text62       0057B6
__ptext63                                  text63       005A32
__ptext64                                  text64       003F9E
__ptext65                                  text65       005B44
__ptext66                                  text66       004AEA
__ptext67                                  text67       005898
__ptext68                                  text68       0060D8
__ptext69                                  text69       0051C0
__ptext7                                   text7        005EAE
__ptext70                                  text70       00606A
__ptext71                                  text71       005E7C
__ptext72                                  text72       0060DC
__ptext73                                  text73       0060DE
__ptext75                                  text75       004198
__ptext76                                  text76       005C86
__ptext77                                  text77       005FFE
__ptext78                                  text78       005902
__ptext79                                  text79       005562
__ptext8                                   text8        0060CA
__ptext80                                  text80       00358C
__ptext81                                  text81       0055DA
__ptext82                                  text82       004E8C
__ptext83                                  text83       003238
__ptext84                                  text84       006080
__ptext85                                  text85       004BA8
__ptext86                                  text86       00445C
__ptext87                                  text87       0060E0
__ptext89                                  text89       004372
__ptext9                                   text9        005BEA
__ptext90                                  text90       005DD0
__ptext91                                  text91       00596A
__ptext92                                  text92       005652
__ptext93                                  text93       00372C
__ptext94                                  text94       0053F8
__ptext95                                  text95       004F3C
__ptext96                                  text96       0033E4
__ptext97                                  text97       006096
__ptext98                                  text98       004544
__ptext99                                  text99       004D22
__ramtop                                   ramtop       000F00
__smallconst                               smallconst   000000
_blinkState                                bssBANK0     0000CA
_blinkTime                                 bssCOMRAM    00003B
_canDiagnostics                            bssBANK1     00019C
_canEsdData                                text30       006026
_canFactoryReset                           text61       00604C
_canFillRxFifo                             text83       003238
_canGetDiagnostic                          text24       005C3A
_canId                                     bssBANK0     0000C9
_canIsr                                    text76       005C86
_canIsr$intlevel1                          text76       005C90
_canPowerUp                                text5        002EAE
_canPri                                    mediumconst  00FFCD
_canProcessMessage                         text17       00462A
_canReceiveMessage                         text34       002878
_canSendMessage                            text43       002CD2
_canService                                mediumconst  00FFE8
_canTransmitFailed                         bssCOMRAM    000040
_canTransmitTimeout                        bssCOMRAM    000037
_canTransport                              mediumconst  00FFFA
_canTxError                                text79       005562
_checkCANTimeout                           text78       005902
_checkPowerOnPb                            text51       004C66
_checkTxFifo                               text80       00358C
_configs                                   mediumconst  00FF8D
_digitalWrite                              text49       002AB6
_enumerationResults                        bssBANK1     000140
_enumerationStartTime                      bssBANK0     0000A8
_enumerationState                          bssBANK0     0000C8
_eraseFlashBlock                           text67       005898
_factoryReset                              text60       003D98
_findServiceIndex                          text29       0052E6
_flashBlock                                bssBANK0     0000B2
_flashBuffer                               bssBANK1     000100
_flashCounter                              bssBANK0     0000AE
_flashFlags                                bssBANK0     0000BF
_flashFlushTime                            bssBANK1     000150
_flushFlashBlock                           text66       004AEA
_getBufferPointer                          text40       004A2C
_getNextWriteMessage                       text86       00445C
_getParameter                              text26       003C74
_getParameterFlags                         text27       005378
_handleSelfEnumeration                     text39       0038A6
_have                                      text28       005254
_heartbeatSequence                         bssBANK0     0000C0
_heartbeatTimer                            bssCOMRAM    000033
_highIsr                                   text89       004372
_initRomOps                                text50       0060AC
_initTicker                                text9        005BEA
_initTimedResponse                         text8        0060CA
_isrHigh                                   mainSec      004308
_isrLow                                    mainSec      004286
_last_mode_flags                           bssBANK0     0000C2
_last_mode_state                           bssBANK0     0000C4
_ledState                                  bssBANK0     0000B0
_ledTimer                                  bssCOMRAM    00002B
_leds_poll                                 text55       002174
_leds_powerUp                              text7        005EAE
_loadFlashBlock                            text65       005B44
_loop                                      text48       005740
_lowIsr                                    text75       004198
_main                                      text0        005A90
_memcpy                                    text38       005B98
_mnsDiagnostics                            bssBANK0     0000CB
_mnsFactoryReset                           text62       0057B6
_mnsGetDiagnostic                          text25       005CCC
_mnsLowIsr                                 text77       005FFE
_mnsPoll                                   text31       001D88
_mnsPowerUp                                text6        003B36
_mnsProcessMessage                         text18       000850
_mnsService                                mediumconst  00FFD6
_mnsTRallDiagnosticsCallback               text14       003E9C
_mnsTRrqnpnCallback                        text15       005E0C
_mnsTRserviceDiscoveryCallback             text16       005090
_mode_flags                                bssBANK0     0000C3
_mode_state                                bssBANK0     0000C5
_name                                      _name_text   000848
_name_absaddr                              (abs)        000848
_nn                                        bssBANK0     0000B6
_pbDownTimer                               text54       0047D6
_pbTimer                                   bssBANK0     0000A4
_pbUpTimer                                 text53       00470A
_pinMode                                   text3        0014DE
_poll                                      text12       001974
_pollTimedResponse                         text13       004968
_pop                                       text37       004DDC
_powerUp                                   text4        00409C
_previousNN                                bssBANK0     0000B4
_priorities                                mediumconst  00FE8D
_processEnumeration                        text35       003088
_push                                      text45       002508
_quantity                                  text44       005E44
_readNVM                                   text10       0056CA
_rxBuffers                                 bssBIGRAM    00020B
_rxQueue                                   bssCOMRAM    000046
_sendMessage                               text42       00512A
_sendMessage2                              text33       005F9E
_sendMessage3                              text23       005F6E
_sendMessage4                              text22       005F3E
_sendMessage5                              text41       005FCE
_sendMessage6                              text21       005F0E
_sendMessage7                              text20       005EDE
_services                                  mediumconst  00FFD2
_setLEDsByMode                             text32       005D94
_setNewCanId                               text36       005472
_setTimedResponseDelay                     text2        0060C0
_setup                                     text1        005D52
_setupModePreviousMode                     bssBANK0     0000C1
_showStatus                                text52       0039F0
_startTimedResponse                        text19       0059D0
_tickGet                                   text56       0054EA
_timedResponseAllServicesFlag              bssBANK0     0000BD
_timedResponseCallback                     bssBANK0     0000AC
_timedResponseDelay                        bssBANK0     0000BA
_timedResponseServiceIndex                 bssBANK0     0000BE
_timedResponseStep                         bssBANK0     0000BB
_timedResponseTime                         bssCOMRAM    000027
_timedResponseType                         bssBANK0     0000BC
_timerExtension1                           bssBANK0     0000C7
_timerExtension2                           bssBANK0     0000C6
_tmpMessage                                bssBANK1     0001BC
_transport                                 bssBANK0     0000B8
_txBuffers                                 bssBANK1     000154
_txQueue                                   bssCOMRAM    000041
_updateModuleErrorStatus                   text70       00606A
_uptimeTimer                               bssCOMRAM    00002F
_writeNVM                                  text63       005A32
btemp                                      temp         00004B
canEsdData@id                              cstackBANK0  000089
canFillRxFifo@m                            cstackBANK0  00006C
canFillRxFifo@ptr                          cstackBANK0  00006E
canGetDiagnostic@index                     cstackBANK0  00008D
canPowerUp@temp                            cstackBANK0  000094
canProcessMessage@m                        cstackBANK1  0001D0
canReceiveMessage@m                        cstackBANK0  0000A2
canReceiveMessage@messageAvailable         cstackBANK1  0001C6
canReceiveMessage@mp                       cstackBANK1  0001C7
canReceiveMessage@p                        cstackBANK1  0001C9
canSendMessage@mp                          cstackBANK0  000095
checkPowerOnPb@i                           cstackBANK1  0001C6
checkTxFifo@mp                             cstackBANK0  00006F
digitalWrite@channel                       cstackBANK0  00008C
digitalWrite@value                         cstackBANK0  000089
end_of_initialization                      cinit        005D48
eraseFlashBlock@interruptEnabled           cstackBANK0  000089
factoryReset@i                             cstackBANK0  00009E
findServiceIndex@i                         cstackBANK0  00008C
findServiceIndex@serviceType               cstackBANK0  00008B
flushFlashBlock@i                          cstackBANK0  00008B
flushFlashBlock@interruptEnabled           cstackBANK0  00008A
getBufferPointer@b                         cstackBANK0  00008B
getNextWriteMessage@q                      cstackBANK0  000060
getNextWriteMessage@wr                     cstackBANK0  00006B
getParameter@idx                           cstackBANK0  00008E
getParameterFlags@flags                    cstackBANK0  00008D
handleSelfEnumeration@incomingCanId        cstackBANK0  000099
handleSelfEnumeration@p                    cstackBANK0  000093
have@i                                     cstackBANK0  00008C
have@id                                    cstackBANK0  00008B
highIsr@i                                  cstackCOMRAM 00001A
i1_getBufferPointer                        text85       004BA8
i1_pop                                     text82       004E8C
i1_tickGet                                 text81       0055DA
i1_updateModuleErrorStatus                 text84       006080
i1getBufferPointer@b                       cstackBANK0  000062
i1pop@q                                    cstackBANK0  000060
i1pop@ret                                  cstackBANK0  000067
i1tickGet@IntFlag1                         cstackBANK0  000065
i1tickGet@IntFlag2                         cstackBANK0  000064
i1tickGet@currentTime                      cstackBANK0  000066
i2_canFillRxFifo                           text96       0033E4
i2_canIsr                                  text90       005DD0
i2_canTxError                              text92       005652
i2_checkCANTimeout                         text91       00596A
i2_checkTxFifo                             text93       00372C
i2_getBufferPointer                        text99       004D22
i2_getNextWriteMessage                     text98       004544
i2_pop                                     text95       004F3C
i2_tickGet                                 text94       0053F8
i2_updateModuleErrorStatus                 text97       006096
i2canFillRxFifo@m                          cstackCOMRAM 00000D
i2canFillRxFifo@ptr                        cstackCOMRAM 00000F
i2checkTxFifo@mp                           cstackCOMRAM 000010
i2getBufferPointer@b                       cstackCOMRAM 000003
i2getNextWriteMessage@q                    cstackCOMRAM 000001
i2getNextWriteMessage@wr                   cstackCOMRAM 00000C
i2pop@q                                    cstackCOMRAM 000001
i2pop@ret                                  cstackCOMRAM 000008
i2tickGet@IntFlag1                         cstackCOMRAM 000006
i2tickGet@IntFlag2                         cstackCOMRAM 000005
i2tickGet@currentTime                      cstackCOMRAM 000007
initTicker@divider                         cstackBANK0  00008A
initTicker@i                               cstackBANK0  00008B
initTicker@priority                        cstackBANK0  000089
int$flags                                  temp         00004B
intlevel0                                  text         000000
intlevel1                                  text         000000
intlevel2                                  text         000000
intlevel3                                  text         000000
isa$std                                    (abs)        000001
isa$xinst                                  (abs)        000000
loadFlashBlock@i                           cstackBANK0  000089
lowIsr@i                                   cstackBANK0  000079
memcpy@d                                   cstackBANK0  000090
memcpy@d1                                  cstackBANK0  000089
memcpy@n                                   cstackBANK0  00008D
memcpy@s                                   cstackBANK0  000092
memcpy@s1                                  cstackBANK0  00008B
memcpy@tmp                                 cstackBANK0  00008F
mnsGetDiagnostic@index                     cstackBANK0  00008C
mnsPowerUp@i                               cstackBANK0  000093
mnsPowerUp@temp                            cstackBANK0  000094
mnsProcessMessage@d                        cstackBANK1  0001F1
mnsProcessMessage@i                        cstackBANK1  0001F0
mnsProcessMessage@m                        cstackBANK1  0001D0
mnsProcessMessage@newMode                  cstackBANK1  0001F3
mnsTRallDiagnosticsCallback@d              cstackBANK1  0001D5
mnsTRallDiagnosticsCallback@serviceIndex   cstackBANK1  0001CF
mnsTRallDiagnosticsCallback@step           cstackBANK1  0001D0
mnsTRrqnpnCallback@step                    cstackBANK1  0001D0
mnsTRserviceDiscoveryCallback@serviceIndex cstackBANK1  0001CF
mnsTRserviceDiscoveryCallback@step         cstackBANK1  0001D0
pbDownTimer@timeout                        cstackBANK1  0001C5
pbUpTimer@timeout                          cstackBANK1  0001C5
pinMode@channel                            cstackBANK0  00008C
pinMode@mode                               cstackBANK0  000089
poll@handled                               cstackBANK2  000200
poll@i                                     cstackBANK2  000201
poll@m                                     cstackBANK2  000202
pollTimedResponse@result                   cstackBANK1  0001D9
pop@q                                      cstackBANK0  000089
pop@ret                                    cstackBANK0  000090
powerUp@i                                  cstackBANK0  00009A
processEnumeration@enumResult              cstackBANK0  00009F
processEnumeration@i                       cstackBANK0  0000A1
processEnumeration@newCanId                cstackBANK0  0000A0
push@m                                     cstackBANK0  00008A
push@q                                     cstackBANK0  000089
quantity@q                                 cstackBANK0  000089
readNVM@index                              cstackBANK0  00008D
readNVM@type                               cstackBANK0  000092
sendMessage2@data1                         cstackBANK1  0001C8
sendMessage2@data2                         cstackBANK1  0001C9
sendMessage2@opc                           cstackBANK1  0001CA
sendMessage3@data1                         cstackBANK1  0001C8
sendMessage3@data2                         cstackBANK1  0001C9
sendMessage3@data3                         cstackBANK1  0001CA
sendMessage3@opc                           cstackBANK1  0001CB
sendMessage4@data1                         cstackBANK1  0001C8
sendMessage4@data2                         cstackBANK1  0001C9
sendMessage4@data3                         cstackBANK1  0001CA
sendMessage4@data4                         cstackBANK1  0001CB
sendMessage4@opc                           cstackBANK1  0001CC
sendMessage5@data1                         cstackBANK1  0001C8
sendMessage5@data2                         cstackBANK1  0001C9
sendMessage5@data3                         cstackBANK1  0001CA
sendMessage5@data4                         cstackBANK1  0001CB
sendMessage5@data5                         cstackBANK1  0001CC
sendMessage5@opc                           cstackBANK1  0001CD
sendMessage6@data1                         cstackBANK1  0001C8
sendMessage6@data2                         cstackBANK1  0001C9
sendMessage6@data3                         cstackBANK1  0001CA
sendMessage6@data4                         cstackBANK1  0001CB
sendMessage6@data5                         cstackBANK1  0001CC
sendMessage6@data6                         cstackBANK1  0001CD
sendMessage6@opc                           cstackBANK1  0001CE
sendMessage7@data1                         cstackBANK1  0001C8
sendMessage7@data2                         cstackBANK1  0001C9
sendMessage7@data3                         cstackBANK1  0001CA
sendMessage7@data4                         cstackBANK1  0001CB
sendMessage7@data5                         cstackBANK1  0001CC
sendMessage7@data6                         cstackBANK1  0001CD
sendMessage7@data7                         cstackBANK1  0001CE
sendMessage7@opc                           cstackBANK1  0001CF
sendMessage@data1                          cstackBANK0  00009D
sendMessage@data2                          cstackBANK0  00009E
sendMessage@data3                          cstackBANK0  00009F
sendMessage@data4                          cstackBANK0  0000A0
sendMessage@data5                          cstackBANK0  0000A1
sendMessage@data6                          cstackBANK0  0000A2
sendMessage@data7                          cstackBANK0  0000A3
sendMessage@len                            cstackBANK0  00009C
sendMessage@opc                            cstackBANK1  0001C7
setNewCanId@newCanId                       cstackBANK0  00009A
setTimedResponseDelay@delay                cstackBANK0  000089
showStatus@s                               cstackBANK0  00008B
stackhi                                    (abs)        000000
stacklo                                    (abs)        000000
start                                      init         00001C
startTimedResponse@callback                cstackBANK0  00008E
startTimedResponse@serviceIndex            cstackBANK0  00008D
startTimedResponse@type                    cstackBANK0  000090
start_initialization                       cinit        005D10
tickGet@IntFlag1                           cstackBANK0  00008E
tickGet@IntFlag2                           cstackBANK0  00008D
tickGet@currentTime                        cstackBANK0  00008F
ttemp5                                     temp         00004C
ttemp6                                     temp         00004F
ttemp7                                     temp         000053
writeNVM@index                             cstackBANK0  000093
writeNVM@type                              cstackBANK0  000099
writeNVM@value                             cstackBANK0  000096
wtemp8                                     temp         00004C


MODULE INFORMATION

Module		Function		Class		Link	Load	Size
C:\Program Files\Microchip\xc8\v2.46\pic\sources\c99\common\awdiv.c
		___awdiv       		CODE           	48A2	0000	198

C:\Program Files\Microchip\xc8\v2.46\pic\sources\c99\common\awdiv.c estimated size: 198

../../VLCBlib_PIC/can18_ecan.c
		_checkCANTimeout		CODE           	5902	0000	104
		_canFactoryReset		CODE           	604C	0000	30
		_canReceiveMessage		CODE           	2878	0000	574
		_checkTxFifo   		CODE           	358C	0000	416
		_canIsr        		CODE           	5C86	0000	70
		_canGetDiagnostic		CODE           	5C3A	0000	76
		_canPowerUp    		CODE           	2EAE	0000	474
		_canSendMessage		CODE           	2CD2	0000	476
		_getBufferPointer		CODE           	4A2C	0000	190
		_setNewCanId   		CODE           	5472	0000	120
		_canFillRxFifo 		CODE           	3238	0000	428
		_handleSelfEnumeration		CODE           	38A6	0000	330
		_processEnumeration		CODE           	3088	0000	432
		_canEsdData    		CODE           	6026	0000	38
		_canProcessMessage		CODE           	462A	0000	224
		_canTxError    		CODE           	5562	0000	120

../../VLCBlib_PIC/can18_ecan.c estimated size: 4102

../../VLCBlib_PIC/messageQueue.c
		_getNextWriteMessage		CODE           	445C	0000	232
		_quantity      		CODE           	5E44	0000	56
		_pop           		CODE           	4DDC	0000	176
		_push          		CODE           	2508	0000	880

../../VLCBlib_PIC/messageQueue.c estimated size: 1344

../../VLCBlib_PIC/ticktime.c
		_initTicker    		CODE           	5BEA	0000	80
		_tickGet       		CODE           	54EA	0000	120

../../VLCBlib_PIC/ticktime.c estimated size: 200

shared
		i2_checkTxFifo 		CODE           	372C	0000	378
		i2_canFillRxFifo		CODE           	33E4	0000	424
		_services      		MEDIUMCONST    	FFD2	0000	4
		i2_getNextWriteMessage		CODE           	4544	0000	230
		i1_pop         		CODE           	4E8C	0000	176
		i2_pop         		CODE           	4F3C	0000	174
		_priorities    		MEDIUMCONST    	FE8D	0000	256
		i2_checkCANTimeout		CODE           	596A	0000	102
		i1_tickGet     		CODE           	55DA	0000	120
		i2_tickGet     		CODE           	53F8	0000	122
		i2_canIsr      		CODE           	5DD0	0000	60
		_mnsService    		MEDIUMCONST    	FFD6	0000	18
		__initialization		CODE           	5D10	0000	56
		_canPri        		MEDIUMCONST    	FFCD	0000	5
		i1_updateModuleErrorStatus		CODE           	6080	0000	22
		i2_updateModuleErrorStatus		CODE           	6096	0000	22
		_configs       		MEDIUMCONST    	FF8D	0000	64
		i1_getBufferPointer		CODE           	4BA8	0000	190
		i2_getBufferPointer		CODE           	4D22	0000	186
		_name          		CODE           	0848	0000	8
		i2_canTxError  		CODE           	5652	0000	120
		_canService    		MEDIUMCONST    	FFE8	0000	18
		_canTransport  		MEDIUMCONST    	FFFA	0000	4

shared estimated size: 2759

C:\Program Files\Microchip\xc8\v2.46\pic\sources\c99\common\__lldiv.c
		___lldiv       		CODE           	4FEA	0000	166

C:\Program Files\Microchip\xc8\v2.46\pic\sources\c99\common\__lldiv.c estimated size: 166

../../VLCBlib_PIC/statusLeds2.c
		_showStatus    		CODE           	39F0	0000	326
		_leds_poll     		CODE           	2174	0000	916
		_leds_powerUp  		CODE           	5EAE	0000	48

../../VLCBlib_PIC/statusLeds2.c estimated size: 1290

../../VLCBlib_PIC/mns.c
		_getParameterFlags		CODE           	5378	0000	128
		_mnsTRrqnpnCallback		CODE           	5E0C	0000	56
		_mnsLowIsr     		CODE           	5FFE	0000	40
		_setLEDsByMode 		CODE           	5D94	0000	60
		_mnsProcessMessage		CODE           	0850	0000	3214
		_mnsTRserviceDiscoveryCallback		CODE           	5090	0000	154
		_mnsFactoryReset		CODE           	57B6	0000	118
		_mnsGetDiagnostic		CODE           	5CCC	0000	68
		_updateModuleErrorStatus		CODE           	606A	0000	22
		_mnsTRallDiagnosticsCallback		CODE           	3E9C	0000	258
		_getParameter  		CODE           	3C74	0000	292
		_mnsPowerUp    		CODE           	3B36	0000	318
		_mnsPoll       		CODE           	1D88	0000	1004

../../VLCBlib_PIC/mns.c estimated size: 5732

../../VLCBlib_PIC/vlcb.c
		_lowIsr        		CODE           	4198	0000	238
		_have          		CODE           	5254	0000	146
		_factoryReset  		CODE           	3D98	0000	260
		_isrLow        		CODE           	4286	0000	130
		_pbUpTimer     		CODE           	470A	0000	204
		_main          		CODE           	5A90	0000	92
		_highIsr       		CODE           	4372	0000	234
		_powerUp       		CODE           	409C	0000	252
		_findServiceIndex		CODE           	52E6	0000	146
		_setTimedResponseDelay		CODE           	60C0	0000	10
		_poll          		CODE           	1974	0000	1044
		_checkPowerOnPb		CODE           	4C66	0000	188
		_isrHigh       		CODE           	4308	0000	106
		_sendMessage   		CODE           	512A	0000	150
		_sendMessage2  		CODE           	5F9E	0000	48
		_sendMessage3  		CODE           	5F6E	0000	48
		_sendMessage4  		CODE           	5F3E	0000	48
		_sendMessage5  		CODE           	5FCE	0000	48
		_sendMessage6  		CODE           	5F0E	0000	48
		_sendMessage7  		CODE           	5EDE	0000	48
		_pbDownTimer   		CODE           	47D6	0000	204

../../VLCBlib_PIC/vlcb.c estimated size: 3692

C:\Program Files\Microchip\xc8\v2.46\pic\sources\c99\common\memcpy.c
		_memcpy        		CODE           	5B98	0000	82

C:\Program Files\Microchip\xc8\v2.46\pic\sources\c99\common\memcpy.c estimated size: 82

main.c
		_loop          		CODE           	5740	0000	118
		_APP_isSuitableTimeToWriteFlash		CODE           	60D8	0000	4
		_APP_preProcessMessage		CODE           	60D0	0000	4
		_APP_factoryReset		CODE           	60DC	0000	2
		_APP_lowIsr    		CODE           	60E0	0000	2
		_setup         		CODE           	5D52	0000	66
		_APP_testMode  		CODE           	60DE	0000	2
		_APP_postProcessMessage		CODE           	60D4	0000	4
		_APP_highIsr   		CODE           	60E2	0000	2

main.c estimated size: 204

../../VLCBlib_PIC/timedResponse.c
		_pollTimedResponse		CODE           	4968	0000	196
		_startTimedResponse		CODE           	59D0	0000	98
		_initTimedResponse		CODE           	60CA	0000	6

../../VLCBlib_PIC/timedResponse.c estimated size: 300

../../VLCBlib_PIC/arduino.c
		_digitalWrite  		CODE           	2AB6	0000	540
		_pinMode       		CODE           	14DE	0000	1174

../../VLCBlib_PIC/arduino.c estimated size: 1714

C:\Program Files\Microchip\xc8\v2.46\pic\sources\c99\common\Umul32.c
		___lmul        		CODE           	582C	0000	108

C:\Program Files\Microchip\xc8\v2.46\pic\sources\c99\common\Umul32.c estimated size: 108

../../VLCBlib_PIC/nvm.c
		_readNVM       		CODE           	56CA	0000	118
		_flushFlashBlock		CODE           	4AEA	0000	190
		_EEPROM_Read   		CODE           	5E7C	0000	50
		_EEPROM_Write  		CODE           	51C0	0000	148
		_FLASH_Write   		CODE           	3F9E	0000	254
		_initRomOps    		CODE           	60AC	0000	20
		_loadFlashBlock		CODE           	5B44	0000	84
		_writeNVM      		CODE           	5A32	0000	94
		_FLASH_Read    		CODE           	5AEC	0000	88
		_eraseFlashBlock		CODE           	5898	0000	106

../../VLCBlib_PIC/nvm.c estimated size: 1152

